Archive member included because of file (symbol)

/usr/lib/gcc/avr/4.9.2/avr35/libgcc.a(_mulhi3.o)
                              ../lufa-LUFA-140928/LUFA/Drivers/USB/Class/Common/HIDParser.o (__mulhi3)
/usr/lib/gcc/avr/4.9.2/avr35/libgcc.a(_exit.o)
                              /usr/lib/gcc/avr/4.9.2/../../../../avr/lib/avr35/crtm8u2.o (exit)
/usr/lib/gcc/avr/4.9.2/avr35/libgcc.a(_copy_data.o)
                              VirtualSerial.o (__do_copy_data)
/usr/lib/gcc/avr/4.9.2/avr35/libgcc.a(_clear_bss.o)
                              VirtualSerial.o (__do_clear_bss)
/usr/lib/gcc/avr/4.9.2/../../../../avr/lib/avr35/libc.a(memcpy_P.o)
                              ../lufa-LUFA-140928/LUFA/Drivers/USB/Class/Device/RNDISClassDevice.o (memcpy_P)
/usr/lib/gcc/avr/4.9.2/../../../../avr/lib/avr35/libc.a(memcmp.o)
                              ../lufa-LUFA-140928/LUFA/Drivers/USB/Class/Device/HIDClassDevice.o (memcmp)
/usr/lib/gcc/avr/4.9.2/../../../../avr/lib/avr35/libc.a(memcpy.o)
                              ../lufa-LUFA-140928/LUFA/Drivers/USB/Class/Device/HIDClassDevice.o (memcpy)
/usr/lib/gcc/avr/4.9.2/../../../../avr/lib/avr35/libc.a(memset.o)
                              ../lufa-LUFA-140928/LUFA/Drivers/USB/Class/Device/HIDClassDevice.o (memset)
/usr/lib/gcc/avr/4.9.2/../../../../avr/lib/avr35/libc.a(eerd_byte_atmega8u2.o)
                              ../lufa-LUFA-140928/LUFA/Drivers/USB/Core/AVR8/EndpointStream_AVR8.o (__eerd_byte_m8u2)
/usr/lib/gcc/avr/4.9.2/../../../../avr/lib/avr35/libc.a(eeupd_byte_atmega8u2.o)
                              ../lufa-LUFA-140928/LUFA/Drivers/USB/Core/AVR8/EndpointStream_AVR8.o (__eeupd_byte_m8u2)

Allocating common symbols
Common symbol       size              file

USB_IsInitialized   0x1               ../lufa-LUFA-140928/LUFA/Drivers/USB/Core/USBTask.o
USB_DeviceState     0x1               ../lufa-LUFA-140928/LUFA/Drivers/USB/Core/USBTask.o
USB_Device_ConfigurationNumber
                    0x1               ../lufa-LUFA-140928/LUFA/Drivers/USB/Core/DeviceStandardReq.o
USB_Device_CurrentlySelfPowered
                    0x1               ../lufa-LUFA-140928/LUFA/Drivers/USB/Core/DeviceStandardReq.o
USB_ControlRequest  0x8               ../lufa-LUFA-140928/LUFA/Drivers/USB/Core/USBTask.o
USB_Device_RemoteWakeupEnabled
                    0x1               ../lufa-LUFA-140928/LUFA/Drivers/USB/Core/DeviceStandardReq.o

Discarded input sections

 .bss           0x0000000000000000        0x0 /usr/lib/gcc/avr/4.9.2/../../../../avr/lib/avr35/crtm8u2.o
 .text          0x0000000000000000        0x0 VirtualSerial.o
 .text.LED_all_color
                0x0000000000000000       0x1c VirtualSerial.o
 .text          0x0000000000000000        0x0 Descriptors.o
 .bss           0x0000000000000000        0x0 Descriptors.o
 .text          0x0000000000000000        0x0 ../lufa-LUFA-140928/LUFA/Drivers/USB/Class/Common/HIDParser.o
 .bss           0x0000000000000000        0x0 ../lufa-LUFA-140928/LUFA/Drivers/USB/Class/Common/HIDParser.o
 .text.USB_ProcessHIDReport
                0x0000000000000000      0x73e ../lufa-LUFA-140928/LUFA/Drivers/USB/Class/Common/HIDParser.o
 .text.USB_GetHIDReportItemInfo
                0x0000000000000000       0xbc ../lufa-LUFA-140928/LUFA/Drivers/USB/Class/Common/HIDParser.o
 .text.USB_SetHIDReportItemInfo
                0x0000000000000000       0xec ../lufa-LUFA-140928/LUFA/Drivers/USB/Class/Common/HIDParser.o
 .text.USB_GetHIDReportSize
                0x0000000000000000       0x62 ../lufa-LUFA-140928/LUFA/Drivers/USB/Class/Common/HIDParser.o
 .text          0x0000000000000000        0x0 ../lufa-LUFA-140928/LUFA/Drivers/USB/Core/AVR8/Device_AVR8.o
 .bss           0x0000000000000000        0x0 ../lufa-LUFA-140928/LUFA/Drivers/USB/Core/AVR8/Device_AVR8.o
 .text.USB_Device_SendRemoteWakeup
                0x0000000000000000       0x2c ../lufa-LUFA-140928/LUFA/Drivers/USB/Core/AVR8/Device_AVR8.o
 .text          0x0000000000000000        0x0 ../lufa-LUFA-140928/LUFA/Drivers/USB/Core/AVR8/EndpointStream_AVR8.o
 .bss           0x0000000000000000        0x0 ../lufa-LUFA-140928/LUFA/Drivers/USB/Core/AVR8/EndpointStream_AVR8.o
 .text.Endpoint_Discard_Stream
                0x0000000000000000       0x7e ../lufa-LUFA-140928/LUFA/Drivers/USB/Core/AVR8/EndpointStream_AVR8.o
 .text.Endpoint_Null_Stream
                0x0000000000000000       0x7e ../lufa-LUFA-140928/LUFA/Drivers/USB/Core/AVR8/EndpointStream_AVR8.o
 .text.Endpoint_Write_Stream_LE
                0x0000000000000000       0x92 ../lufa-LUFA-140928/LUFA/Drivers/USB/Core/AVR8/EndpointStream_AVR8.o
 .text.Endpoint_Write_Stream_BE
                0x0000000000000000       0xa0 ../lufa-LUFA-140928/LUFA/Drivers/USB/Core/AVR8/EndpointStream_AVR8.o
 .text.Endpoint_Read_Stream_LE
                0x0000000000000000       0x92 ../lufa-LUFA-140928/LUFA/Drivers/USB/Core/AVR8/EndpointStream_AVR8.o
 .text.Endpoint_Read_Stream_BE
[...]
Memory Configuration

Name             Origin             Length             Attributes
text             0x0000000000000000 0x0000000000010000 xr
data             0x0000000000800060 0x000000000000ffa0 rw !x
eeprom           0x0000000000810000 0x0000000000010000 rw !x
fuse             0x0000000000820000 0x0000000000000400 rw !x
lock             0x0000000000830000 0x0000000000000400 rw !x
signature        0x0000000000840000 0x0000000000000400 rw !x
*default*        0x0000000000000000 0xffffffffffffffff

Linker script and memory map

Address of section .data set to 0x800100
LOAD /usr/lib/gcc/avr/4.9.2/../../../../avr/lib/avr35/crtm8u2.o
LOAD VirtualSerial.o
LOAD Descriptors.o
LOAD ../lufa-LUFA-140928/LUFA/Drivers/USB/Class/Common/HIDParser.o
LOAD ../lufa-LUFA-140928/LUFA/Drivers/USB/Core/AVR8/Device_AVR8.o
LOAD ../lufa-LUFA-140928/LUFA/Drivers/USB/Core/AVR8/EndpointStream_AVR8.o
LOAD ../lufa-LUFA-140928/LUFA/Drivers/USB/Core/AVR8/Endpoint_AVR8.o
LOAD ../lufa-LUFA-140928/LUFA/Drivers/USB/Core/AVR8/Host_AVR8.o
LOAD ../lufa-LUFA-140928/LUFA/Drivers/USB/Core/AVR8/PipeStream_AVR8.o
LOAD ../lufa-LUFA-140928/LUFA/Drivers/USB/Core/AVR8/Pipe_AVR8.o
LOAD ../lufa-LUFA-140928/LUFA/Drivers/USB/Core/AVR8/USBController_AVR8.o
LOAD ../lufa-LUFA-140928/LUFA/Drivers/USB/Core/AVR8/USBInterrupt_AVR8.o
LOAD ../lufa-LUFA-140928/LUFA/Drivers/USB/Core/ConfigDescriptors.o
LOAD ../lufa-LUFA-140928/LUFA/Drivers/USB/Core/DeviceStandardReq.o
LOAD ../lufa-LUFA-140928/LUFA/Drivers/USB/Core/Events.o
LOAD ../lufa-LUFA-140928/LUFA/Drivers/USB/Core/HostStandardReq.o
LOAD ../lufa-LUFA-140928/LUFA/Drivers/USB/Core/USBTask.o
LOAD ../lufa-LUFA-140928/LUFA/Drivers/USB/Class/Device/AudioClassDevice.o
LOAD ../lufa-LUFA-140928/LUFA/Drivers/USB/Class/Device/CDCClassDevice.o
LOAD ../lufa-LUFA-140928/LUFA/Drivers/USB/Class/Device/HIDClassDevice.o
LOAD ../lufa-LUFA-140928/LUFA/Drivers/USB/Class/Device/MassStorageClassDevice.o
LOAD ../lufa-LUFA-140928/LUFA/Drivers/USB/Class/Device/MIDIClassDevice.o
LOAD ../lufa-LUFA-140928/LUFA/Drivers/USB/Class/Device/PrinterClassDevice.o
LOAD ../lufa-LUFA-140928/LUFA/Drivers/USB/Class/Device/RNDISClassDevice.o
LOAD ../lufa-LUFA-140928/LUFA/Drivers/USB/Class/Host/AndroidAccessoryClassHost.o
LOAD ../lufa-LUFA-140928/LUFA/Drivers/USB/Class/Host/AudioClassHost.o
LOAD ../lufa-LUFA-140928/LUFA/Drivers/USB/Class/Host/CDCClassHost.o
LOAD ../lufa-LUFA-140928/LUFA/Drivers/USB/Class/Host/HIDClassHost.o
LOAD ../lufa-LUFA-140928/LUFA/Drivers/USB/Class/Host/MassStorageClassHost.o
LOAD ../lufa-LUFA-140928/LUFA/Drivers/USB/Class/Host/MIDIClassHost.o
LOAD ../lufa-LUFA-140928/LUFA/Drivers/USB/Class/Host/PrinterClassHost.o
LOAD ../lufa-LUFA-140928/LUFA/Drivers/USB/Class/Host/RNDISClassHost.o
LOAD ../lufa-LUFA-140928/LUFA/Drivers/USB/Class/Host/StillImageClassHost.o
LOAD /usr/lib/gcc/avr/4.9.2/../../../../avr/lib/avr35/libm.a
START GROUP
LOAD /usr/lib/gcc/avr/4.9.2/avr35/libgcc.a
LOAD /usr/lib/gcc/avr/4.9.2/../../../../avr/lib/avr35/libm.a
LOAD /usr/lib/gcc/avr/4.9.2/../../../../avr/lib/avr35/libc.a
END GROUP

.hash
 *(.hash)

.dynsym
 *(.dynsym)

.dynstr
 *(.dynstr)

.gnu.version
 *(.gnu.version)

.gnu.version_d
 *(.gnu.version_d)

.gnu.version_r
 *(.gnu.version_r)

.rel.init
 *(.rel.init)

.rela.init
 *(.rela.init)

.rel.text
 *(.rel.text)
 *(.rel.text.*)
 *(.rel.gnu.linkonce.t*)

.rela.text
 *(.rela.text)
 *(.rela.text.*)
 *(.rela.gnu.linkonce.t*)

.rel.fini
 *(.rel.fini)

.rela.fini
 *(.rela.fini)

.rel.rodata
 *(.rel.rodata)
 *(.rel.rodata.*)
 *(.rel.gnu.linkonce.r*)

.rela.rodata
 *(.rela.rodata)
 *(.rela.rodata.*)
 *(.rela.gnu.linkonce.r*)

.rel.data
 *(.rel.data)
 *(.rel.data.*)
 *(.rel.gnu.linkonce.d*)

.rela.data
 *(.rela.data)
 *(.rela.data.*)
 *(.rela.gnu.linkonce.d*)

.rel.ctors
 *(.rel.ctors)

.rela.ctors
 *(.rela.ctors)

.rel.dtors
 *(.rel.dtors)

.rela.dtors
 *(.rela.dtors)

.rel.got
 *(.rel.got)

.rela.got
 *(.rela.got)

.rel.bss
 *(.rel.bss)

.rela.bss
 *(.rela.bss)

.rel.plt
 *(.rel.plt)

.rela.plt
 *(.rela.plt)

.text           0x0000000000000000      0xf00
 *(.vectors)
 .vectors       0x0000000000000000       0x74 /usr/lib/gcc/avr/4.9.2/../../../../avr/lib/avr35/crtm8u2.o
                0x0000000000000000                __vectors
                0x0000000000000000                __vector_default
 *(.vectors)
 *(.progmem.gcc*)
                0x0000000000000074                . = ALIGN (0x2)
                0x0000000000000074                __trampolines_start = .
 *(.trampolines)
 .trampolines   0x0000000000000074        0x0 linker stubs
 *(.trampolines*)
                0x0000000000000074                __trampolines_end = .
 *(.progmem*)
 .progmem.data  0x0000000000000074       0xa6 Descriptors.o
                0x0000000000000074                ProductString
                0x0000000000000096                ManufacturerString
                0x00000000000000c6                LanguageString
                0x00000000000000ca                ConfigurationDescriptor
                0x0000000000000108                DeviceDescriptor
                0x000000000000011a                . = ALIGN (0x2)
 *(.jumptables)
 *(.jumptables*)
 *(.lowtext)
 *(.lowtext*)
                0x000000000000011a                __ctors_start = .
 *(.ctors)
                0x000000000000011a                __ctors_end = .
                0x000000000000011a                __dtors_start = .
 *(.dtors)
                0x000000000000011a                __dtors_end = .
 SORT(*)(.ctors)
 SORT(*)(.dtors)
 *(.init0)
 .init0         0x000000000000011a        0x0 /usr/lib/gcc/avr/4.9.2/../../../../avr/lib/avr35/crtm8u2.o
                0x000000000000011a                __init
 *(.init0)
 *(.init1)
 *(.init1)
 *(.init2)
 .init2         0x000000000000011a        0xc /usr/lib/gcc/avr/4.9.2/../../../../avr/lib/avr35/crtm8u2.o
 *(.init2)
 *(.init3)
 *(.init3)
 *(.init4)
 .init4         0x0000000000000126       0x16 /usr/lib/gcc/avr/4.9.2/avr35/libgcc.a(_copy_data.o)
                0x0000000000000126                __do_copy_data
 .init4         0x000000000000013c       0x10 /usr/lib/gcc/avr/4.9.2/avr35/libgcc.a(_clear_bss.o)
                0x000000000000013c                __do_clear_bss
 *(.init4)
 *(.init5)
 *(.init5)
 *(.init6)
 *(.init6)
 *(.init7)
 *(.init7)
 *(.init8)
 *(.init8)
 *(.init9)
 .init9         0x000000000000014c        0x4 /usr/lib/gcc/avr/4.9.2/../../../../avr/lib/avr35/crtm8u2.o
 *(.init9)
 *(.text)
 .text          0x0000000000000150        0x2 /usr/lib/gcc/avr/4.9.2/../../../../avr/lib/avr35/crtm8u2.o
                0x0000000000000150                __vector_22
                0x0000000000000150                __vector_28
                0x0000000000000150                __vector_1
                0x0000000000000150                __vector_24
                0x0000000000000150                __bad_interrupt
                0x0000000000000150                __vector_6
                0x0000000000000150                __vector_3
                0x0000000000000150                __vector_23
                0x0000000000000150                __vector_25
                0x0000000000000150                __vector_13
                0x0000000000000150                __vector_17
                0x0000000000000150                __vector_19
                0x0000000000000150                __vector_7
                0x0000000000000150                __vector_27
                0x0000000000000150                __vector_5
                0x0000000000000150                __vector_4
                0x0000000000000150                __vector_9
                0x0000000000000150                __vector_2
                0x0000000000000150                __vector_15
                0x0000000000000150                __vector_8
                0x0000000000000150                __vector_26
                0x0000000000000150                __vector_14
                0x0000000000000150                __vector_10
                0x0000000000000150                __vector_16
                0x0000000000000150                __vector_18
                0x0000000000000150                __vector_20
                0x0000000000000152                . = ALIGN (0x2)
 *(.text.*)
 .text.LED_init
                0x0000000000000152       0x10 VirtualSerial.o
                0x0000000000000152                LED_init
 .text.LED_on   0x0000000000000162       0x60 VirtualSerial.o
                0x0000000000000162                LED_on
 .text.LED_off  0x00000000000001c2       0x28 VirtualSerial.o
                0x00000000000001c2                LED_off
 .text.LED_all_off
                0x00000000000001ea       0x10 VirtualSerial.o
                0x00000000000001ea                LED_all_off
 .text.LED_all_toggle
                0x00000000000001fa       0x12 VirtualSerial.o
                0x00000000000001fa                LED_all_toggle
 .text.switches_init
                0x000000000000020c        0xe VirtualSerial.o
                0x000000000000020c                switches_init
 .text.probe_off
                0x000000000000021a       0x3c VirtualSerial.o
                0x000000000000021a                probe_off
 .text.all_probes_off
                0x0000000000000256       0x12 VirtualSerial.o
                0x0000000000000256                all_probes_off
 .text.deactivate_old_probe
                0x0000000000000268       0x24 VirtualSerial.o
                0x0000000000000268                deactivate_old_probe
 .text.connect  0x000000000000028c       0xc6 VirtualSerial.o
                0x000000000000028c                connect
 .text.function_lookup
                0x0000000000000352       0x74 VirtualSerial.o
                0x0000000000000352                function_lookup
 .text.tcnt0_init
                0x00000000000003c6        0xc VirtualSerial.o
                0x00000000000003c6                tcnt0_init
 .text.SetupHardware
                0x00000000000003d2       0x30 VirtualSerial.o
                0x00000000000003d2                SetupHardware
 .text.__vector_21
                0x0000000000000402       0x54 VirtualSerial.o
                0x0000000000000402                __vector_21
 .text.status_leds
                0x0000000000000456       0x72 VirtualSerial.o
                0x0000000000000456                status_leds
 .text.startup.main
                0x00000000000004c8       0x38 VirtualSerial.o
                0x00000000000004c8                main
 .text.CALLBACK_USB_GetDescriptor
                0x0000000000000500       0x64 Descriptors.o
                0x0000000000000500                CALLBACK_USB_GetDescriptor
 .text.Endpoint_Write_Control_Stream_LE
                0x0000000000000564       0xc6 ../lufa-LUFA-140928/LUFA/Drivers/USB/Core/AVR8/EndpointStream_AVR8.o
                0x0000000000000564                Endpoint_Write_Control_Stream_LE
 .text.Endpoint_Write_Control_PStream_LE
                0x000000000000062a       0xc8 ../lufa-LUFA-140928/LUFA/Drivers/USB/Core/AVR8/EndpointStream_AVR8.o
                0x000000000000062a                Endpoint_Write_Control_PStream_LE
 .text.Endpoint_ConfigureEndpoint_Prv
                0x00000000000006f2       0x6a ../lufa-LUFA-140928/LUFA/Drivers/USB/Core/AVR8/Endpoint_AVR8.o
                0x00000000000006f2                Endpoint_ConfigureEndpoint_Prv
 .text.Endpoint_ClearStatusStage
                0x000000000000075c       0x42 ../lufa-LUFA-140928/LUFA/Drivers/USB/Core/AVR8/Endpoint_AVR8.o
                0x000000000000075c                Endpoint_ClearStatusStage
 .text.Endpoint_WaitUntilReady
                0x000000000000079e       0x60 ../lufa-LUFA-140928/LUFA/Drivers/USB/Core/AVR8/Endpoint_AVR8.o
                0x000000000000079e                Endpoint_WaitUntilReady
 .text.USB_ResetInterface
                0x00000000000007fe       0x72 ../lufa-LUFA-140928/LUFA/Drivers/USB/Core/AVR8/USBController_AVR8.o
                0x00000000000007fe                USB_ResetInterface
 .text.USB_Init
                0x0000000000000870       0x12 ../lufa-LUFA-140928/LUFA/Drivers/USB/Core/AVR8/USBController_AVR8.o
                0x0000000000000870                USB_Init
 .text.USB_INT_DisableAllInterrupts
                0x0000000000000882        0x6 ../lufa-LUFA-140928/LUFA/Drivers/USB/Core/AVR8/USBInterrupt_AVR8.o
                0x0000000000000882                USB_INT_DisableAllInterrupts
 .text.USB_INT_ClearAllInterrupts
                0x0000000000000888        0x6 ../lufa-LUFA-140928/LUFA/Drivers/USB/Core/AVR8/USBInterrupt_AVR8.o
                0x0000000000000888                USB_INT_ClearAllInterrupts
 .text.__vector_11
                0x000000000000088e      0x152 ../lufa-LUFA-140928/LUFA/Drivers/USB/Core/AVR8/USBInterrupt_AVR8.o
                0x000000000000088e                __vector_11
 .text.__vector_12
                0x00000000000009e0       0x76 ../lufa-LUFA-140928/LUFA/Drivers/USB/Core/AVR8/USBInterrupt_AVR8.o
                0x00000000000009e0                __vector_12
 .text.USB_Device_ProcessControlRequest
                0x0000000000000a56      0x2a2 ../lufa-LUFA-140928/LUFA/Drivers/USB/Core/DeviceStandardReq.o
                0x0000000000000a56                USB_Device_ProcessControlRequest
 .text.USB_Event_Stub
                0x0000000000000cf8        0x2 ../lufa-LUFA-140928/LUFA/Drivers/USB/Core/Events.o
                0x0000000000000cf8                EVENT_USB_Device_ConfigurationChanged
                0x0000000000000cf8                EVENT_USB_Device_Connect
                0x0000000000000cf8                EVENT_USB_Device_WakeUp
                0x0000000000000cf8                USB_Event_Stub
                0x0000000000000cf8                EVENT_USB_Device_Suspend
                0x0000000000000cf8                EVENT_USB_Device_StartOfFrame
                0x0000000000000cf8                EVENT_USB_Device_Disconnect
                0x0000000000000cf8                EVENT_USB_Device_Reset
                0x0000000000000cf8                EVENT_USB_Device_ControlRequest
 .text.USB_USBTask
                0x0000000000000cfa       0x38 ../lufa-LUFA-140928/LUFA/Drivers/USB/Core/USBTask.o
                0x0000000000000cfa                USB_USBTask
 .text.CDC_Device_SendByte
                0x0000000000000d32       0x4e ../lufa-LUFA-140928/LUFA/Drivers/USB/Class/Device/CDCClassDevice.o
                0x0000000000000d32                CDC_Device_SendByte
 .text.CDC_Device_putchar
                0x0000000000000d80       0x20 ../lufa-LUFA-140928/LUFA/Drivers/USB/Class/Device/CDCClassDevice.o
 .text.CDC_Device_Flush
                0x0000000000000da0       0x54 ../lufa-LUFA-140928/LUFA/Drivers/USB/Class/Device/CDCClassDevice.o
                0x0000000000000da0                CDC_Device_Flush
 .text.CDC_Device_USBTask
                0x0000000000000df4       0x2c ../lufa-LUFA-140928/LUFA/Drivers/USB/Class/Device/CDCClassDevice.o
                0x0000000000000df4                CDC_Device_USBTask
 .text.CDC_Device_BytesReceived
                0x0000000000000e20       0x4a ../lufa-LUFA-140928/LUFA/Drivers/USB/Class/Device/CDCClassDevice.o
                0x0000000000000e20                CDC_Device_BytesReceived
 .text.CDC_Device_ReceiveByte
                0x0000000000000e6a       0x5a ../lufa-LUFA-140928/LUFA/Drivers/USB/Class/Device/CDCClassDevice.o
                0x0000000000000e6a                CDC_Device_ReceiveByte
 .text.CDC_Device_getchar
                0x0000000000000ec4       0x12 ../lufa-LUFA-140928/LUFA/Drivers/USB/Class/Device/CDCClassDevice.o
 .text.CDC_Device_CreateStream
                0x0000000000000ed6       0x26 ../lufa-LUFA-140928/LUFA/Drivers/USB/Class/Device/CDCClassDevice.o
                0x0000000000000ed6                CDC_Device_CreateStream
                0x0000000000000efc                . = ALIGN (0x2)
 *(.fini9)
 .fini9         0x0000000000000efc        0x0 /usr/lib/gcc/avr/4.9.2/avr35/libgcc.a(_exit.o)
                0x0000000000000efc                exit
                0x0000000000000efc                _exit
 *(.fini9)
 *(.fini8)
 *(.fini8)
 *(.fini7)
 *(.fini7)
 *(.fini6)
 *(.fini6)
 *(.fini5)
 *(.fini5)
 *(.fini4)
 *(.fini4)
 *(.fini3)
 *(.fini3)
 *(.fini2)
 *(.fini2)
 *(.fini1)
 *(.fini1)
 *(.fini0)
 .fini0         0x0000000000000efc        0x4 /usr/lib/gcc/avr/4.9.2/avr35/libgcc.a(_exit.o)
 *(.fini0)
                0x0000000000000f00                _etext = .

.data           0x0000000000800100       0x1e load address 0x0000000000000f00
                0x0000000000800100                PROVIDE (__data_start, .)
 *(.data)
 .data          0x0000000000800100        0x0 /usr/lib/gcc/avr/4.9.2/../../../../avr/lib/avr35/crtm8u2.o
 .data          0x0000000000800100       0x1d VirtualSerial.o
                0x0000000000800100                VirtualSerial_CDC_Interface
                0x000000000080011b                ch_b_status
                0x000000000080011c                ch_a_status
 .data          0x000000000080011d        0x0 Descriptors.o
 .data          0x000000000080011d        0x0 ../lufa-LUFA-140928/LUFA/Drivers/USB/Class/Common/HIDParser.o
 .data          0x000000000080011d        0x0 ../lufa-LUFA-140928/LUFA/Drivers/USB/Core/AVR8/Device_AVR8.o
 .data          0x000000000080011d        0x0 ../lufa-LUFA-140928/LUFA/Drivers/USB/Core/AVR8/EndpointStream_AVR8.o
 .data          0x000000000080011d        0x0 ../lufa-LUFA-140928/LUFA/Drivers/USB/Core/AVR8/Endpoint_AVR8.o
 .data          0x000000000080011d        0x0 ../lufa-LUFA-140928/LUFA/Drivers/USB/Core/AVR8/Host_AVR8.o
 .data          0x000000000080011d        0x0 ../lufa-LUFA-140928/LUFA/Drivers/USB/Core/AVR8/PipeStream_AVR8.o
 .data          0x000000000080011d        0x0 ../lufa-LUFA-140928/LUFA/Drivers/USB/Core/AVR8/Pipe_AVR8.o
 .data          0x000000000080011d        0x0 ../lufa-LUFA-140928/LUFA/Drivers/USB/Core/AVR8/USBController_AVR8.o
 .data          0x000000000080011d        0x0 ../lufa-LUFA-140928/LUFA/Drivers/USB/Core/AVR8/USBInterrupt_AVR8.o
 .data          0x000000000080011d        0x0 ../lufa-LUFA-140928/LUFA/Drivers/USB/Core/ConfigDescriptors.o
 .data          0x000000000080011d        0x0 ../lufa-LUFA-140928/LUFA/Drivers/USB/Core/DeviceStandardReq.o
 .data          0x000000000080011d        0x0 ../lufa-LUFA-140928/LUFA/Drivers/USB/Core/Events.o
 .data          0x000000000080011d        0x0 ../lufa-LUFA-140928/LUFA/Drivers/USB/Core/HostStandardReq.o
 .data          0x000000000080011d        0x0 ../lufa-LUFA-140928/LUFA/Drivers/USB/Core/USBTask.o
 .data          0x000000000080011d        0x0 ../lufa-LUFA-140928/LUFA/Drivers/USB/Class/Device/AudioClassDevice.o
 .data          0x000000000080011d        0x0 ../lufa-LUFA-140928/LUFA/Drivers/USB/Class/Device/CDCClassDevice.o
 .data          0x000000000080011d        0x0 ../lufa-LUFA-140928/LUFA/Drivers/USB/Class/Device/HIDClassDevice.o
 .data          0x000000000080011d        0x0 ../lufa-LUFA-140928/LUFA/Drivers/USB/Class/Device/MassStorageClassDevice.o
 .data          0x000000000080011d        0x0 ../lufa-LUFA-140928/LUFA/Drivers/USB/Class/Device/MIDIClassDevice.o
 .data          0x000000000080011d        0x0 ../lufa-LUFA-140928/LUFA/Drivers/USB/Class/Device/PrinterClassDevice.o
 .data          0x000000000080011d        0x0 ../lufa-LUFA-140928/LUFA/Drivers/USB/Class/Device/RNDISClassDevice.o
 .data          0x000000000080011d        0x0 ../lufa-LUFA-140928/LUFA/Drivers/USB/Class/Host/AndroidAccessoryClassHost.o
 .data          0x000000000080011d        0x0 ../lufa-LUFA-140928/LUFA/Drivers/USB/Class/Host/AudioClassHost.o
 .data          0x000000000080011d        0x0 ../lufa-LUFA-140928/LUFA/Drivers/USB/Class/Host/CDCClassHost.o
 .data          0x000000000080011d        0x0 ../lufa-LUFA-140928/LUFA/Drivers/USB/Class/Host/HIDClassHost.o
 .data          0x000000000080011d        0x0 ../lufa-LUFA-140928/LUFA/Drivers/USB/Class/Host/MassStorageClassHost.o
 .data          0x000000000080011d        0x0 ../lufa-LUFA-140928/LUFA/Drivers/USB/Class/Host/MIDIClassHost.o
 .data          0x000000000080011d        0x0 ../lufa-LUFA-140928/LUFA/Drivers/USB/Class/Host/PrinterClassHost.o
 .data          0x000000000080011d        0x0 ../lufa-LUFA-140928/LUFA/Drivers/USB/Class/Host/RNDISClassHost.o
 .data          0x000000000080011d        0x0 ../lufa-LUFA-140928/LUFA/Drivers/USB/Class/Host/StillImageClassHost.o
 .data          0x000000000080011d        0x0 /usr/lib/gcc/avr/4.9.2/avr35/libgcc.a(_mulhi3.o)
 .data          0x000000000080011d        0x0 /usr/lib/gcc/avr/4.9.2/avr35/libgcc.a(_exit.o)
 .data          0x000000000080011d        0x0 /usr/lib/gcc/avr/4.9.2/avr35/libgcc.a(_copy_data.o)
 .data          0x000000000080011d        0x0 /usr/lib/gcc/avr/4.9.2/avr35/libgcc.a(_clear_bss.o)
 .data          0x000000000080011d        0x0 /usr/lib/gcc/avr/4.9.2/../../../../avr/lib/avr35/libc.a(memcpy_P.o)
 .data          0x000000000080011d        0x0 /usr/lib/gcc/avr/4.9.2/../../../../avr/lib/avr35/libc.a(memcmp.o)
 .data          0x000000000080011d        0x0 /usr/lib/gcc/avr/4.9.2/../../../../avr/lib/avr35/libc.a(memcpy.o)
 .data          0x000000000080011d        0x0 /usr/lib/gcc/avr/4.9.2/../../../../avr/lib/avr35/libc.a(memset.o)
 .data          0x000000000080011d        0x0 /usr/lib/gcc/avr/4.9.2/../../../../avr/lib/avr35/libc.a(eerd_byte_atmega8u2.o)
 .data          0x000000000080011d        0x0 /usr/lib/gcc/avr/4.9.2/../../../../avr/lib/avr35/libc.a(eeupd_byte_atmega8u2.o)
 *(.data*)
 *(.rodata)
 *(.rodata*)
 *(.gnu.linkonce.d*)
                0x000000000080011e                . = ALIGN (0x2)
 *fill*         0x000000000080011d        0x1 
                0x000000000080011e                _edata = .
                0x000000000080011e                PROVIDE (__data_end, .)

.bss            0x000000000080011e       0x20
                0x000000000080011e                PROVIDE (__bss_start, .)
 *(.bss)
 .bss           0x000000000080011e       0x13 VirtualSerial.o
                0x000000000080011e                probe_status
 *(.bss*)
 *(COMMON)
 COMMON         0x0000000000800131        0x3 ../lufa-LUFA-140928/LUFA/Drivers/USB/Core/DeviceStandardReq.o
                0x0000000000800131                USB_Device_ConfigurationNumber
                0x0000000000800132                USB_Device_CurrentlySelfPowered
                0x0000000000800133                USB_Device_RemoteWakeupEnabled
 COMMON         0x0000000000800134        0xa ../lufa-LUFA-140928/LUFA/Drivers/USB/Core/USBTask.o
                0x0000000000800134                USB_IsInitialized
                0x0000000000800135                USB_DeviceState
                0x0000000000800136                USB_ControlRequest
                0x000000000080013e                PROVIDE (__bss_end, .)
                0x0000000000000f00                __data_load_start = LOADADDR (.data)
                0x0000000000000f1e                __data_load_end = (__data_load_start + SIZEOF (.data))

.noinit         0x000000000080013e        0x0
                0x000000000080013e                PROVIDE (__noinit_start, .)
 *(.noinit*)
                0x000000000080013e                PROVIDE (__noinit_end, .)
                0x000000000080013e                _end = .
                0x000000000080013e                PROVIDE (__heap_start, .)

.eeprom         0x0000000000810000        0x0
 *(.eeprom*)
                0x0000000000810000                __eeprom_end = .

.fuse
 *(.fuse)
 *(.lfuse)
 *(.hfuse)
 *(.efuse)

.lock
 *(.lock*)

.signature
 *(.signature*)

.stab           0x0000000000000000      0xcc0
 *(.stab)
 .stab          0x0000000000000000      0x6cc /usr/lib/gcc/avr/4.9.2/../../../../avr/lib/avr35/crtm8u2.o
 .stab          0x00000000000006cc       0x30 /usr/lib/gcc/avr/4.9.2/avr35/libgcc.a(_mulhi3.o)
                                        0x12c (size before relaxing)
 .stab          0x00000000000006fc       0x6c /usr/lib/gcc/avr/4.9.2/avr35/libgcc.a(_exit.o)
                                         0x78 (size before relaxing)
 .stab          0x0000000000000768       0xd8 /usr/lib/gcc/avr/4.9.2/avr35/libgcc.a(_copy_data.o)
                                         0xe4 (size before relaxing)
 .stab          0x0000000000000840       0xb4 /usr/lib/gcc/avr/4.9.2/avr35/libgcc.a(_clear_bss.o)
                                         0xc0 (size before relaxing)
 .stab          0x00000000000008f4       0x84 /usr/lib/gcc/avr/4.9.2/../../../../avr/lib/avr35/libc.a(memcpy_P.o)
                                         0x90 (size before relaxing)
 .stab          0x0000000000000978       0xb4 /usr/lib/gcc/avr/4.9.2/../../../../avr/lib/avr35/libc.a(memcmp.o)
                                         0xc0 (size before relaxing)
 .stab          0x0000000000000a2c       0x84 /usr/lib/gcc/avr/4.9.2/../../../../avr/lib/avr35/libc.a(memcpy.o)
                                         0x90 (size before relaxing)
 .stab          0x0000000000000ab0       0x6c /usr/lib/gcc/avr/4.9.2/../../../../avr/lib/avr35/libc.a(memset.o)
                                         0x78 (size before relaxing)
 .stab          0x0000000000000b1c       0x90 /usr/lib/gcc/avr/4.9.2/../../../../avr/lib/avr35/libc.a(eerd_byte_atmega8u2.o)
                                         0x9c (size before relaxing)
 .stab          0x0000000000000bac      0x114 /usr/lib/gcc/avr/4.9.2/../../../../avr/lib/avr35/libc.a(eeupd_byte_atmega8u2.o)
                                        0x120 (size before relaxing)

.stabstr        0x0000000000000000      0x21c
 *(.stabstr)
 .stabstr       0x0000000000000000      0x21c /usr/lib/gcc/avr/4.9.2/../../../../avr/lib/avr35/crtm8u2.o

.stab.excl
 *(.stab.excl)

.stab.exclstr
 *(.stab.exclstr)

.stab.index
 *(.stab.index)

.stab.indexstr
 *(.stab.indexstr)

.comment        0x0000000000000000       0x42
 *(.comment)
 .comment       0x0000000000000000       0x21 VirtualSerial.o
                                         0x22 (size before relaxing)
 .comment       0x0000000000000000       0x22 Descriptors.o
 .comment       0x0000000000000021       0x21 ../lufa-LUFA-140928/LUFA/Drivers/USB/Class/Common/HIDParser.o
                                         0x22 (size before relaxing)
 .comment       0x0000000000000000       0x22 ../lufa-LUFA-140928/LUFA/Drivers/USB/Core/AVR8/Device_AVR8.o
 .comment       0x0000000000000000       0x22 ../lufa-LUFA-140928/LUFA/Drivers/USB/Core/AVR8/EndpointStream_AVR8.o
 .comment       0x0000000000000000       0x22 ../lufa-LUFA-140928/LUFA/Drivers/USB/Core/AVR8/Endpoint_AVR8.o
 .comment       0x0000000000000000       0x22 ../lufa-LUFA-140928/LUFA/Drivers/USB/Core/AVR8/Host_AVR8.o
 .comment       0x0000000000000000       0x22 ../lufa-LUFA-140928/LUFA/Drivers/USB/Core/AVR8/PipeStream_AVR8.o
 .comment       0x0000000000000000       0x22 ../lufa-LUFA-140928/LUFA/Drivers/USB/Core/AVR8/Pipe_AVR8.o
 .comment       0x0000000000000000       0x22 ../lufa-LUFA-140928/LUFA/Drivers/USB/Core/AVR8/USBController_AVR8.o
 .comment       0x0000000000000000       0x22 ../lufa-LUFA-140928/LUFA/Drivers/USB/Core/AVR8/USBInterrupt_AVR8.o
 .comment       0x0000000000000000       0x22 ../lufa-LUFA-140928/LUFA/Drivers/USB/Core/ConfigDescriptors.o
 .comment       0x0000000000000000       0x22 ../lufa-LUFA-140928/LUFA/Drivers/USB/Core/DeviceStandardReq.o
 .comment       0x0000000000000000       0x22 ../lufa-LUFA-140928/LUFA/Drivers/USB/Core/Events.o
 .comment       0x0000000000000000       0x22 ../lufa-LUFA-140928/LUFA/Drivers/USB/Core/HostStandardReq.o
 .comment       0x0000000000000000       0x22 ../lufa-LUFA-140928/LUFA/Drivers/USB/Core/USBTask.o
 .comment       0x0000000000000000       0x22 ../lufa-LUFA-140928/LUFA/Drivers/USB/Class/Device/AudioClassDevice.o
 .comment       0x0000000000000000       0x22 ../lufa-LUFA-140928/LUFA/Drivers/USB/Class/Device/CDCClassDevice.o
 .comment       0x0000000000000000       0x22 ../lufa-LUFA-140928/LUFA/Drivers/USB/Class/Device/HIDClassDevice.o
 .comment       0x0000000000000000       0x22 ../lufa-LUFA-140928/LUFA/Drivers/USB/Class/Device/MassStorageClassDevice.o
 .comment       0x0000000000000000       0x22 ../lufa-LUFA-140928/LUFA/Drivers/USB/Class/Device/MIDIClassDevice.o
 .comment       0x0000000000000000       0x22 ../lufa-LUFA-140928/LUFA/Drivers/USB/Class/Device/PrinterClassDevice.o
 .comment       0x0000000000000000       0x22 ../lufa-LUFA-140928/LUFA/Drivers/USB/Class/Device/RNDISClassDevice.o
 .comment       0x0000000000000000       0x22 ../lufa-LUFA-140928/LUFA/Drivers/USB/Class/Host/AndroidAccessoryClassHost.o
 .comment       0x0000000000000000       0x22 ../lufa-LUFA-140928/LUFA/Drivers/USB/Class/Host/AudioClassHost.o
 .comment       0x0000000000000000       0x22 ../lufa-LUFA-140928/LUFA/Drivers/USB/Class/Host/CDCClassHost.o
 .comment       0x0000000000000000       0x22 ../lufa-LUFA-140928/LUFA/Drivers/USB/Class/Host/HIDClassHost.o
 .comment       0x0000000000000000       0x22 ../lufa-LUFA-140928/LUFA/Drivers/USB/Class/Host/MassStorageClassHost.o
 .comment       0x0000000000000000       0x22 ../lufa-LUFA-140928/LUFA/Drivers/USB/Class/Host/MIDIClassHost.o
 .comment       0x0000000000000000       0x22 ../lufa-LUFA-140928/LUFA/Drivers/USB/Class/Host/PrinterClassHost.o
 .comment       0x0000000000000000       0x22 ../lufa-LUFA-140928/LUFA/Drivers/USB/Class/Host/RNDISClassHost.o
 .comment       0x0000000000000000       0x22 ../lufa-LUFA-140928/LUFA/Drivers/USB/Class/Host/StillImageClassHost.o

.note.gnu.build-id
 *(.note.gnu.build-id)

.debug
 *(.debug)

.line
 *(.line)

.debug_srcinfo
 *(.debug_srcinfo)

.debug_sfnames
 *(.debug_sfnames)

.debug_aranges  0x0000000000000000      0x6a0
 *(.debug_aranges)
 .debug_aranges
                0x0000000000000000       0xa0 VirtualSerial.o
 .debug_aranges
                0x00000000000000a0       0x20 Descriptors.o
 .debug_aranges
                0x00000000000000c0       0x38 ../lufa-LUFA-140928/LUFA/Drivers/USB/Class/Common/HIDParser.o
 .debug_aranges
                0x00000000000000f8       0x20 ../lufa-LUFA-140928/LUFA/Drivers/USB/Core/AVR8/Device_AVR8.o
 .debug_aranges
                0x0000000000000118       0xc8 ../lufa-LUFA-140928/LUFA/Drivers/USB/Core/AVR8/EndpointStream_AVR8.o
 .debug_aranges
                0x00000000000001e0       0x40 ../lufa-LUFA-140928/LUFA/Drivers/USB/Core/AVR8/Endpoint_AVR8.o
 .debug_aranges
                0x0000000000000220       0x18 ../lufa-LUFA-140928/LUFA/Drivers/USB/Core/AVR8/Host_AVR8.o
 .debug_aranges
                0x0000000000000238       0x18 ../lufa-LUFA-140928/LUFA/Drivers/USB/Core/AVR8/PipeStream_AVR8.o
 .debug_aranges
                0x0000000000000250       0x18 ../lufa-LUFA-140928/LUFA/Drivers/USB/Core/AVR8/Pipe_AVR8.o
 .debug_aranges
                0x0000000000000268       0x30 ../lufa-LUFA-140928/LUFA/Drivers/USB/Core/AVR8/USBController_AVR8.o
 .debug_aranges
                0x0000000000000298       0x38 ../lufa-LUFA-140928/LUFA/Drivers/USB/Core/AVR8/USBInterrupt_AVR8.o
 .debug_aranges
                0x00000000000002d0       0x40 ../lufa-LUFA-140928/LUFA/Drivers/USB/Core/ConfigDescriptors.o
 .debug_aranges
                0x0000000000000310       0x20 ../lufa-LUFA-140928/LUFA/Drivers/USB/Core/DeviceStandardReq.o
 .debug_aranges
                0x0000000000000330       0x20 ../lufa-LUFA-140928/LUFA/Drivers/USB/Core/Events.o
 .debug_aranges
                0x0000000000000350       0x18 ../lufa-LUFA-140928/LUFA/Drivers/USB/Core/HostStandardReq.o
 .debug_aranges
                0x0000000000000368       0x20 ../lufa-LUFA-140928/LUFA/Drivers/USB/Core/USBTask.o
 .debug_aranges
                0x0000000000000388       0x30 ../lufa-LUFA-140928/LUFA/Drivers/USB/Class/Device/AudioClassDevice.o
 .debug_aranges
                0x00000000000003b8       0x98 ../lufa-LUFA-140928/LUFA/Drivers/USB/Class/Device/CDCClassDevice.o
 .debug_aranges
                0x0000000000000450       0x30 ../lufa-LUFA-140928/LUFA/Drivers/USB/Class/Device/HIDClassDevice.o
 .debug_aranges
                0x0000000000000480       0x30 ../lufa-LUFA-140928/LUFA/Drivers/USB/Class/Device/MassStorageClassDevice.o
 .debug_aranges
                0x00000000000004b0       0x40 ../lufa-LUFA-140928/LUFA/Drivers/USB/Class/Device/MIDIClassDevice.o
 .debug_aranges
                0x00000000000004f0       0x90 ../lufa-LUFA-140928/LUFA/Drivers/USB/Class/Device/PrinterClassDevice.o
 .debug_aranges
                0x0000000000000580       0x48 ../lufa-LUFA-140928/LUFA/Drivers/USB/Class/Device/RNDISClassDevice.o
 .debug_aranges
                0x00000000000005c8       0x18 ../lufa-LUFA-140928/LUFA/Drivers/USB/Class/Host/AndroidAccessoryClassHost.o
 .debug_aranges
                0x00000000000005e0       0x18 ../lufa-LUFA-140928/LUFA/Drivers/USB/Class/Host/AudioClassHost.o
 .debug_aranges
                0x00000000000005f8       0x18 ../lufa-LUFA-140928/LUFA/Drivers/USB/Class/Host/CDCClassHost.o
 .debug_aranges
                0x0000000000000610       0x18 ../lufa-LUFA-140928/LUFA/Drivers/USB/Class/Host/HIDClassHost.o
 .debug_aranges
                0x0000000000000628       0x18 ../lufa-LUFA-140928/LUFA/Drivers/USB/Class/Host/MassStorageClassHost.o
 .debug_aranges
                0x0000000000000640       0x18 ../lufa-LUFA-140928/LUFA/Drivers/USB/Class/Host/MIDIClassHost.o
 .debug_aranges
                0x0000000000000658       0x18 ../lufa-LUFA-140928/LUFA/Drivers/USB/Class/Host/PrinterClassHost.o
 .debug_aranges
                0x0000000000000670       0x18 ../lufa-LUFA-140928/LUFA/Drivers/USB/Class/Host/RNDISClassHost.o
 .debug_aranges
                0x0000000000000688       0x18 ../lufa-LUFA-140928/LUFA/Drivers/USB/Class/Host/StillImageClassHost.o

.debug_pubnames
 *(.debug_pubnames)

.debug_info     0x0000000000000000     0xa707
 *(.debug_info .gnu.linkonce.wi.*)
 .debug_info    0x0000000000000000      0x97c VirtualSerial.o
 .debug_info    0x000000000000097c      0x786 Descriptors.o
 .debug_info    0x0000000000001102      0x741 ../lufa-LUFA-140928/LUFA/Drivers/USB/Class/Common/HIDParser.o
 .debug_info    0x0000000000001843       0xd2 ../lufa-LUFA-140928/LUFA/Drivers/USB/Core/AVR8/Device_AVR8.o
 .debug_info    0x0000000000001915     0x17b1 ../lufa-LUFA-140928/LUFA/Drivers/USB/Core/AVR8/EndpointStream_AVR8.o
 .debug_info    0x00000000000030c6      0x614 ../lufa-LUFA-140928/LUFA/Drivers/USB/Core/AVR8/Endpoint_AVR8.o
 .debug_info    0x00000000000036da       0x56 ../lufa-LUFA-140928/LUFA/Drivers/USB/Core/AVR8/Host_AVR8.o
 .debug_info    0x0000000000003730       0x56 ../lufa-LUFA-140928/LUFA/Drivers/USB/Core/AVR8/PipeStream_AVR8.o
 .debug_info    0x0000000000003786       0x56 ../lufa-LUFA-140928/LUFA/Drivers/USB/Core/AVR8/Pipe_AVR8.o
 .debug_info    0x00000000000037dc      0x46a ../lufa-LUFA-140928/LUFA/Drivers/USB/Core/AVR8/USBController_AVR8.o
 .debug_info    0x0000000000003c46      0x708 ../lufa-LUFA-140928/LUFA/Drivers/USB/Core/AVR8/USBInterrupt_AVR8.o
 .debug_info    0x000000000000434e      0x3cd ../lufa-LUFA-140928/LUFA/Drivers/USB/Core/ConfigDescriptors.o
 .debug_info    0x000000000000471b      0xa57 ../lufa-LUFA-140928/LUFA/Drivers/USB/Core/DeviceStandardReq.o
 .debug_info    0x0000000000005172       0x78 ../lufa-LUFA-140928/LUFA/Drivers/USB/Core/Events.o
 .debug_info    0x00000000000051ea       0x56 ../lufa-LUFA-140928/LUFA/Drivers/USB/Core/HostStandardReq.o
 .debug_info    0x0000000000005240      0x26b ../lufa-LUFA-140928/LUFA/Drivers/USB/Core/USBTask.o
 .debug_info    0x00000000000054ab      0x8fc ../lufa-LUFA-140928/LUFA/Drivers/USB/Class/Device/AudioClassDevice.o
 .debug_info    0x0000000000005da7      0xe7e ../lufa-LUFA-140928/LUFA/Drivers/USB/Class/Device/CDCClassDevice.o
 .debug_info    0x0000000000006c25      0xa07 ../lufa-LUFA-140928/LUFA/Drivers/USB/Class/Device/HIDClassDevice.o
 .debug_info    0x000000000000762c      0x95b ../lufa-LUFA-140928/LUFA/Drivers/USB/Class/Device/MassStorageClassDevice.o
 .debug_info    0x0000000000007f87      0x62f ../lufa-LUFA-140928/LUFA/Drivers/USB/Class/Device/MIDIClassDevice.o
 .debug_info    0x00000000000085b6      0xce5 ../lufa-LUFA-140928/LUFA/Drivers/USB/Class/Device/PrinterClassDevice.o
 .debug_info    0x000000000000929b     0x1166 ../lufa-LUFA-140928/LUFA/Drivers/USB/Class/Device/RNDISClassDevice.o
 .debug_info    0x000000000000a401       0x56 ../lufa-LUFA-140928/LUFA/Drivers/USB/Class/Host/AndroidAccessoryClassHost.o
 .debug_info    0x000000000000a457       0x56 ../lufa-LUFA-140928/LUFA/Drivers/USB/Class/Host/AudioClassHost.o
 .debug_info    0x000000000000a4ad       0x56 ../lufa-LUFA-140928/LUFA/Drivers/USB/Class/Host/CDCClassHost.o
 .debug_info    0x000000000000a503       0x56 ../lufa-LUFA-140928/LUFA/Drivers/USB/Class/Host/HIDClassHost.o
 .debug_info    0x000000000000a559       0x56 ../lufa-LUFA-140928/LUFA/Drivers/USB/Class/Host/MassStorageClassHost.o
 .debug_info    0x000000000000a5af       0x56 ../lufa-LUFA-140928/LUFA/Drivers/USB/Class/Host/MIDIClassHost.o
 .debug_info    0x000000000000a605       0x56 ../lufa-LUFA-140928/LUFA/Drivers/USB/Class/Host/PrinterClassHost.o
 .debug_info    0x000000000000a65b       0x56 ../lufa-LUFA-140928/LUFA/Drivers/USB/Class/Host/RNDISClassHost.o
 .debug_info    0x000000000000a6b1       0x56 ../lufa-LUFA-140928/LUFA/Drivers/USB/Class/Host/StillImageClassHost.o

.debug_abbrev   0x0000000000000000     0x2b42
 *(.debug_abbrev)
 .debug_abbrev  0x0000000000000000      0x333 VirtualSerial.o
 .debug_abbrev  0x0000000000000333      0x14e Descriptors.o
 .debug_abbrev  0x0000000000000481      0x22d ../lufa-LUFA-140928/LUFA/Drivers/USB/Class/Common/HIDParser.o
 .debug_abbrev  0x00000000000006ae       0x80 ../lufa-LUFA-140928/LUFA/Drivers/USB/Core/AVR8/Device_AVR8.o
 .debug_abbrev  0x000000000000072e      0x213 ../lufa-LUFA-140928/LUFA/Drivers/USB/Core/AVR8/EndpointStream_AVR8.o
 .debug_abbrev  0x0000000000000941      0x222 ../lufa-LUFA-140928/LUFA/Drivers/USB/Core/AVR8/Endpoint_AVR8.o
 .debug_abbrev  0x0000000000000b63       0x26 ../lufa-LUFA-140928/LUFA/Drivers/USB/Core/AVR8/Host_AVR8.o
 .debug_abbrev  0x0000000000000b89       0x26 ../lufa-LUFA-140928/LUFA/Drivers/USB/Core/AVR8/PipeStream_AVR8.o
 .debug_abbrev  0x0000000000000baf       0x26 ../lufa-LUFA-140928/LUFA/Drivers/USB/Core/AVR8/Pipe_AVR8.o
 .debug_abbrev  0x0000000000000bd5      0x18d ../lufa-LUFA-140928/LUFA/Drivers/USB/Core/AVR8/USBController_AVR8.o
 .debug_abbrev  0x0000000000000d62      0x234 ../lufa-LUFA-140928/LUFA/Drivers/USB/Core/AVR8/USBInterrupt_AVR8.o
 .debug_abbrev  0x0000000000000f96      0x183 ../lufa-LUFA-140928/LUFA/Drivers/USB/Core/ConfigDescriptors.o
 .debug_abbrev  0x0000000000001119      0x2c9 ../lufa-LUFA-140928/LUFA/Drivers/USB/Core/DeviceStandardReq.o
 .debug_abbrev  0x00000000000013e2       0x44 ../lufa-LUFA-140928/LUFA/Drivers/USB/Core/Events.o
 .debug_abbrev  0x0000000000001426       0x26 ../lufa-LUFA-140928/LUFA/Drivers/USB/Core/HostStandardReq.o
 .debug_abbrev  0x000000000000144c      0x168 ../lufa-LUFA-140928/LUFA/Drivers/USB/Core/USBTask.o
 .debug_abbrev  0x00000000000015b4      0x20c ../lufa-LUFA-140928/LUFA/Drivers/USB/Class/Device/AudioClassDevice.o
 .debug_abbrev  0x00000000000017c0      0x41d ../lufa-LUFA-140928/LUFA/Drivers/USB/Class/Device/CDCClassDevice.o
 .debug_abbrev  0x0000000000001bdd      0x26b ../lufa-LUFA-140928/LUFA/Drivers/USB/Class/Device/HIDClassDevice.o
 .debug_abbrev  0x0000000000001e48      0x2a8 ../lufa-LUFA-140928/LUFA/Drivers/USB/Class/Device/MassStorageClassDevice.o
 .debug_abbrev  0x00000000000020f0      0x243 ../lufa-LUFA-140928/LUFA/Drivers/USB/Class/Device/MIDIClassDevice.o
 .debug_abbrev  0x0000000000002333      0x343 ../lufa-LUFA-140928/LUFA/Drivers/USB/Class/Device/PrinterClassDevice.o
 .debug_abbrev  0x0000000000002676      0x376 ../lufa-LUFA-140928/LUFA/Drivers/USB/Class/Device/RNDISClassDevice.o
 .debug_abbrev  0x00000000000029ec       0x26 ../lufa-LUFA-140928/LUFA/Drivers/USB/Class/Host/AndroidAccessoryClassHost.o
 .debug_abbrev  0x0000000000002a12       0x26 ../lufa-LUFA-140928/LUFA/Drivers/USB/Class/Host/AudioClassHost.o
 .debug_abbrev  0x0000000000002a38       0x26 ../lufa-LUFA-140928/LUFA/Drivers/USB/Class/Host/CDCClassHost.o
 .debug_abbrev  0x0000000000002a5e       0x26 ../lufa-LUFA-140928/LUFA/Drivers/USB/Class/Host/HIDClassHost.o
 .debug_abbrev  0x0000000000002a84       0x26 ../lufa-LUFA-140928/LUFA/Drivers/USB/Class/Host/MassStorageClassHost.o
 .debug_abbrev  0x0000000000002aaa       0x26 ../lufa-LUFA-140928/LUFA/Drivers/USB/Class/Host/MIDIClassHost.o
 .debug_abbrev  0x0000000000002ad0       0x26 ../lufa-LUFA-140928/LUFA/Drivers/USB/Class/Host/PrinterClassHost.o
 .debug_abbrev  0x0000000000002af6       0x26 ../lufa-LUFA-140928/LUFA/Drivers/USB/Class/Host/RNDISClassHost.o
 .debug_abbrev  0x0000000000002b1c       0x26 ../lufa-LUFA-140928/LUFA/Drivers/USB/Class/Host/StillImageClassHost.o

.debug_line     0x0000000000000000     0x42ee
 *(.debug_line .debug_line.* .debug_line_end)
 .debug_line    0x0000000000000000      0x459 VirtualSerial.o
 .debug_line    0x0000000000000459      0x191 Descriptors.o
 .debug_line    0x00000000000005ea      0x231 ../lufa-LUFA-140928/LUFA/Drivers/USB/Class/Common/HIDParser.o
 .debug_line    0x000000000000081b      0x103 ../lufa-LUFA-140928/LUFA/Drivers/USB/Core/AVR8/Device_AVR8.o
 .debug_line    0x000000000000091e      0xc0d ../lufa-LUFA-140928/LUFA/Drivers/USB/Core/AVR8/EndpointStream_AVR8.o
 .debug_line    0x000000000000152b      0x37a ../lufa-LUFA-140928/LUFA/Drivers/USB/Core/AVR8/Endpoint_AVR8.o
 .debug_line    0x00000000000018a5       0x1d ../lufa-LUFA-140928/LUFA/Drivers/USB/Core/AVR8/Host_AVR8.o
 .debug_line    0x00000000000018c2       0x1d ../lufa-LUFA-140928/LUFA/Drivers/USB/Core/AVR8/PipeStream_AVR8.o
 .debug_line    0x00000000000018df       0x1d ../lufa-LUFA-140928/LUFA/Drivers/USB/Core/AVR8/Pipe_AVR8.o
 .debug_line    0x00000000000018fc      0x271 ../lufa-LUFA-140928/LUFA/Drivers/USB/Core/AVR8/USBController_AVR8.o
 .debug_line    0x0000000000001b6d      0x3fe ../lufa-LUFA-140928/LUFA/Drivers/USB/Core/AVR8/USBInterrupt_AVR8.o
 .debug_line    0x0000000000001f6b      0x15a ../lufa-LUFA-140928/LUFA/Drivers/USB/Core/ConfigDescriptors.o
 .debug_line    0x00000000000020c5      0x330 ../lufa-LUFA-140928/LUFA/Drivers/USB/Core/DeviceStandardReq.o
 .debug_line    0x00000000000023f5       0x62 ../lufa-LUFA-140928/LUFA/Drivers/USB/Core/Events.o
 .debug_line    0x0000000000002457       0x1d ../lufa-LUFA-140928/LUFA/Drivers/USB/Core/HostStandardReq.o
 .debug_line    0x0000000000002474      0x15c ../lufa-LUFA-140928/LUFA/Drivers/USB/Core/USBTask.o
 .debug_line    0x00000000000025d0      0x301 ../lufa-LUFA-140928/LUFA/Drivers/USB/Class/Device/AudioClassDevice.o
 .debug_line    0x00000000000028d1      0x592 ../lufa-LUFA-140928/LUFA/Drivers/USB/Class/Device/CDCClassDevice.o
 .debug_line    0x0000000000002e63      0x3c1 ../lufa-LUFA-140928/LUFA/Drivers/USB/Class/Device/HIDClassDevice.o
 .debug_line    0x0000000000003224      0x37d ../lufa-LUFA-140928/LUFA/Drivers/USB/Class/Device/MassStorageClassDevice.o
 .debug_line    0x00000000000035a1      0x306 ../lufa-LUFA-140928/LUFA/Drivers/USB/Class/Device/MIDIClassDevice.o
 .debug_line    0x00000000000038a7      0x4db ../lufa-LUFA-140928/LUFA/Drivers/USB/Class/Device/PrinterClassDevice.o
 .debug_line    0x0000000000003d82      0x467 ../lufa-LUFA-140928/LUFA/Drivers/USB/Class/Device/RNDISClassDevice.o
 .debug_line    0x00000000000041e9       0x1d ../lufa-LUFA-140928/LUFA/Drivers/USB/Class/Host/AndroidAccessoryClassHost.o
 .debug_line    0x0000000000004206       0x1d ../lufa-LUFA-140928/LUFA/Drivers/USB/Class/Host/AudioClassHost.o
 .debug_line    0x0000000000004223       0x1d ../lufa-LUFA-140928/LUFA/Drivers/USB/Class/Host/CDCClassHost.o
 .debug_line    0x0000000000004240       0x1d ../lufa-LUFA-140928/LUFA/Drivers/USB/Class/Host/HIDClassHost.o
 .debug_line    0x000000000000425d       0x1d ../lufa-LUFA-140928/LUFA/Drivers/USB/Class/Host/MassStorageClassHost.o
 .debug_line    0x000000000000427a       0x1d ../lufa-LUFA-140928/LUFA/Drivers/USB/Class/Host/MIDIClassHost.o
 .debug_line    0x0000000000004297       0x1d ../lufa-LUFA-140928/LUFA/Drivers/USB/Class/Host/PrinterClassHost.o
 .debug_line    0x00000000000042b4       0x1d ../lufa-LUFA-140928/LUFA/Drivers/USB/Class/Host/RNDISClassHost.o
 .debug_line    0x00000000000042d1       0x1d ../lufa-LUFA-140928/LUFA/Drivers/USB/Class/Host/StillImageClassHost.o

.debug_frame    0x0000000000000000     0x1030
 *(.debug_frame)
 .debug_frame   0x0000000000000000      0x1a8 VirtualSerial.o
 .debug_frame   0x00000000000001a8       0x24 Descriptors.o
 .debug_frame   0x00000000000001cc      0x114 ../lufa-LUFA-140928/LUFA/Drivers/USB/Class/Common/HIDParser.o
 .debug_frame   0x00000000000002e0       0x24 ../lufa-LUFA-140928/LUFA/Drivers/USB/Core/AVR8/Device_AVR8.o
 .debug_frame   0x0000000000000304      0x3b4 ../lufa-LUFA-140928/LUFA/Drivers/USB/Core/AVR8/EndpointStream_AVR8.o
 .debug_frame   0x00000000000006b8       0x78 ../lufa-LUFA-140928/LUFA/Drivers/USB/Core/AVR8/Endpoint_AVR8.o
 .debug_frame   0x0000000000000730       0x44 ../lufa-LUFA-140928/LUFA/Drivers/USB/Core/AVR8/USBController_AVR8.o
 .debug_frame   0x0000000000000774       0xe8 ../lufa-LUFA-140928/LUFA/Drivers/USB/Core/AVR8/USBInterrupt_AVR8.o
 .debug_frame   0x000000000000085c      0x108 ../lufa-LUFA-140928/LUFA/Drivers/USB/Core/ConfigDescriptors.o
 .debug_frame   0x0000000000000964       0x3c ../lufa-LUFA-140928/LUFA/Drivers/USB/Core/DeviceStandardReq.o
 .debug_frame   0x00000000000009a0       0x24 ../lufa-LUFA-140928/LUFA/Drivers/USB/Core/Events.o
 .debug_frame   0x00000000000009c4       0x2c ../lufa-LUFA-140928/LUFA/Drivers/USB/Core/USBTask.o
 .debug_frame   0x00000000000009f0       0xa8 ../lufa-LUFA-140928/LUFA/Drivers/USB/Class/Device/AudioClassDevice.o
 .debug_frame   0x0000000000000a98      0x168 ../lufa-LUFA-140928/LUFA/Drivers/USB/Class/Device/CDCClassDevice.o
 .debug_frame   0x0000000000000c00       0xe4 ../lufa-LUFA-140928/LUFA/Drivers/USB/Class/Device/HIDClassDevice.o
 .debug_frame   0x0000000000000ce4       0x80 ../lufa-LUFA-140928/LUFA/Drivers/USB/Class/Device/MassStorageClassDevice.o
 .debug_frame   0x0000000000000d64       0x70 ../lufa-LUFA-140928/LUFA/Drivers/USB/Class/Device/MIDIClassDevice.o
 .debug_frame   0x0000000000000dd4      0x144 ../lufa-LUFA-140928/LUFA/Drivers/USB/Class/Device/PrinterClassDevice.o
 .debug_frame   0x0000000000000f18      0x118 ../lufa-LUFA-140928/LUFA/Drivers/USB/Class/Device/RNDISClassDevice.o

.debug_str      0x0000000000000000     0x4133
 *(.debug_str)
 .debug_str     0x0000000000000000      0x5b3 VirtualSerial.o
                                        0x646 (size before relaxing)
 .debug_str     0x00000000000005b3      0x90a Descriptors.o
                                        0xb61 (size before relaxing)
 .debug_str     0x0000000000000ebd      0x5a0 ../lufa-LUFA-140928/LUFA/Drivers/USB/Class/Common/HIDParser.o
                                        0x6c4 (size before relaxing)
 .debug_str     0x000000000000145d       0x85 ../lufa-LUFA-140928/LUFA/Drivers/USB/Core/AVR8/Device_AVR8.o
                                        0x200 (size before relaxing)
 .debug_str     0x00000000000014e2      0x68a ../lufa-LUFA-140928/LUFA/Drivers/USB/Core/AVR8/EndpointStream_AVR8.o
                                        0x861 (size before relaxing)
 .debug_str     0x0000000000001b6c      0x2e4 ../lufa-LUFA-140928/LUFA/Drivers/USB/Core/AVR8/Endpoint_AVR8.o
                                        0x622 (size before relaxing)
 .debug_str     0x0000000000001e50       0x3b ../lufa-LUFA-140928/LUFA/Drivers/USB/Core/AVR8/Host_AVR8.o
                                        0x19f (size before relaxing)
 .debug_str     0x0000000000001e8b       0x41 ../lufa-LUFA-140928/LUFA/Drivers/USB/Core/AVR8/PipeStream_AVR8.o
                                        0x1a5 (size before relaxing)
 .debug_str     0x0000000000001ecc       0x3b ../lufa-LUFA-140928/LUFA/Drivers/USB/Core/AVR8/Pipe_AVR8.o
                                        0x19f (size before relaxing)
 .debug_str     0x0000000000001f07      0x246 ../lufa-LUFA-140928/LUFA/Drivers/USB/Core/AVR8/USBController_AVR8.o
                                        0x538 (size before relaxing)
 .debug_str     0x000000000000214d      0x174 ../lufa-LUFA-140928/LUFA/Drivers/USB/Core/AVR8/USBInterrupt_AVR8.o
                                        0x58d (size before relaxing)
 .debug_str     0x00000000000022c1      0x235 ../lufa-LUFA-140928/LUFA/Drivers/USB/Core/ConfigDescriptors.o
                                        0x3e8 (size before relaxing)
 .debug_str     0x00000000000024f6      0x455 ../lufa-LUFA-140928/LUFA/Drivers/USB/Core/DeviceStandardReq.o
                                        0x9d4 (size before relaxing)
 .debug_str     0x000000000000294b       0x42 ../lufa-LUFA-140928/LUFA/Drivers/USB/Core/Events.o
                                        0x1a6 (size before relaxing)
 .debug_str     0x000000000000298d       0x3c ../lufa-LUFA-140928/LUFA/Drivers/USB/Core/HostStandardReq.o
                                        0x1a0 (size before relaxing)
 .debug_str     0x00000000000029c9       0x50 ../lufa-LUFA-140928/LUFA/Drivers/USB/Core/USBTask.o
                                        0x387 (size before relaxing)
 .debug_str     0x0000000000002a19      0x291 ../lufa-LUFA-140928/LUFA/Drivers/USB/Class/Device/AudioClassDevice.o
                                        0x6bc (size before relaxing)
 .debug_str     0x0000000000002caa      0x2ad ../lufa-LUFA-140928/LUFA/Drivers/USB/Class/Device/CDCClassDevice.o
                                        0xa11 (size before relaxing)
 .debug_str     0x0000000000002f57      0x260 ../lufa-LUFA-140928/LUFA/Drivers/USB/Class/Device/HIDClassDevice.o
                                        0x70e (size before relaxing)
 .debug_str     0x00000000000031b7      0x272 ../lufa-LUFA-140928/LUFA/Drivers/USB/Class/Device/MassStorageClassDevice.o
                                        0x808 (size before relaxing)
 .debug_str     0x0000000000003429      0x126 ../lufa-LUFA-140928/LUFA/Drivers/USB/Class/Device/MIDIClassDevice.o
                                        0x67d (size before relaxing)
 .debug_str     0x000000000000354f      0x27a ../lufa-LUFA-140928/LUFA/Drivers/USB/Class/Device/PrinterClassDevice.o
                                        0x946 (size before relaxing)
 .debug_str     0x00000000000037c9      0x70e ../lufa-LUFA-140928/LUFA/Drivers/USB/Class/Device/RNDISClassDevice.o
                                        0xd7e (size before relaxing)
 .debug_str     0x0000000000003ed7       0x4c ../lufa-LUFA-140928/LUFA/Drivers/USB/Class/Host/AndroidAccessoryClassHost.o
                                        0x1b0 (size before relaxing)
 .debug_str     0x0000000000003f23       0x41 ../lufa-LUFA-140928/LUFA/Drivers/USB/Class/Host/AudioClassHost.o
                                        0x1a5 (size before relaxing)
 .debug_str     0x0000000000003f64       0x3f ../lufa-LUFA-140928/LUFA/Drivers/USB/Class/Host/CDCClassHost.o
                                        0x1a3 (size before relaxing)
 .debug_str     0x0000000000003fa3       0x3f ../lufa-LUFA-140928/LUFA/Drivers/USB/Class/Host/HIDClassHost.o
                                        0x1a3 (size before relaxing)
 .debug_str     0x0000000000003fe2       0x47 ../lufa-LUFA-140928/LUFA/Drivers/USB/Class/Host/MassStorageClassHost.o
                                        0x1ab (size before relaxing)
 .debug_str     0x0000000000004029       0x40 ../lufa-LUFA-140928/LUFA/Drivers/USB/Class/Host/MIDIClassHost.o
                                        0x1a4 (size before relaxing)
 .debug_str     0x0000000000004069       0x43 ../lufa-LUFA-140928/LUFA/Drivers/USB/Class/Host/PrinterClassHost.o
                                        0x1a7 (size before relaxing)
 .debug_str     0x00000000000040ac       0x41 ../lufa-LUFA-140928/LUFA/Drivers/USB/Class/Host/RNDISClassHost.o
                                        0x1a5 (size before relaxing)
 .debug_str     0x00000000000040ed       0x46 ../lufa-LUFA-140928/LUFA/Drivers/USB/Class/Host/StillImageClassHost.o
                                        0x1aa (size before relaxing)

.debug_loc      0x0000000000000000     0x6b6e
 *(.debug_loc)
 .debug_loc     0x0000000000000000      0x461 VirtualSerial.o
 .debug_loc     0x0000000000000461      0x186 Descriptors.o
 .debug_loc     0x00000000000005e7      0xaa0 ../lufa-LUFA-140928/LUFA/Drivers/USB/Class/Common/HIDParser.o
 .debug_loc     0x0000000000001087     0x1f66 ../lufa-LUFA-140928/LUFA/Drivers/USB/Core/AVR8/EndpointStream_AVR8.o
 .debug_loc     0x0000000000002fed      0x3fe ../lufa-LUFA-140928/LUFA/Drivers/USB/Core/AVR8/Endpoint_AVR8.o
 .debug_loc     0x00000000000033eb      0x30b ../lufa-LUFA-140928/LUFA/Drivers/USB/Core/AVR8/USBInterrupt_AVR8.o
 .debug_loc     0x00000000000036f6      0x5bd ../lufa-LUFA-140928/LUFA/Drivers/USB/Core/ConfigDescriptors.o
 .debug_loc     0x0000000000003cb3      0x2be ../lufa-LUFA-140928/LUFA/Drivers/USB/Core/DeviceStandardReq.o
 .debug_loc     0x0000000000003f71       0x49 ../lufa-LUFA-140928/LUFA/Drivers/USB/Core/USBTask.o
 .debug_loc     0x0000000000003fba      0x37c ../lufa-LUFA-140928/LUFA/Drivers/USB/Class/Device/AudioClassDevice.o
 .debug_loc     0x0000000000004336      0x85b ../lufa-LUFA-140928/LUFA/Drivers/USB/Class/Device/CDCClassDevice.o
 .debug_loc     0x0000000000004b91      0x43e ../lufa-LUFA-140928/LUFA/Drivers/USB/Class/Device/HIDClassDevice.o
 .debug_loc     0x0000000000004fcf      0x29f ../lufa-LUFA-140928/LUFA/Drivers/USB/Class/Device/MassStorageClassDevice.o
 .debug_loc     0x000000000000526e      0x2b8 ../lufa-LUFA-140928/LUFA/Drivers/USB/Class/Device/MIDIClassDevice.o
 .debug_loc     0x0000000000005526      0x84c ../lufa-LUFA-140928/LUFA/Drivers/USB/Class/Device/PrinterClassDevice.o
 .debug_loc     0x0000000000005d72      0xdfc ../lufa-LUFA-140928/LUFA/Drivers/USB/Class/Device/RNDISClassDevice.o

.debug_macinfo
 *(.debug_macinfo)

.debug_weaknames
 *(.debug_weaknames)

.debug_funcnames
 *(.debug_funcnames)

.debug_typenames
 *(.debug_typenames)

.debug_varnames
 *(.debug_varnames)

.debug_pubtypes
 *(.debug_pubtypes)

.debug_ranges   0x0000000000000000      0x7c0
 *(.debug_ranges)
 .debug_ranges  0x0000000000000000       0x90 VirtualSerial.o
 .debug_ranges  0x0000000000000090       0x10 Descriptors.o
 .debug_ranges  0x00000000000000a0       0xd0 ../lufa-LUFA-140928/LUFA/Drivers/USB/Class/Common/HIDParser.o
 .debug_ranges  0x0000000000000170       0x10 ../lufa-LUFA-140928/LUFA/Drivers/USB/Core/AVR8/Device_AVR8.o
 .debug_ranges  0x0000000000000180      0x2d0 ../lufa-LUFA-140928/LUFA/Drivers/USB/Core/AVR8/EndpointStream_AVR8.o
 .debug_ranges  0x0000000000000450       0x90 ../lufa-LUFA-140928/LUFA/Drivers/USB/Core/AVR8/Endpoint_AVR8.o
 .debug_ranges  0x00000000000004e0       0x20 ../lufa-LUFA-140928/LUFA/Drivers/USB/Core/AVR8/USBController_AVR8.o
 .debug_ranges  0x0000000000000500       0x28 ../lufa-LUFA-140928/LUFA/Drivers/USB/Core/AVR8/USBInterrupt_AVR8.o
 .debug_ranges  0x0000000000000528       0x30 ../lufa-LUFA-140928/LUFA/Drivers/USB/Core/ConfigDescriptors.o
 .debug_ranges  0x0000000000000558       0x28 ../lufa-LUFA-140928/LUFA/Drivers/USB/Core/DeviceStandardReq.o
 .debug_ranges  0x0000000000000580       0x10 ../lufa-LUFA-140928/LUFA/Drivers/USB/Core/Events.o
 .debug_ranges  0x0000000000000590       0x10 ../lufa-LUFA-140928/LUFA/Drivers/USB/Core/USBTask.o
 .debug_ranges  0x00000000000005a0       0x20 ../lufa-LUFA-140928/LUFA/Drivers/USB/Class/Device/AudioClassDevice.o
 .debug_ranges  0x00000000000005c0       0x88 ../lufa-LUFA-140928/LUFA/Drivers/USB/Class/Device/CDCClassDevice.o
 .debug_ranges  0x0000000000000648       0x20 ../lufa-LUFA-140928/LUFA/Drivers/USB/Class/Device/HIDClassDevice.o
 .debug_ranges  0x0000000000000668       0x20 ../lufa-LUFA-140928/LUFA/Drivers/USB/Class/Device/MassStorageClassDevice.o
 .debug_ranges  0x0000000000000688       0x30 ../lufa-LUFA-140928/LUFA/Drivers/USB/Class/Device/MIDIClassDevice.o
 .debug_ranges  0x00000000000006b8       0x80 ../lufa-LUFA-140928/LUFA/Drivers/USB/Class/Device/PrinterClassDevice.o
 .debug_ranges  0x0000000000000738       0x88 ../lufa-LUFA-140928/LUFA/Drivers/USB/Class/Device/RNDISClassDevice.o

.debug_macro
 *(.debug_macro)
OUTPUT(VirtualSerial.elf elf32-avr)
LOAD linker stubs

Cross Reference Table

Symbol                                            File
Audio_Device_ConfigureEndpoints                   ../lufa-LUFA-140928/LUFA/Drivers/USB/Class/Device/AudioClassDevice.o
Audio_Device_Event_Stub                           ../lufa-LUFA-140928/LUFA/Drivers/USB/Class/Device/AudioClassDevice.o
Audio_Device_ProcessControlRequest                ../lufa-LUFA-140928/LUFA/Drivers/USB/Class/Device/AudioClassDevice.o
CALLBACK_Audio_Device_GetSetEndpointProperty      ../lufa-LUFA-140928/LUFA/Drivers/USB/Class/Device/AudioClassDevice.o
CALLBACK_Audio_Device_GetSetInterfaceProperty     ../lufa-LUFA-140928/LUFA/Drivers/USB/Class/Device/AudioClassDevice.o
CALLBACK_HIDParser_FilterHIDReportItem            ../lufa-LUFA-140928/LUFA/Drivers/USB/Class/Common/HIDParser.o
CALLBACK_HID_Device_CreateHIDReport               ../lufa-LUFA-140928/LUFA/Drivers/USB/Class/Device/HIDClassDevice.o
CALLBACK_HID_Device_ProcessHIDReport              ../lufa-LUFA-140928/LUFA/Drivers/USB/Class/Device/HIDClassDevice.o
CALLBACK_MS_Device_SCSICommandReceived            ../lufa-LUFA-140928/LUFA/Drivers/USB/Class/Device/MassStorageClassDevice.o
CALLBACK_USB_GetDescriptor                        Descriptors.o
                                                  ../lufa-LUFA-140928/LUFA/Drivers/USB/Core/DeviceStandardReq.o
CDC_Device_BytesReceived                          ../lufa-LUFA-140928/LUFA/Drivers/USB/Class/Device/CDCClassDevice.o
                                                  VirtualSerial.o
CDC_Device_ConfigureEndpoints                     ../lufa-LUFA-140928/LUFA/Drivers/USB/Class/Device/CDCClassDevice.o
CDC_Device_CreateBlockingStream                   ../lufa-LUFA-140928/LUFA/Drivers/USB/Class/Device/CDCClassDevice.o
CDC_Device_CreateStream                           ../lufa-LUFA-140928/LUFA/Drivers/USB/Class/Device/CDCClassDevice.o
                                                  VirtualSerial.o
CDC_Device_Event_Stub                             ../lufa-LUFA-140928/LUFA/Drivers/USB/Class/Device/CDCClassDevice.o
CDC_Device_Flush                                  ../lufa-LUFA-140928/LUFA/Drivers/USB/Class/Device/CDCClassDevice.o
CDC_Device_ProcessControlRequest                  ../lufa-LUFA-140928/LUFA/Drivers/USB/Class/Device/CDCClassDevice.o
CDC_Device_ReceiveByte                            ../lufa-LUFA-140928/LUFA/Drivers/USB/Class/Device/CDCClassDevice.o
                                                  VirtualSerial.o
CDC_Device_SendByte                               ../lufa-LUFA-140928/LUFA/Drivers/USB/Class/Device/CDCClassDevice.o
CDC_Device_SendControlLineStateChange             ../lufa-LUFA-140928/LUFA/Drivers/USB/Class/Device/CDCClassDevice.o
CDC_Device_SendData                               ../lufa-LUFA-140928/LUFA/Drivers/USB/Class/Device/CDCClassDevice.o
CDC_Device_SendString                             ../lufa-LUFA-140928/LUFA/Drivers/USB/Class/Device/CDCClassDevice.o
CDC_Device_USBTask                                ../lufa-LUFA-140928/LUFA/Drivers/USB/Class/Device/CDCClassDevice.o
                                                  VirtualSerial.o
ConfigurationDescriptor                           Descriptors.o
DeviceDescriptor                                  Descriptors.o
EVENT_Audio_Device_StreamStartStop                ../lufa-LUFA-140928/LUFA/Drivers/USB/Class/Device/AudioClassDevice.o
EVENT_CDC_Device_BreakSent                        ../lufa-LUFA-140928/LUFA/Drivers/USB/Class/Device/CDCClassDevice.o
EVENT_CDC_Device_ControLineStateChanged           ../lufa-LUFA-140928/LUFA/Drivers/USB/Class/Device/CDCClassDevice.o
EVENT_CDC_Device_LineEncodingChanged              ../lufa-LUFA-140928/LUFA/Drivers/USB/Class/Device/CDCClassDevice.o
EVENT_PRNT_Device_SoftReset                       ../lufa-LUFA-140928/LUFA/Drivers/USB/Class/Device/PrinterClassDevice.o
EVENT_USB_Device_ConfigurationChanged             ../lufa-LUFA-140928/LUFA/Drivers/USB/Core/Events.o
                                                  ../lufa-LUFA-140928/LUFA/Drivers/USB/Core/DeviceStandardReq.o
EVENT_USB_Device_Connect                          ../lufa-LUFA-140928/LUFA/Drivers/USB/Core/Events.o
                                                  ../lufa-LUFA-140928/LUFA/Drivers/USB/Core/AVR8/USBInterrupt_AVR8.o
EVENT_USB_Device_ControlRequest                   ../lufa-LUFA-140928/LUFA/Drivers/USB/Core/Events.o
                                                  ../lufa-LUFA-140928/LUFA/Drivers/USB/Core/DeviceStandardReq.o
EVENT_USB_Device_Disconnect                       ../lufa-LUFA-140928/LUFA/Drivers/USB/Core/Events.o
                                                  ../lufa-LUFA-140928/LUFA/Drivers/USB/Core/AVR8/USBInterrupt_AVR8.o
EVENT_USB_Device_Reset                            ../lufa-LUFA-140928/LUFA/Drivers/USB/Core/Events.o
                                                  ../lufa-LUFA-140928/LUFA/Drivers/USB/Core/AVR8/USBInterrupt_AVR8.o
EVENT_USB_Device_StartOfFrame                     ../lufa-LUFA-140928/LUFA/Drivers/USB/Core/Events.o
                                                  ../lufa-LUFA-140928/LUFA/Drivers/USB/Core/AVR8/USBInterrupt_AVR8.o
EVENT_USB_Device_Suspend                          ../lufa-LUFA-140928/LUFA/Drivers/USB/Core/Events.o
EVENT_USB_Device_WakeUp                           ../lufa-LUFA-140928/LUFA/Drivers/USB/Core/Events.o
Endpoint_ClearEndpoints                           ../lufa-LUFA-140928/LUFA/Drivers/USB/Core/AVR8/Endpoint_AVR8.o
Endpoint_ClearStatusStage                         ../lufa-LUFA-140928/LUFA/Drivers/USB/Core/AVR8/Endpoint_AVR8.o
                                                  ../lufa-LUFA-140928/LUFA/Drivers/USB/Class/Device/PrinterClassDevice.o
                                                  ../lufa-LUFA-140928/LUFA/Drivers/USB/Class/Device/MassStorageClassDevice.o
                                                  ../lufa-LUFA-140928/LUFA/Drivers/USB/Class/Device/HIDClassDevice.o
                                                  ../lufa-LUFA-140928/LUFA/Drivers/USB/Class/Device/CDCClassDevice.o
                                                  ../lufa-LUFA-140928/LUFA/Drivers/USB/Class/Device/AudioClassDevice.o
                                                  ../lufa-LUFA-140928/LUFA/Drivers/USB/Core/DeviceStandardReq.o
Endpoint_ConfigureEndpointTable                   ../lufa-LUFA-140928/LUFA/Drivers/USB/Core/AVR8/Endpoint_AVR8.o
                                                  ../lufa-LUFA-140928/LUFA/Drivers/USB/Class/Device/RNDISClassDevice.o
                                                  ../lufa-LUFA-140928/LUFA/Drivers/USB/Class/Device/PrinterClassDevice.o
                                                  ../lufa-LUFA-140928/LUFA/Drivers/USB/Class/Device/MIDIClassDevice.o
                                                  ../lufa-LUFA-140928/LUFA/Drivers/USB/Class/Device/MassStorageClassDevice.o
                                                  ../lufa-LUFA-140928/LUFA/Drivers/USB/Class/Device/HIDClassDevice.o
                                                  ../lufa-LUFA-140928/LUFA/Drivers/USB/Class/Device/CDCClassDevice.o
                                                  ../lufa-LUFA-140928/LUFA/Drivers/USB/Class/Device/AudioClassDevice.o
Endpoint_ConfigureEndpoint_Prv                    ../lufa-LUFA-140928/LUFA/Drivers/USB/Core/AVR8/Endpoint_AVR8.o
                                                  ../lufa-LUFA-140928/LUFA/Drivers/USB/Core/AVR8/USBInterrupt_AVR8.o
                                                  ../lufa-LUFA-140928/LUFA/Drivers/USB/Core/AVR8/USBController_AVR8.o
Endpoint_Discard_Stream                           ../lufa-LUFA-140928/LUFA/Drivers/USB/Core/AVR8/EndpointStream_AVR8.o
Endpoint_Null_Stream                              ../lufa-LUFA-140928/LUFA/Drivers/USB/Core/AVR8/EndpointStream_AVR8.o
Endpoint_Read_Control_EStream_BE                  ../lufa-LUFA-140928/LUFA/Drivers/USB/Core/AVR8/EndpointStream_AVR8.o
Endpoint_Read_Control_EStream_LE                  ../lufa-LUFA-140928/LUFA/Drivers/USB/Core/AVR8/EndpointStream_AVR8.o
Endpoint_Read_Control_Stream_BE                   ../lufa-LUFA-140928/LUFA/Drivers/USB/Core/AVR8/EndpointStream_AVR8.o
Endpoint_Read_Control_Stream_LE                   ../lufa-LUFA-140928/LUFA/Drivers/USB/Core/AVR8/EndpointStream_AVR8.o
                                                  ../lufa-LUFA-140928/LUFA/Drivers/USB/Class/Device/RNDISClassDevice.o
                                                  ../lufa-LUFA-140928/LUFA/Drivers/USB/Class/Device/HIDClassDevice.o
                                                  ../lufa-LUFA-140928/LUFA/Drivers/USB/Class/Device/AudioClassDevice.o
Endpoint_Read_EStream_BE                          ../lufa-LUFA-140928/LUFA/Drivers/USB/Core/AVR8/EndpointStream_AVR8.o
Endpoint_Read_EStream_LE                          ../lufa-LUFA-140928/LUFA/Drivers/USB/Core/AVR8/EndpointStream_AVR8.o
Endpoint_Read_Stream_BE                           ../lufa-LUFA-140928/LUFA/Drivers/USB/Core/AVR8/EndpointStream_AVR8.o
Endpoint_Read_Stream_LE                           ../lufa-LUFA-140928/LUFA/Drivers/USB/Core/AVR8/EndpointStream_AVR8.o
                                                  ../lufa-LUFA-140928/LUFA/Drivers/USB/Class/Device/RNDISClassDevice.o
                                                  ../lufa-LUFA-140928/LUFA/Drivers/USB/Class/Device/MIDIClassDevice.o
                                                  ../lufa-LUFA-140928/LUFA/Drivers/USB/Class/Device/MassStorageClassDevice.o
Endpoint_WaitUntilReady                           ../lufa-LUFA-140928/LUFA/Drivers/USB/Core/AVR8/Endpoint_AVR8.o
                                                  ../lufa-LUFA-140928/LUFA/Drivers/USB/Class/Device/RNDISClassDevice.o
                                                  ../lufa-LUFA-140928/LUFA/Drivers/USB/Class/Device/PrinterClassDevice.o
                                                  ../lufa-LUFA-140928/LUFA/Drivers/USB/Class/Device/MIDIClassDevice.o
                                                  ../lufa-LUFA-140928/LUFA/Drivers/USB/Class/Device/CDCClassDevice.o
                                                  ../lufa-LUFA-140928/LUFA/Drivers/USB/Core/AVR8/EndpointStream_AVR8.o
Endpoint_Write_Control_EStream_BE                 ../lufa-LUFA-140928/LUFA/Drivers/USB/Core/AVR8/EndpointStream_AVR8.o
Endpoint_Write_Control_EStream_LE                 ../lufa-LUFA-140928/LUFA/Drivers/USB/Core/AVR8/EndpointStream_AVR8.o
Endpoint_Write_Control_PStream_BE                 ../lufa-LUFA-140928/LUFA/Drivers/USB/Core/AVR8/EndpointStream_AVR8.o
Endpoint_Write_Control_PStream_LE                 ../lufa-LUFA-140928/LUFA/Drivers/USB/Core/AVR8/EndpointStream_AVR8.o
                                                  ../lufa-LUFA-140928/LUFA/Drivers/USB/Core/DeviceStandardReq.o
Endpoint_Write_Control_Stream_BE                  ../lufa-LUFA-140928/LUFA/Drivers/USB/Core/AVR8/EndpointStream_AVR8.o
Endpoint_Write_Control_Stream_LE                  ../lufa-LUFA-140928/LUFA/Drivers/USB/Core/AVR8/EndpointStream_AVR8.o
                                                  ../lufa-LUFA-140928/LUFA/Drivers/USB/Class/Device/RNDISClassDevice.o
                                                  ../lufa-LUFA-140928/LUFA/Drivers/USB/Class/Device/PrinterClassDevice.o
                                                  ../lufa-LUFA-140928/LUFA/Drivers/USB/Class/Device/HIDClassDevice.o
                                                  ../lufa-LUFA-140928/LUFA/Drivers/USB/Class/Device/AudioClassDevice.o
                                                  ../lufa-LUFA-140928/LUFA/Drivers/USB/Core/DeviceStandardReq.o
Endpoint_Write_EStream_BE                         ../lufa-LUFA-140928/LUFA/Drivers/USB/Core/AVR8/EndpointStream_AVR8.o
Endpoint_Write_EStream_LE                         ../lufa-LUFA-140928/LUFA/Drivers/USB/Core/AVR8/EndpointStream_AVR8.o
Endpoint_Write_PStream_BE                         ../lufa-LUFA-140928/LUFA/Drivers/USB/Core/AVR8/EndpointStream_AVR8.o
Endpoint_Write_PStream_LE                         ../lufa-LUFA-140928/LUFA/Drivers/USB/Core/AVR8/EndpointStream_AVR8.o
Endpoint_Write_Stream_BE                          ../lufa-LUFA-140928/LUFA/Drivers/USB/Core/AVR8/EndpointStream_AVR8.o
Endpoint_Write_Stream_LE                          ../lufa-LUFA-140928/LUFA/Drivers/USB/Core/AVR8/EndpointStream_AVR8.o
                                                  ../lufa-LUFA-140928/LUFA/Drivers/USB/Class/Device/RNDISClassDevice.o
                                                  ../lufa-LUFA-140928/LUFA/Drivers/USB/Class/Device/PrinterClassDevice.o
                                                  ../lufa-LUFA-140928/LUFA/Drivers/USB/Class/Device/MIDIClassDevice.o
                                                  ../lufa-LUFA-140928/LUFA/Drivers/USB/Class/Device/MassStorageClassDevice.o
                                                  ../lufa-LUFA-140928/LUFA/Drivers/USB/Class/Device/HIDClassDevice.o
                                                  ../lufa-LUFA-140928/LUFA/Drivers/USB/Class/Device/CDCClassDevice.o
HID_Device_ConfigureEndpoints                     ../lufa-LUFA-140928/LUFA/Drivers/USB/Class/Device/HIDClassDevice.o
HID_Device_ProcessControlRequest                  ../lufa-LUFA-140928/LUFA/Drivers/USB/Class/Device/HIDClassDevice.o
HID_Device_USBTask                                ../lufa-LUFA-140928/LUFA/Drivers/USB/Class/Device/HIDClassDevice.o
LED_all_color                                     VirtualSerial.o
LED_all_off                                       VirtualSerial.o
LED_all_toggle                                    VirtualSerial.o
LED_init                                          VirtualSerial.o
LED_off                                           VirtualSerial.o
LED_on                                            VirtualSerial.o
LanguageString                                    Descriptors.o
MIDI_Device_ConfigureEndpoints                    ../lufa-LUFA-140928/LUFA/Drivers/USB/Class/Device/MIDIClassDevice.o
MIDI_Device_Flush                                 ../lufa-LUFA-140928/LUFA/Drivers/USB/Class/Device/MIDIClassDevice.o
MIDI_Device_ReceiveEventPacket                    ../lufa-LUFA-140928/LUFA/Drivers/USB/Class/Device/MIDIClassDevice.o
MIDI_Device_SendEventPacket                       ../lufa-LUFA-140928/LUFA/Drivers/USB/Class/Device/MIDIClassDevice.o
MIDI_Device_USBTask                               ../lufa-LUFA-140928/LUFA/Drivers/USB/Class/Device/MIDIClassDevice.o
MS_Device_ConfigureEndpoints                      ../lufa-LUFA-140928/LUFA/Drivers/USB/Class/Device/MassStorageClassDevice.o
MS_Device_ProcessControlRequest                   ../lufa-LUFA-140928/LUFA/Drivers/USB/Class/Device/MassStorageClassDevice.o
MS_Device_USBTask                                 ../lufa-LUFA-140928/LUFA/Drivers/USB/Class/Device/MassStorageClassDevice.o
ManufacturerString                                Descriptors.o
PRNT_Device_BytesReceived                         ../lufa-LUFA-140928/LUFA/Drivers/USB/Class/Device/PrinterClassDevice.o
PRNT_Device_ConfigureEndpoints                    ../lufa-LUFA-140928/LUFA/Drivers/USB/Class/Device/PrinterClassDevice.o
PRNT_Device_CreateBlockingStream                  ../lufa-LUFA-140928/LUFA/Drivers/USB/Class/Device/PrinterClassDevice.o
PRNT_Device_CreateStream                          ../lufa-LUFA-140928/LUFA/Drivers/USB/Class/Device/PrinterClassDevice.o
PRNT_Device_Event_Stub                            ../lufa-LUFA-140928/LUFA/Drivers/USB/Class/Device/PrinterClassDevice.o
PRNT_Device_Flush                                 ../lufa-LUFA-140928/LUFA/Drivers/USB/Class/Device/PrinterClassDevice.o
PRNT_Device_ProcessControlRequest                 ../lufa-LUFA-140928/LUFA/Drivers/USB/Class/Device/PrinterClassDevice.o
PRNT_Device_ReceiveByte                           ../lufa-LUFA-140928/LUFA/Drivers/USB/Class/Device/PrinterClassDevice.o
PRNT_Device_SendByte                              ../lufa-LUFA-140928/LUFA/Drivers/USB/Class/Device/PrinterClassDevice.o
PRNT_Device_SendData                              ../lufa-LUFA-140928/LUFA/Drivers/USB/Class/Device/PrinterClassDevice.o
PRNT_Device_SendString                            ../lufa-LUFA-140928/LUFA/Drivers/USB/Class/Device/PrinterClassDevice.o
PRNT_Device_USBTask                               ../lufa-LUFA-140928/LUFA/Drivers/USB/Class/Device/PrinterClassDevice.o
ProductString                                     Descriptors.o
RNDIS_Device_ConfigureEndpoints                   ../lufa-LUFA-140928/LUFA/Drivers/USB/Class/Device/RNDISClassDevice.o
RNDIS_Device_IsPacketReceived                     ../lufa-LUFA-140928/LUFA/Drivers/USB/Class/Device/RNDISClassDevice.o
RNDIS_Device_ProcessControlRequest                ../lufa-LUFA-140928/LUFA/Drivers/USB/Class/Device/RNDISClassDevice.o
RNDIS_Device_ReadPacket                           ../lufa-LUFA-140928/LUFA/Drivers/USB/Class/Device/RNDISClassDevice.o
RNDIS_Device_SendPacket                           ../lufa-LUFA-140928/LUFA/Drivers/USB/Class/Device/RNDISClassDevice.o
RNDIS_Device_USBTask                              ../lufa-LUFA-140928/LUFA/Drivers/USB/Class/Device/RNDISClassDevice.o
SetupHardware                                     VirtualSerial.o
USB_ControlRequest                                ../lufa-LUFA-140928/LUFA/Drivers/USB/Core/USBTask.o
                                                  ../lufa-LUFA-140928/LUFA/Drivers/USB/Class/Device/RNDISClassDevice.o
                                                  ../lufa-LUFA-140928/LUFA/Drivers/USB/Class/Device/PrinterClassDevice.o
                                                  ../lufa-LUFA-140928/LUFA/Drivers/USB/Class/Device/MassStorageClassDevice.o
                                                  ../lufa-LUFA-140928/LUFA/Drivers/USB/Class/Device/HIDClassDevice.o
                                                  ../lufa-LUFA-140928/LUFA/Drivers/USB/Class/Device/CDCClassDevice.o
                                                  ../lufa-LUFA-140928/LUFA/Drivers/USB/Class/Device/AudioClassDevice.o
                                                  ../lufa-LUFA-140928/LUFA/Drivers/USB/Core/DeviceStandardReq.o
                                                  ../lufa-LUFA-140928/LUFA/Drivers/USB/Core/AVR8/Endpoint_AVR8.o
                                                  ../lufa-LUFA-140928/LUFA/Drivers/USB/Core/AVR8/EndpointStream_AVR8.o
USB_DeviceState                                   ../lufa-LUFA-140928/LUFA/Drivers/USB/Core/USBTask.o
                                                  ../lufa-LUFA-140928/LUFA/Drivers/USB/Class/Device/RNDISClassDevice.o
                                                  ../lufa-LUFA-140928/LUFA/Drivers/USB/Class/Device/PrinterClassDevice.o
                                                  ../lufa-LUFA-140928/LUFA/Drivers/USB/Class/Device/MIDIClassDevice.o
                                                  ../lufa-LUFA-140928/LUFA/Drivers/USB/Class/Device/MassStorageClassDevice.o
                                                  ../lufa-LUFA-140928/LUFA/Drivers/USB/Class/Device/HIDClassDevice.o
                                                  ../lufa-LUFA-140928/LUFA/Drivers/USB/Class/Device/CDCClassDevice.o
                                                  ../lufa-LUFA-140928/LUFA/Drivers/USB/Core/DeviceStandardReq.o
                                                  ../lufa-LUFA-140928/LUFA/Drivers/USB/Core/AVR8/USBInterrupt_AVR8.o
                                                  ../lufa-LUFA-140928/LUFA/Drivers/USB/Core/AVR8/USBController_AVR8.o
                                                  ../lufa-LUFA-140928/LUFA/Drivers/USB/Core/AVR8/Endpoint_AVR8.o
                                                  ../lufa-LUFA-140928/LUFA/Drivers/USB/Core/AVR8/EndpointStream_AVR8.o
USB_Device_ConfigurationNumber                    ../lufa-LUFA-140928/LUFA/Drivers/USB/Core/DeviceStandardReq.o
                                                  ../lufa-LUFA-140928/LUFA/Drivers/USB/Core/AVR8/USBInterrupt_AVR8.o
                                                  ../lufa-LUFA-140928/LUFA/Drivers/USB/Core/AVR8/USBController_AVR8.o
USB_Device_CurrentlySelfPowered                   ../lufa-LUFA-140928/LUFA/Drivers/USB/Core/DeviceStandardReq.o
                                                  ../lufa-LUFA-140928/LUFA/Drivers/USB/Core/AVR8/USBController_AVR8.o
USB_Device_ProcessControlRequest                  ../lufa-LUFA-140928/LUFA/Drivers/USB/Core/DeviceStandardReq.o
                                                  ../lufa-LUFA-140928/LUFA/Drivers/USB/Core/USBTask.o
                                                  ../lufa-LUFA-140928/LUFA/Drivers/USB/Core/AVR8/USBInterrupt_AVR8.o
USB_Device_RemoteWakeupEnabled                    ../lufa-LUFA-140928/LUFA/Drivers/USB/Core/DeviceStandardReq.o
                                                  ../lufa-LUFA-140928/LUFA/Drivers/USB/Core/AVR8/USBController_AVR8.o
USB_Device_SendRemoteWakeup                       ../lufa-LUFA-140928/LUFA/Drivers/USB/Core/AVR8/Device_AVR8.o
USB_Disable                                       ../lufa-LUFA-140928/LUFA/Drivers/USB/Core/AVR8/USBController_AVR8.o
USB_Event_Stub                                    ../lufa-LUFA-140928/LUFA/Drivers/USB/Core/Events.o
USB_GetHIDReportItemInfo                          ../lufa-LUFA-140928/LUFA/Drivers/USB/Class/Common/HIDParser.o
USB_GetHIDReportSize                              ../lufa-LUFA-140928/LUFA/Drivers/USB/Class/Common/HIDParser.o
USB_GetNextDescriptorComp                         ../lufa-LUFA-140928/LUFA/Drivers/USB/Core/ConfigDescriptors.o
USB_GetNextDescriptorOfType                       ../lufa-LUFA-140928/LUFA/Drivers/USB/Core/ConfigDescriptors.o
USB_GetNextDescriptorOfTypeAfter                  ../lufa-LUFA-140928/LUFA/Drivers/USB/Core/ConfigDescriptors.o
USB_GetNextDescriptorOfTypeBefore                 ../lufa-LUFA-140928/LUFA/Drivers/USB/Core/ConfigDescriptors.o
USB_INT_ClearAllInterrupts                        ../lufa-LUFA-140928/LUFA/Drivers/USB/Core/AVR8/USBInterrupt_AVR8.o
                                                  ../lufa-LUFA-140928/LUFA/Drivers/USB/Core/AVR8/USBController_AVR8.o
USB_INT_DisableAllInterrupts                      ../lufa-LUFA-140928/LUFA/Drivers/USB/Core/AVR8/USBInterrupt_AVR8.o
                                                  ../lufa-LUFA-140928/LUFA/Drivers/USB/Core/AVR8/USBController_AVR8.o
USB_Init                                          ../lufa-LUFA-140928/LUFA/Drivers/USB/Core/AVR8/USBController_AVR8.o
                                                  VirtualSerial.o
USB_IsInitialized                                 ../lufa-LUFA-140928/LUFA/Drivers/USB/Core/USBTask.o
                                                  ../lufa-LUFA-140928/LUFA/Drivers/USB/Core/AVR8/USBController_AVR8.o
USB_ProcessHIDReport                              ../lufa-LUFA-140928/LUFA/Drivers/USB/Class/Common/HIDParser.o
USB_ResetInterface                                ../lufa-LUFA-140928/LUFA/Drivers/USB/Core/AVR8/USBController_AVR8.o
USB_SetHIDReportItemInfo                          ../lufa-LUFA-140928/LUFA/Drivers/USB/Class/Common/HIDParser.o
USB_USBTask                                       ../lufa-LUFA-140928/LUFA/Drivers/USB/Core/USBTask.o
                                                  ../lufa-LUFA-140928/LUFA/Drivers/USB/Class/Device/PrinterClassDevice.o
                                                  ../lufa-LUFA-140928/LUFA/Drivers/USB/Class/Device/CDCClassDevice.o
                                                  VirtualSerial.o
VirtualSerial_CDC_Interface                       VirtualSerial.o
__bad_interrupt                                   /usr/lib/gcc/avr/4.9.2/../../../../avr/lib/avr35/crtm8u2.o
__bss_end                                         /usr/lib/gcc/avr/4.9.2/avr35/libgcc.a(_clear_bss.o)
__bss_start                                       /usr/lib/gcc/avr/4.9.2/avr35/libgcc.a(_clear_bss.o)
__data_end                                        /usr/lib/gcc/avr/4.9.2/avr35/libgcc.a(_copy_data.o)
__data_load_start                                 /usr/lib/gcc/avr/4.9.2/avr35/libgcc.a(_copy_data.o)
__data_start                                      /usr/lib/gcc/avr/4.9.2/avr35/libgcc.a(_copy_data.o)
__do_clear_bss                                    /usr/lib/gcc/avr/4.9.2/avr35/libgcc.a(_clear_bss.o)
                                                  ../lufa-LUFA-140928/LUFA/Drivers/USB/Core/USBTask.o
                                                  ../lufa-LUFA-140928/LUFA/Drivers/USB/Core/DeviceStandardReq.o
                                                  VirtualSerial.o
__do_copy_data                                    /usr/lib/gcc/avr/4.9.2/avr35/libgcc.a(_copy_data.o)
                                                  ../lufa-LUFA-140928/LUFA/Drivers/USB/Class/Device/RNDISClassDevice.o
                                                  ../lufa-LUFA-140928/LUFA/Drivers/USB/Class/Device/CDCClassDevice.o
                                                  VirtualSerial.o
__eerd_byte_m8u2                                  /usr/lib/gcc/avr/4.9.2/../../../../avr/lib/avr35/libc.a(eerd_byte_atmega8u2.o)
                                                  ../lufa-LUFA-140928/LUFA/Drivers/USB/Core/AVR8/EndpointStream_AVR8.o
__eeupd_byte_m8u2                                 /usr/lib/gcc/avr/4.9.2/../../../../avr/lib/avr35/libc.a(eeupd_byte_atmega8u2.o)
                                                  ../lufa-LUFA-140928/LUFA/Drivers/USB/Core/AVR8/EndpointStream_AVR8.o
__eeupd_r18_m8u2                                  /usr/lib/gcc/avr/4.9.2/../../../../avr/lib/avr35/libc.a(eeupd_byte_atmega8u2.o)
__heap_end                                        /usr/lib/gcc/avr/4.9.2/../../../../avr/lib/avr35/crtm8u2.o
__init                                            /usr/lib/gcc/avr/4.9.2/../../../../avr/lib/avr35/crtm8u2.o
__mulhi3                                          /usr/lib/gcc/avr/4.9.2/avr35/libgcc.a(_mulhi3.o)
                                                  ../lufa-LUFA-140928/LUFA/Drivers/USB/Class/Common/HIDParser.o
__stack                                           /usr/lib/gcc/avr/4.9.2/../../../../avr/lib/avr35/crtm8u2.o
__vector_1                                        /usr/lib/gcc/avr/4.9.2/../../../../avr/lib/avr35/crtm8u2.o
__vector_10                                       /usr/lib/gcc/avr/4.9.2/../../../../avr/lib/avr35/crtm8u2.o
__vector_11                                       ../lufa-LUFA-140928/LUFA/Drivers/USB/Core/AVR8/USBInterrupt_AVR8.o
                                                  /usr/lib/gcc/avr/4.9.2/../../../../avr/lib/avr35/crtm8u2.o
__vector_12                                       ../lufa-LUFA-140928/LUFA/Drivers/USB/Core/AVR8/USBInterrupt_AVR8.o
                                                  /usr/lib/gcc/avr/4.9.2/../../../../avr/lib/avr35/crtm8u2.o
__vector_13                                       /usr/lib/gcc/avr/4.9.2/../../../../avr/lib/avr35/crtm8u2.o
__vector_14                                       /usr/lib/gcc/avr/4.9.2/../../../../avr/lib/avr35/crtm8u2.o
__vector_15                                       /usr/lib/gcc/avr/4.9.2/../../../../avr/lib/avr35/crtm8u2.o
__vector_16                                       /usr/lib/gcc/avr/4.9.2/../../../../avr/lib/avr35/crtm8u2.o
__vector_17                                       /usr/lib/gcc/avr/4.9.2/../../../../avr/lib/avr35/crtm8u2.o
__vector_18                                       /usr/lib/gcc/avr/4.9.2/../../../../avr/lib/avr35/crtm8u2.o
__vector_19                                       /usr/lib/gcc/avr/4.9.2/../../../../avr/lib/avr35/crtm8u2.o
__vector_2                                        /usr/lib/gcc/avr/4.9.2/../../../../avr/lib/avr35/crtm8u2.o
__vector_20                                       /usr/lib/gcc/avr/4.9.2/../../../../avr/lib/avr35/crtm8u2.o
__vector_21                                       VirtualSerial.o
                                                  /usr/lib/gcc/avr/4.9.2/../../../../avr/lib/avr35/crtm8u2.o
__vector_22                                       /usr/lib/gcc/avr/4.9.2/../../../../avr/lib/avr35/crtm8u2.o
__vector_23                                       /usr/lib/gcc/avr/4.9.2/../../../../avr/lib/avr35/crtm8u2.o
__vector_24                                       /usr/lib/gcc/avr/4.9.2/../../../../avr/lib/avr35/crtm8u2.o
__vector_25                                       /usr/lib/gcc/avr/4.9.2/../../../../avr/lib/avr35/crtm8u2.o
__vector_26                                       /usr/lib/gcc/avr/4.9.2/../../../../avr/lib/avr35/crtm8u2.o
__vector_27                                       /usr/lib/gcc/avr/4.9.2/../../../../avr/lib/avr35/crtm8u2.o
__vector_28                                       /usr/lib/gcc/avr/4.9.2/../../../../avr/lib/avr35/crtm8u2.o
__vector_3                                        /usr/lib/gcc/avr/4.9.2/../../../../avr/lib/avr35/crtm8u2.o
__vector_4                                        /usr/lib/gcc/avr/4.9.2/../../../../avr/lib/avr35/crtm8u2.o
__vector_5                                        /usr/lib/gcc/avr/4.9.2/../../../../avr/lib/avr35/crtm8u2.o
__vector_6                                        /usr/lib/gcc/avr/4.9.2/../../../../avr/lib/avr35/crtm8u2.o
__vector_7                                        /usr/lib/gcc/avr/4.9.2/../../../../avr/lib/avr35/crtm8u2.o
__vector_8                                        /usr/lib/gcc/avr/4.9.2/../../../../avr/lib/avr35/crtm8u2.o
__vector_9                                        /usr/lib/gcc/avr/4.9.2/../../../../avr/lib/avr35/crtm8u2.o
__vector_default                                  /usr/lib/gcc/avr/4.9.2/../../../../avr/lib/avr35/crtm8u2.o
__vectors                                         /usr/lib/gcc/avr/4.9.2/../../../../avr/lib/avr35/crtm8u2.o
_exit                                             /usr/lib/gcc/avr/4.9.2/avr35/libgcc.a(_exit.o)
all_probes_off                                    VirtualSerial.o
ch_a_status                                       VirtualSerial.o
ch_b_status                                       VirtualSerial.o
connect                                           VirtualSerial.o
deactivate_old_probe                              VirtualSerial.o
exit                                              /usr/lib/gcc/avr/4.9.2/avr35/libgcc.a(_exit.o)
                                                  /usr/lib/gcc/avr/4.9.2/../../../../avr/lib/avr35/crtm8u2.o
function_lookup                                   VirtualSerial.o
main                                              VirtualSerial.o
                                                  /usr/lib/gcc/avr/4.9.2/../../../../avr/lib/avr35/crtm8u2.o
memcmp                                            /usr/lib/gcc/avr/4.9.2/../../../../avr/lib/avr35/libc.a(memcmp.o)
                                                  ../lufa-LUFA-140928/LUFA/Drivers/USB/Class/Device/HIDClassDevice.o
memcpy                                            /usr/lib/gcc/avr/4.9.2/../../../../avr/lib/avr35/libc.a(memcpy.o)
                                                  ../lufa-LUFA-140928/LUFA/Drivers/USB/Class/Device/RNDISClassDevice.o
                                                  ../lufa-LUFA-140928/LUFA/Drivers/USB/Class/Device/HIDClassDevice.o
memcpy_P                                          /usr/lib/gcc/avr/4.9.2/../../../../avr/lib/avr35/libc.a(memcpy_P.o)
                                                  ../lufa-LUFA-140928/LUFA/Drivers/USB/Class/Device/RNDISClassDevice.o
memset                                            /usr/lib/gcc/avr/4.9.2/../../../../avr/lib/avr35/libc.a(memset.o)
                                                  ../lufa-LUFA-140928/LUFA/Drivers/USB/Class/Device/HIDClassDevice.o
probe_off                                         VirtualSerial.o
probe_status                                      VirtualSerial.o
status_leds                                       VirtualSerial.o
switches_init                                     VirtualSerial.o
tcnt0_init                                        VirtualSerial.o
