Archive member included because of file (symbol)

/usr/lib/gcc/avr/4.8.2/avr35/libgcc.a(_mulhi3.o)
                              ../lufa-LUFA-140928/LUFA/Drivers/USB/Class/Common/HIDParser.o (__mulhi3)
/usr/lib/gcc/avr/4.8.2/avr35/libgcc.a(_exit.o)
                              /usr/lib/gcc/avr/4.8.2/../../../../avr/lib/avr35/crtm8u2.o (exit)
/usr/lib/gcc/avr/4.8.2/avr35/libgcc.a(_copy_data.o)
                              VirtualSerial.o (__do_copy_data)
/usr/lib/gcc/avr/4.8.2/avr35/libgcc.a(_clear_bss.o)
                              VirtualSerial.o (__do_clear_bss)
/usr/lib/gcc/avr/4.8.2/../../../../avr/lib/avr35/libc.a(memcpy_P.o)
                              ../lufa-LUFA-140928/LUFA/Drivers/USB/Class/Device/RNDISClassDevice.o (memcpy_P)
/usr/lib/gcc/avr/4.8.2/../../../../avr/lib/avr35/libc.a(memcmp.o)
                              ../lufa-LUFA-140928/LUFA/Drivers/USB/Class/Device/HIDClassDevice.o (memcmp)
/usr/lib/gcc/avr/4.8.2/../../../../avr/lib/avr35/libc.a(memcpy.o)
                              ../lufa-LUFA-140928/LUFA/Drivers/USB/Class/Device/HIDClassDevice.o (memcpy)
/usr/lib/gcc/avr/4.8.2/../../../../avr/lib/avr35/libc.a(memset.o)
                              ../lufa-LUFA-140928/LUFA/Drivers/USB/Class/Device/HIDClassDevice.o (memset)
/usr/lib/gcc/avr/4.8.2/../../../../avr/lib/avr35/libc.a(eerd_byte_atmega8u2.o)
                              ../lufa-LUFA-140928/LUFA/Drivers/USB/Core/AVR8/EndpointStream_AVR8.o (__eerd_byte_m8u2)
/usr/lib/gcc/avr/4.8.2/../../../../avr/lib/avr35/libc.a(eeupd_byte_atmega8u2.o)
                              ../lufa-LUFA-140928/LUFA/Drivers/USB/Core/AVR8/EndpointStream_AVR8.o (__eeupd_byte_m8u2)

Allocating common symbols
Common symbol       size              file

USB_IsInitialized   0x1               ../lufa-LUFA-140928/LUFA/Drivers/USB/Core/USBTask.o
USB_DeviceState     0x1               ../lufa-LUFA-140928/LUFA/Drivers/USB/Core/USBTask.o
USB_Device_ConfigurationNumber
                    0x1               ../lufa-LUFA-140928/LUFA/Drivers/USB/Core/DeviceStandardReq.o
USB_Device_CurrentlySelfPowered
                    0x1               ../lufa-LUFA-140928/LUFA/Drivers/USB/Core/DeviceStandardReq.o
USB_ControlRequest  0x8               ../lufa-LUFA-140928/LUFA/Drivers/USB/Core/USBTask.o
USB_Device_RemoteWakeupEnabled
                    0x1               ../lufa-LUFA-140928/LUFA/Drivers/USB/Core/DeviceStandardReq.o

Discarded input sections

 .bss           0x0000000000000000        0x0 /usr/lib/gcc/avr/4.8.2/../../../../avr/lib/avr35/crtm8u2.o
 .text          0x0000000000000000        0x0 VirtualSerial.o
 .text          0x0000000000000000        0x0 Descriptors.o
 .bss           0x0000000000000000        0x0 Descriptors.o
 .text          0x0000000000000000        0x0 ../lufa-LUFA-140928/LUFA/Drivers/USB/Class/Common/HIDParser.o
 .bss           0x0000000000000000        0x0 ../lufa-LUFA-140928/LUFA/Drivers/USB/Class/Common/HIDParser.o
 .text.USB_ProcessHIDReport
                0x0000000000000000      0x73e ../lufa-LUFA-140928/LUFA/Drivers/USB/Class/Common/HIDParser.o
 .text.USB_GetHIDReportItemInfo
                0x0000000000000000       0xbc ../lufa-LUFA-140928/LUFA/Drivers/USB/Class/Common/HIDParser.o
 .text.USB_SetHIDReportItemInfo
                0x0000000000000000       0xec ../lufa-LUFA-140928/LUFA/Drivers/USB/Class/Common/HIDParser.o
 .text.USB_GetHIDReportSize
                0x0000000000000000       0x62 ../lufa-LUFA-140928/LUFA/Drivers/USB/Class/Common/HIDParser.o
 .text          0x0000000000000000        0x0 ../lufa-LUFA-140928/LUFA/Drivers/USB/Core/AVR8/Device_AVR8.o
 .bss           0x0000000000000000        0x0 ../lufa-LUFA-140928/LUFA/Drivers/USB/Core/AVR8/Device_AVR8.o
 .text.USB_Device_SendRemoteWakeup
                0x0000000000000000       0x2c ../lufa-LUFA-140928/LUFA/Drivers/USB/Core/AVR8/Device_AVR8.o
 .text          0x0000000000000000        0x0 ../lufa-LUFA-140928/LUFA/Drivers/USB/Core/AVR8/EndpointStream_AVR8.o
 .bss           0x0000000000000000        0x0 ../lufa-LUFA-140928/LUFA/Drivers/USB/Core/AVR8/EndpointStream_AVR8.o
 .text.Endpoint_Discard_Stream
                0x0000000000000000       0x7e ../lufa-LUFA-140928/LUFA/Drivers/USB/Core/AVR8/EndpointStream_AVR8.o
 .text.Endpoint_Null_Stream
                0x0000000000000000       0x7e ../lufa-LUFA-140928/LUFA/Drivers/USB/Core/AVR8/EndpointStream_AVR8.o
 .text.Endpoint_Write_Stream_LE
                0x0000000000000000       0x92 ../lufa-LUFA-140928/LUFA/Drivers/USB/Core/AVR8/EndpointStream_AVR8.o
 .text.Endpoint_Write_Stream_BE
                0x0000000000000000       0xa0 ../lufa-LUFA-140928/LUFA/Drivers/USB/Core/AVR8/EndpointStream_AVR8.o
 .text.Endpoint_Read_Stream_LE
                0x0000000000000000       0x92 ../lufa-LUFA-140928/LUFA/Drivers/USB/Core/AVR8/EndpointStream_AVR8.o
 .text.Endpoint_Read_Stream_BE
                0x0000000000000000       0xa0 ../lufa-LUFA-140928/LUFA/Drivers/USB/Core/AVR8/EndpointStream_AVR8.o
 .text.Endpoint_Write_PStream_LE
[...]
Memory Configuration

Name             Origin             Length             Attributes
text             0x0000000000000000 0x0000000000010000 xr
data             0x0000000000800060 0x000000000000ffa0 rw !x
eeprom           0x0000000000810000 0x0000000000010000 rw !x
fuse             0x0000000000820000 0x0000000000000400 rw !x
lock             0x0000000000830000 0x0000000000000400 rw !x
signature        0x0000000000840000 0x0000000000000400 rw !x
*default*        0x0000000000000000 0xffffffffffffffff

Linker script and memory map

Address of section .data set to 0x800100
LOAD /usr/lib/gcc/avr/4.8.2/../../../../avr/lib/avr35/crtm8u2.o
LOAD VirtualSerial.o
LOAD Descriptors.o
LOAD ../lufa-LUFA-140928/LUFA/Drivers/USB/Class/Common/HIDParser.o
LOAD ../lufa-LUFA-140928/LUFA/Drivers/USB/Core/AVR8/Device_AVR8.o
LOAD ../lufa-LUFA-140928/LUFA/Drivers/USB/Core/AVR8/EndpointStream_AVR8.o
LOAD ../lufa-LUFA-140928/LUFA/Drivers/USB/Core/AVR8/Endpoint_AVR8.o
LOAD ../lufa-LUFA-140928/LUFA/Drivers/USB/Core/AVR8/Host_AVR8.o
LOAD ../lufa-LUFA-140928/LUFA/Drivers/USB/Core/AVR8/PipeStream_AVR8.o
LOAD ../lufa-LUFA-140928/LUFA/Drivers/USB/Core/AVR8/Pipe_AVR8.o
LOAD ../lufa-LUFA-140928/LUFA/Drivers/USB/Core/AVR8/USBController_AVR8.o
LOAD ../lufa-LUFA-140928/LUFA/Drivers/USB/Core/AVR8/USBInterrupt_AVR8.o
LOAD ../lufa-LUFA-140928/LUFA/Drivers/USB/Core/ConfigDescriptors.o
LOAD ../lufa-LUFA-140928/LUFA/Drivers/USB/Core/DeviceStandardReq.o
LOAD ../lufa-LUFA-140928/LUFA/Drivers/USB/Core/Events.o
LOAD ../lufa-LUFA-140928/LUFA/Drivers/USB/Core/HostStandardReq.o
LOAD ../lufa-LUFA-140928/LUFA/Drivers/USB/Core/USBTask.o
LOAD ../lufa-LUFA-140928/LUFA/Drivers/USB/Class/Device/AudioClassDevice.o
LOAD ../lufa-LUFA-140928/LUFA/Drivers/USB/Class/Device/CDCClassDevice.o
LOAD ../lufa-LUFA-140928/LUFA/Drivers/USB/Class/Device/HIDClassDevice.o
LOAD ../lufa-LUFA-140928/LUFA/Drivers/USB/Class/Device/MassStorageClassDevice.o
LOAD ../lufa-LUFA-140928/LUFA/Drivers/USB/Class/Device/MIDIClassDevice.o
LOAD ../lufa-LUFA-140928/LUFA/Drivers/USB/Class/Device/PrinterClassDevice.o
LOAD ../lufa-LUFA-140928/LUFA/Drivers/USB/Class/Device/RNDISClassDevice.o
LOAD ../lufa-LUFA-140928/LUFA/Drivers/USB/Class/Host/AndroidAccessoryClassHost.o
LOAD ../lufa-LUFA-140928/LUFA/Drivers/USB/Class/Host/AudioClassHost.o
LOAD ../lufa-LUFA-140928/LUFA/Drivers/USB/Class/Host/CDCClassHost.o
LOAD ../lufa-LUFA-140928/LUFA/Drivers/USB/Class/Host/HIDClassHost.o
LOAD ../lufa-LUFA-140928/LUFA/Drivers/USB/Class/Host/MassStorageClassHost.o
LOAD ../lufa-LUFA-140928/LUFA/Drivers/USB/Class/Host/MIDIClassHost.o
LOAD ../lufa-LUFA-140928/LUFA/Drivers/USB/Class/Host/PrinterClassHost.o
LOAD ../lufa-LUFA-140928/LUFA/Drivers/USB/Class/Host/RNDISClassHost.o
LOAD ../lufa-LUFA-140928/LUFA/Drivers/USB/Class/Host/StillImageClassHost.o
LOAD /usr/lib/gcc/avr/4.8.2/../../../../avr/lib/avr35/libm.a
START GROUP
LOAD /usr/lib/gcc/avr/4.8.2/avr35/libgcc.a
LOAD /usr/lib/gcc/avr/4.8.2/../../../../avr/lib/avr35/libm.a
LOAD /usr/lib/gcc/avr/4.8.2/../../../../avr/lib/avr35/libc.a
END GROUP

.hash
 *(.hash)

.dynsym
 *(.dynsym)

.dynstr
 *(.dynstr)

.gnu.version
 *(.gnu.version)

.gnu.version_d
 *(.gnu.version_d)

.gnu.version_r
 *(.gnu.version_r)

.rel.init
 *(.rel.init)

.rela.init
 *(.rela.init)

.rel.text
 *(.rel.text)
 *(.rel.text.*)
 *(.rel.gnu.linkonce.t*)

.rela.text
 *(.rela.text)
 *(.rela.text.*)
 *(.rela.gnu.linkonce.t*)

.rel.fini
 *(.rel.fini)

.rela.fini
 *(.rela.fini)

.rel.rodata
 *(.rel.rodata)
 *(.rel.rodata.*)
 *(.rel.gnu.linkonce.r*)

.rela.rodata
 *(.rela.rodata)
 *(.rela.rodata.*)
 *(.rela.gnu.linkonce.r*)

.rel.data
 *(.rel.data)
 *(.rel.data.*)
 *(.rel.gnu.linkonce.d*)

.rela.data
 *(.rela.data)
 *(.rela.data.*)
 *(.rela.gnu.linkonce.d*)

.rel.ctors
 *(.rel.ctors)

.rela.ctors
 *(.rela.ctors)

.rel.dtors
 *(.rel.dtors)

.rela.dtors
 *(.rela.dtors)

.rel.got
 *(.rel.got)

.rela.got
 *(.rela.got)

.rel.bss
 *(.rel.bss)

.rela.bss
 *(.rela.bss)

.rel.plt
 *(.rel.plt)

.rela.plt
 *(.rela.plt)

.text           0x0000000000000000      0xd6a
 *(.vectors)
 .vectors       0x0000000000000000       0x74 /usr/lib/gcc/avr/4.8.2/../../../../avr/lib/avr35/crtm8u2.o
                0x0000000000000000                __vectors
                0x0000000000000000                __vector_default
 *(.vectors)
 *(.progmem.gcc*)
 *(.progmem*)
 .progmem.data  0x0000000000000074       0x8c Descriptors.o
                0x0000000000000074                ProductString
                0x0000000000000092                ManufacturerString
                0x00000000000000ac                LanguageString
                0x00000000000000b0                ConfigurationDescriptor
                0x00000000000000ee                DeviceDescriptor
                0x0000000000000100                . = ALIGN (0x2)
                0x0000000000000100                __trampolines_start = .
 *(.trampolines)
 .trampolines   0x0000000000000100        0x0 linker stubs
 *(.trampolines*)
                0x0000000000000100                __trampolines_end = .
 *(.jumptables)
 *(.jumptables*)
 *(.lowtext)
 *(.lowtext*)
                0x0000000000000100                __ctors_start = .
 *(.ctors)
                0x0000000000000100                __ctors_end = .
                0x0000000000000100                __dtors_start = .
 *(.dtors)
                0x0000000000000100                __dtors_end = .
 SORT(*)(.ctors)
 SORT(*)(.dtors)
 *(.init0)
 .init0         0x0000000000000100        0x0 /usr/lib/gcc/avr/4.8.2/../../../../avr/lib/avr35/crtm8u2.o
                0x0000000000000100                __init
 *(.init0)
 *(.init1)
 *(.init1)
 *(.init2)
 .init2         0x0000000000000100        0xc /usr/lib/gcc/avr/4.8.2/../../../../avr/lib/avr35/crtm8u2.o
 *(.init2)
 *(.init3)
 *(.init3)
 *(.init4)
 .init4         0x000000000000010c       0x16 /usr/lib/gcc/avr/4.8.2/avr35/libgcc.a(_copy_data.o)
                0x000000000000010c                __do_copy_data
 .init4         0x0000000000000122       0x10 /usr/lib/gcc/avr/4.8.2/avr35/libgcc.a(_clear_bss.o)
                0x0000000000000122                __do_clear_bss
 *(.init4)
 *(.init5)
 *(.init5)
 *(.init6)
 *(.init6)
 *(.init7)
 *(.init7)
 *(.init8)
 *(.init8)
 *(.init9)
 .init9         0x0000000000000132        0x4 /usr/lib/gcc/avr/4.8.2/../../../../avr/lib/avr35/crtm8u2.o
 *(.init9)
 *(.text)
 .text          0x0000000000000136        0x2 /usr/lib/gcc/avr/4.8.2/../../../../avr/lib/avr35/crtm8u2.o
                0x0000000000000136                __vector_22
                0x0000000000000136                __vector_28
                0x0000000000000136                __vector_1
                0x0000000000000136                __vector_24
                0x0000000000000136                __bad_interrupt
                0x0000000000000136                __vector_6
                0x0000000000000136                __vector_3
                0x0000000000000136                __vector_23
                0x0000000000000136                __vector_25
                0x0000000000000136                __vector_13
                0x0000000000000136                __vector_17
                0x0000000000000136                __vector_19
                0x0000000000000136                __vector_7
                0x0000000000000136                __vector_27
                0x0000000000000136                __vector_5
                0x0000000000000136                __vector_4
                0x0000000000000136                __vector_9
                0x0000000000000136                __vector_2
                0x0000000000000136                __vector_21
                0x0000000000000136                __vector_15
                0x0000000000000136                __vector_8
                0x0000000000000136                __vector_26
                0x0000000000000136                __vector_14
                0x0000000000000136                __vector_10
                0x0000000000000136                __vector_16
                0x0000000000000136                __vector_18
                0x0000000000000136                __vector_20
                0x0000000000000138                . = ALIGN (0x2)
 *(.text.*)
 .text.SetupHardware
                0x0000000000000138       0x2a VirtualSerial.o
                0x0000000000000138                SetupHardware
 .text.startup.main
                0x0000000000000162       0x1e VirtualSerial.o
                0x0000000000000162                main
 .text.EVENT_USB_Device_Connect
                0x0000000000000180        0x2 VirtualSerial.o
                0x0000000000000180                EVENT_USB_Device_Connect
 .text.EVENT_USB_Device_Disconnect
                0x0000000000000182        0x2 VirtualSerial.o
                0x0000000000000182                EVENT_USB_Device_Disconnect
 .text.EVENT_USB_Device_ConfigurationChanged
                0x0000000000000184        0x6 VirtualSerial.o
                0x0000000000000184                EVENT_USB_Device_ConfigurationChanged
 .text.EVENT_USB_Device_ControlRequest
                0x000000000000018a        0x6 VirtualSerial.o
                0x000000000000018a                EVENT_USB_Device_ControlRequest
 .text.CALLBACK_USB_GetDescriptor
                0x0000000000000190       0x64 Descriptors.o
                0x0000000000000190                CALLBACK_USB_GetDescriptor
 .text.Endpoint_Write_Control_Stream_LE
                0x00000000000001f4       0xc6 ../lufa-LUFA-140928/LUFA/Drivers/USB/Core/AVR8/EndpointStream_AVR8.o
                0x00000000000001f4                Endpoint_Write_Control_Stream_LE
 .text.Endpoint_Write_Control_PStream_LE
                0x00000000000002ba       0xc8 ../lufa-LUFA-140928/LUFA/Drivers/USB/Core/AVR8/EndpointStream_AVR8.o
                0x00000000000002ba                Endpoint_Write_Control_PStream_LE
 .text.Endpoint_ConfigureEndpoint_Prv
                0x0000000000000382       0x6a ../lufa-LUFA-140928/LUFA/Drivers/USB/Core/AVR8/Endpoint_AVR8.o
                0x0000000000000382                Endpoint_ConfigureEndpoint_Prv
 .text.Endpoint_ConfigureEndpointTable
                0x00000000000003ec       0x78 ../lufa-LUFA-140928/LUFA/Drivers/USB/Core/AVR8/Endpoint_AVR8.o
                0x00000000000003ec                Endpoint_ConfigureEndpointTable
 .text.Endpoint_ClearStatusStage
                0x0000000000000464       0x42 ../lufa-LUFA-140928/LUFA/Drivers/USB/Core/AVR8/Endpoint_AVR8.o
                0x0000000000000464                Endpoint_ClearStatusStage
 .text.Endpoint_WaitUntilReady
                0x00000000000004a6       0x60 ../lufa-LUFA-140928/LUFA/Drivers/USB/Core/AVR8/Endpoint_AVR8.o
                0x00000000000004a6                Endpoint_WaitUntilReady
 .text.USB_ResetInterface
                0x0000000000000506       0x72 ../lufa-LUFA-140928/LUFA/Drivers/USB/Core/AVR8/USBController_AVR8.o
                0x0000000000000506                USB_ResetInterface
 .text.USB_Init
                0x0000000000000578       0x12 ../lufa-LUFA-140928/LUFA/Drivers/USB/Core/AVR8/USBController_AVR8.o
                0x0000000000000578                USB_Init
 .text.USB_INT_DisableAllInterrupts
                0x000000000000058a        0x6 ../lufa-LUFA-140928/LUFA/Drivers/USB/Core/AVR8/USBInterrupt_AVR8.o
                0x000000000000058a                USB_INT_DisableAllInterrupts
 .text.USB_INT_ClearAllInterrupts
                0x0000000000000590        0x6 ../lufa-LUFA-140928/LUFA/Drivers/USB/Core/AVR8/USBInterrupt_AVR8.o
                0x0000000000000590                USB_INT_ClearAllInterrupts
 .text.__vector_11
                0x0000000000000596      0x152 ../lufa-LUFA-140928/LUFA/Drivers/USB/Core/AVR8/USBInterrupt_AVR8.o
                0x0000000000000596                __vector_11
 .text.__vector_12
                0x00000000000006e8       0x76 ../lufa-LUFA-140928/LUFA/Drivers/USB/Core/AVR8/USBInterrupt_AVR8.o
                0x00000000000006e8                __vector_12
 .text.USB_Device_ProcessControlRequest
                0x000000000000075e      0x2a2 ../lufa-LUFA-140928/LUFA/Drivers/USB/Core/DeviceStandardReq.o
                0x000000000000075e                USB_Device_ProcessControlRequest
 .text.USB_Event_Stub
                0x0000000000000a00        0x2 ../lufa-LUFA-140928/LUFA/Drivers/USB/Core/Events.o
                0x0000000000000a00                EVENT_USB_Device_WakeUp
                0x0000000000000a00                USB_Event_Stub
                0x0000000000000a00                EVENT_USB_Device_Suspend
                0x0000000000000a00                EVENT_USB_Device_StartOfFrame
                0x0000000000000a00                EVENT_USB_Device_Reset
 .text.USB_USBTask
                0x0000000000000a02       0x38 ../lufa-LUFA-140928/LUFA/Drivers/USB/Core/USBTask.o
                0x0000000000000a02                USB_USBTask
 .text.CDC_Device_ConfigureEndpoints
                0x0000000000000a3a       0x4a ../lufa-LUFA-140928/LUFA/Drivers/USB/Class/Device/CDCClassDevice.o
                0x0000000000000a3a                CDC_Device_ConfigureEndpoints
 .text.CDC_Device_SendByte
                0x0000000000000a84       0x4e ../lufa-LUFA-140928/LUFA/Drivers/USB/Class/Device/CDCClassDevice.o
                0x0000000000000a84                CDC_Device_SendByte
 .text.CDC_Device_putchar
                0x0000000000000ad2       0x20 ../lufa-LUFA-140928/LUFA/Drivers/USB/Class/Device/CDCClassDevice.o
 .text.CDC_Device_Flush
                0x0000000000000af2       0x54 ../lufa-LUFA-140928/LUFA/Drivers/USB/Class/Device/CDCClassDevice.o
                0x0000000000000af2                CDC_Device_Flush
 .text.CDC_Device_USBTask
                0x0000000000000b46       0x2c ../lufa-LUFA-140928/LUFA/Drivers/USB/Class/Device/CDCClassDevice.o
                0x0000000000000b46                CDC_Device_USBTask
 .text.CDC_Device_ReceiveByte
                0x0000000000000b72       0x5a ../lufa-LUFA-140928/LUFA/Drivers/USB/Class/Device/CDCClassDevice.o
                0x0000000000000b72                CDC_Device_ReceiveByte
 .text.CDC_Device_getchar
                0x0000000000000bcc       0x12 ../lufa-LUFA-140928/LUFA/Drivers/USB/Class/Device/CDCClassDevice.o
 .text.CDC_Device_CreateStream
                0x0000000000000bde       0x26 ../lufa-LUFA-140928/LUFA/Drivers/USB/Class/Device/CDCClassDevice.o
                0x0000000000000bde                CDC_Device_CreateStream
 .text.CDC_Device_Event_Stub
                0x0000000000000c04        0x2 ../lufa-LUFA-140928/LUFA/Drivers/USB/Class/Device/CDCClassDevice.o
                0x0000000000000c04                EVENT_CDC_Device_LineEncodingChanged
                0x0000000000000c04                EVENT_CDC_Device_ControLineStateChanged
                0x0000000000000c04                EVENT_CDC_Device_BreakSent
                0x0000000000000c04                CDC_Device_Event_Stub
 .text.CDC_Device_ProcessControlRequest
                0x0000000000000c06      0x160 ../lufa-LUFA-140928/LUFA/Drivers/USB/Class/Device/CDCClassDevice.o
                0x0000000000000c06                CDC_Device_ProcessControlRequest
                0x0000000000000d66                . = ALIGN (0x2)
 *(.fini9)
 .fini9         0x0000000000000d66        0x0 /usr/lib/gcc/avr/4.8.2/avr35/libgcc.a(_exit.o)
                0x0000000000000d66                exit
                0x0000000000000d66                _exit
 *(.fini9)
 *(.fini8)
 *(.fini8)
 *(.fini7)
 *(.fini7)
 *(.fini6)
 *(.fini6)
 *(.fini5)
 *(.fini5)
 *(.fini4)
 *(.fini4)
 *(.fini3)
 *(.fini3)
 *(.fini2)
 *(.fini2)
 *(.fini1)
 *(.fini1)
 *(.fini0)
 .fini0         0x0000000000000d66        0x4 /usr/lib/gcc/avr/4.8.2/avr35/libgcc.a(_exit.o)
 *(.fini0)
                0x0000000000000d6a                _etext = .

.data           0x0000000000800100       0x1c load address 0x0000000000000d6a
                0x0000000000800100                PROVIDE (__data_start, .)
 *(.data)
 .data          0x0000000000800100        0x0 /usr/lib/gcc/avr/4.8.2/../../../../avr/lib/avr35/crtm8u2.o
 .data          0x0000000000800100       0x1b VirtualSerial.o
                0x0000000000800100                VirtualSerial_CDC_Interface
 .data          0x000000000080011b        0x0 Descriptors.o
 .data          0x000000000080011b        0x0 ../lufa-LUFA-140928/LUFA/Drivers/USB/Class/Common/HIDParser.o
 .data          0x000000000080011b        0x0 ../lufa-LUFA-140928/LUFA/Drivers/USB/Core/AVR8/Device_AVR8.o
 .data          0x000000000080011b        0x0 ../lufa-LUFA-140928/LUFA/Drivers/USB/Core/AVR8/EndpointStream_AVR8.o
 .data          0x000000000080011b        0x0 ../lufa-LUFA-140928/LUFA/Drivers/USB/Core/AVR8/Endpoint_AVR8.o
 .data          0x000000000080011b        0x0 ../lufa-LUFA-140928/LUFA/Drivers/USB/Core/AVR8/Host_AVR8.o
 .data          0x000000000080011b        0x0 ../lufa-LUFA-140928/LUFA/Drivers/USB/Core/AVR8/PipeStream_AVR8.o
 .data          0x000000000080011b        0x0 ../lufa-LUFA-140928/LUFA/Drivers/USB/Core/AVR8/Pipe_AVR8.o
 .data          0x000000000080011b        0x0 ../lufa-LUFA-140928/LUFA/Drivers/USB/Core/AVR8/USBController_AVR8.o
 .data          0x000000000080011b        0x0 ../lufa-LUFA-140928/LUFA/Drivers/USB/Core/AVR8/USBInterrupt_AVR8.o
 .data          0x000000000080011b        0x0 ../lufa-LUFA-140928/LUFA/Drivers/USB/Core/ConfigDescriptors.o
 .data          0x000000000080011b        0x0 ../lufa-LUFA-140928/LUFA/Drivers/USB/Core/DeviceStandardReq.o
 .data          0x000000000080011b        0x0 ../lufa-LUFA-140928/LUFA/Drivers/USB/Core/Events.o
 .data          0x000000000080011b        0x0 ../lufa-LUFA-140928/LUFA/Drivers/USB/Core/HostStandardReq.o
 .data          0x000000000080011b        0x0 ../lufa-LUFA-140928/LUFA/Drivers/USB/Core/USBTask.o
 .data          0x000000000080011b        0x0 ../lufa-LUFA-140928/LUFA/Drivers/USB/Class/Device/AudioClassDevice.o
 .data          0x000000000080011b        0x0 ../lufa-LUFA-140928/LUFA/Drivers/USB/Class/Device/CDCClassDevice.o
 .data          0x000000000080011b        0x0 ../lufa-LUFA-140928/LUFA/Drivers/USB/Class/Device/HIDClassDevice.o
 .data          0x000000000080011b        0x0 ../lufa-LUFA-140928/LUFA/Drivers/USB/Class/Device/MassStorageClassDevice.o
 .data          0x000000000080011b        0x0 ../lufa-LUFA-140928/LUFA/Drivers/USB/Class/Device/MIDIClassDevice.o
 .data          0x000000000080011b        0x0 ../lufa-LUFA-140928/LUFA/Drivers/USB/Class/Device/PrinterClassDevice.o
 .data          0x000000000080011b        0x0 ../lufa-LUFA-140928/LUFA/Drivers/USB/Class/Device/RNDISClassDevice.o
 .data          0x000000000080011b        0x0 ../lufa-LUFA-140928/LUFA/Drivers/USB/Class/Host/AndroidAccessoryClassHost.o
 .data          0x000000000080011b        0x0 ../lufa-LUFA-140928/LUFA/Drivers/USB/Class/Host/AudioClassHost.o
 .data          0x000000000080011b        0x0 ../lufa-LUFA-140928/LUFA/Drivers/USB/Class/Host/CDCClassHost.o
 .data          0x000000000080011b        0x0 ../lufa-LUFA-140928/LUFA/Drivers/USB/Class/Host/HIDClassHost.o
 .data          0x000000000080011b        0x0 ../lufa-LUFA-140928/LUFA/Drivers/USB/Class/Host/MassStorageClassHost.o
 .data          0x000000000080011b        0x0 ../lufa-LUFA-140928/LUFA/Drivers/USB/Class/Host/MIDIClassHost.o
 .data          0x000000000080011b        0x0 ../lufa-LUFA-140928/LUFA/Drivers/USB/Class/Host/PrinterClassHost.o
 .data          0x000000000080011b        0x0 ../lufa-LUFA-140928/LUFA/Drivers/USB/Class/Host/RNDISClassHost.o
 .data          0x000000000080011b        0x0 ../lufa-LUFA-140928/LUFA/Drivers/USB/Class/Host/StillImageClassHost.o
 .data          0x000000000080011b        0x0 /usr/lib/gcc/avr/4.8.2/avr35/libgcc.a(_mulhi3.o)
 .data          0x000000000080011b        0x0 /usr/lib/gcc/avr/4.8.2/avr35/libgcc.a(_exit.o)
 .data          0x000000000080011b        0x0 /usr/lib/gcc/avr/4.8.2/avr35/libgcc.a(_copy_data.o)
 .data          0x000000000080011b        0x0 /usr/lib/gcc/avr/4.8.2/avr35/libgcc.a(_clear_bss.o)
 .data          0x000000000080011b        0x0 /usr/lib/gcc/avr/4.8.2/../../../../avr/lib/avr35/libc.a(memcpy_P.o)
 .data          0x000000000080011b        0x0 /usr/lib/gcc/avr/4.8.2/../../../../avr/lib/avr35/libc.a(memcmp.o)
 .data          0x000000000080011b        0x0 /usr/lib/gcc/avr/4.8.2/../../../../avr/lib/avr35/libc.a(memcpy.o)
 .data          0x000000000080011b        0x0 /usr/lib/gcc/avr/4.8.2/../../../../avr/lib/avr35/libc.a(memset.o)
 .data          0x000000000080011b        0x0 /usr/lib/gcc/avr/4.8.2/../../../../avr/lib/avr35/libc.a(eerd_byte_atmega8u2.o)
 .data          0x000000000080011b        0x0 /usr/lib/gcc/avr/4.8.2/../../../../avr/lib/avr35/libc.a(eeupd_byte_atmega8u2.o)
 *(.data*)
 *(.rodata)
 *(.rodata*)
 *(.gnu.linkonce.d*)
                0x000000000080011c                . = ALIGN (0x2)
 *fill*         0x000000000080011b        0x1 
                0x000000000080011c                _edata = .
                0x000000000080011c                PROVIDE (__data_end, .)

.bss            0x000000000080011c       0x1b
                0x000000000080011c                PROVIDE (__bss_start, .)
 *(.bss)
 .bss           0x000000000080011c        0xe VirtualSerial.o
 *(.bss*)
 *(COMMON)
 COMMON         0x000000000080012a        0x3 ../lufa-LUFA-140928/LUFA/Drivers/USB/Core/DeviceStandardReq.o
                0x000000000080012a                USB_Device_ConfigurationNumber
                0x000000000080012b                USB_Device_CurrentlySelfPowered
                0x000000000080012c                USB_Device_RemoteWakeupEnabled
 COMMON         0x000000000080012d        0xa ../lufa-LUFA-140928/LUFA/Drivers/USB/Core/USBTask.o
                0x000000000080012d                USB_IsInitialized
                0x000000000080012e                USB_DeviceState
                0x000000000080012f                USB_ControlRequest
                0x0000000000800137                PROVIDE (__bss_end, .)
                0x0000000000000d6a                __data_load_start = LOADADDR (.data)
                0x0000000000000d86                __data_load_end = (__data_load_start + SIZEOF (.data))

.noinit         0x0000000000800137        0x0
                0x0000000000800137                PROVIDE (__noinit_start, .)
 *(.noinit*)
                0x0000000000800137                PROVIDE (__noinit_end, .)
                0x0000000000800137                _end = .
                0x0000000000800137                PROVIDE (__heap_start, .)

.eeprom         0x0000000000810000        0x0
 *(.eeprom*)
                0x0000000000810000                __eeprom_end = .

.fuse
 *(.fuse)
 *(.lfuse)
 *(.hfuse)
 *(.efuse)

.lock
 *(.lock*)

.signature
 *(.signature*)

.stab           0x0000000000000000      0xcc0
 *(.stab)
 .stab          0x0000000000000000      0x6cc /usr/lib/gcc/avr/4.8.2/../../../../avr/lib/avr35/crtm8u2.o
 .stab          0x00000000000006cc       0x30 /usr/lib/gcc/avr/4.8.2/avr35/libgcc.a(_mulhi3.o)
                                        0x12c (size before relaxing)
 .stab          0x00000000000006fc       0x6c /usr/lib/gcc/avr/4.8.2/avr35/libgcc.a(_exit.o)
                                         0x78 (size before relaxing)
 .stab          0x0000000000000768       0xd8 /usr/lib/gcc/avr/4.8.2/avr35/libgcc.a(_copy_data.o)
                                         0xe4 (size before relaxing)
 .stab          0x0000000000000840       0xb4 /usr/lib/gcc/avr/4.8.2/avr35/libgcc.a(_clear_bss.o)
                                         0xc0 (size before relaxing)
 .stab          0x00000000000008f4       0x84 /usr/lib/gcc/avr/4.8.2/../../../../avr/lib/avr35/libc.a(memcpy_P.o)
                                         0x90 (size before relaxing)
 .stab          0x0000000000000978       0xb4 /usr/lib/gcc/avr/4.8.2/../../../../avr/lib/avr35/libc.a(memcmp.o)
                                         0xc0 (size before relaxing)
 .stab          0x0000000000000a2c       0x84 /usr/lib/gcc/avr/4.8.2/../../../../avr/lib/avr35/libc.a(memcpy.o)
                                         0x90 (size before relaxing)
 .stab          0x0000000000000ab0       0x6c /usr/lib/gcc/avr/4.8.2/../../../../avr/lib/avr35/libc.a(memset.o)
                                         0x78 (size before relaxing)
 .stab          0x0000000000000b1c       0x90 /usr/lib/gcc/avr/4.8.2/../../../../avr/lib/avr35/libc.a(eerd_byte_atmega8u2.o)
                                         0x9c (size before relaxing)
 .stab          0x0000000000000bac      0x114 /usr/lib/gcc/avr/4.8.2/../../../../avr/lib/avr35/libc.a(eeupd_byte_atmega8u2.o)
                                        0x120 (size before relaxing)

.stabstr        0x0000000000000000      0x21c
 *(.stabstr)
 .stabstr       0x0000000000000000      0x21c /usr/lib/gcc/avr/4.8.2/../../../../avr/lib/avr35/crtm8u2.o

.stab.excl
 *(.stab.excl)

.stab.exclstr
 *(.stab.exclstr)

.stab.index
 *(.stab.index)

.stab.indexstr
 *(.stab.indexstr)

.comment        0x0000000000000000       0x21
 *(.comment)
 .comment       0x0000000000000000       0x21 VirtualSerial.o
                                         0x22 (size before relaxing)
 .comment       0x0000000000000000       0x22 Descriptors.o
 .comment       0x0000000000000000       0x22 ../lufa-LUFA-140928/LUFA/Drivers/USB/Class/Common/HIDParser.o
 .comment       0x0000000000000000       0x22 ../lufa-LUFA-140928/LUFA/Drivers/USB/Core/AVR8/Device_AVR8.o
 .comment       0x0000000000000000       0x22 ../lufa-LUFA-140928/LUFA/Drivers/USB/Core/AVR8/EndpointStream_AVR8.o
 .comment       0x0000000000000000       0x22 ../lufa-LUFA-140928/LUFA/Drivers/USB/Core/AVR8/Endpoint_AVR8.o
 .comment       0x0000000000000000       0x22 ../lufa-LUFA-140928/LUFA/Drivers/USB/Core/AVR8/Host_AVR8.o
 .comment       0x0000000000000000       0x22 ../lufa-LUFA-140928/LUFA/Drivers/USB/Core/AVR8/PipeStream_AVR8.o
 .comment       0x0000000000000000       0x22 ../lufa-LUFA-140928/LUFA/Drivers/USB/Core/AVR8/Pipe_AVR8.o
 .comment       0x0000000000000000       0x22 ../lufa-LUFA-140928/LUFA/Drivers/USB/Core/AVR8/USBController_AVR8.o
 .comment       0x0000000000000000       0x22 ../lufa-LUFA-140928/LUFA/Drivers/USB/Core/AVR8/USBInterrupt_AVR8.o
 .comment       0x0000000000000000       0x22 ../lufa-LUFA-140928/LUFA/Drivers/USB/Core/ConfigDescriptors.o
 .comment       0x0000000000000000       0x22 ../lufa-LUFA-140928/LUFA/Drivers/USB/Core/DeviceStandardReq.o
 .comment       0x0000000000000000       0x22 ../lufa-LUFA-140928/LUFA/Drivers/USB/Core/Events.o
 .comment       0x0000000000000000       0x22 ../lufa-LUFA-140928/LUFA/Drivers/USB/Core/HostStandardReq.o
 .comment       0x0000000000000000       0x22 ../lufa-LUFA-140928/LUFA/Drivers/USB/Core/USBTask.o
 .comment       0x0000000000000000       0x22 ../lufa-LUFA-140928/LUFA/Drivers/USB/Class/Device/AudioClassDevice.o
 .comment       0x0000000000000000       0x22 ../lufa-LUFA-140928/LUFA/Drivers/USB/Class/Device/CDCClassDevice.o
 .comment       0x0000000000000000       0x22 ../lufa-LUFA-140928/LUFA/Drivers/USB/Class/Device/HIDClassDevice.o
 .comment       0x0000000000000000       0x22 ../lufa-LUFA-140928/LUFA/Drivers/USB/Class/Device/MassStorageClassDevice.o
 .comment       0x0000000000000000       0x22 ../lufa-LUFA-140928/LUFA/Drivers/USB/Class/Device/MIDIClassDevice.o
 .comment       0x0000000000000000       0x22 ../lufa-LUFA-140928/LUFA/Drivers/USB/Class/Device/PrinterClassDevice.o
 .comment       0x0000000000000000       0x22 ../lufa-LUFA-140928/LUFA/Drivers/USB/Class/Device/RNDISClassDevice.o
 .comment       0x0000000000000000       0x22 ../lufa-LUFA-140928/LUFA/Drivers/USB/Class/Host/AndroidAccessoryClassHost.o
 .comment       0x0000000000000000       0x22 ../lufa-LUFA-140928/LUFA/Drivers/USB/Class/Host/AudioClassHost.o
 .comment       0x0000000000000000       0x22 ../lufa-LUFA-140928/LUFA/Drivers/USB/Class/Host/CDCClassHost.o
 .comment       0x0000000000000000       0x22 ../lufa-LUFA-140928/LUFA/Drivers/USB/Class/Host/HIDClassHost.o
 .comment       0x0000000000000000       0x22 ../lufa-LUFA-140928/LUFA/Drivers/USB/Class/Host/MassStorageClassHost.o
 .comment       0x0000000000000000       0x22 ../lufa-LUFA-140928/LUFA/Drivers/USB/Class/Host/MIDIClassHost.o
 .comment       0x0000000000000000       0x22 ../lufa-LUFA-140928/LUFA/Drivers/USB/Class/Host/PrinterClassHost.o
 .comment       0x0000000000000000       0x22 ../lufa-LUFA-140928/LUFA/Drivers/USB/Class/Host/RNDISClassHost.o
 .comment       0x0000000000000000       0x22 ../lufa-LUFA-140928/LUFA/Drivers/USB/Class/Host/StillImageClassHost.o

.debug
 *(.debug)

.line
 *(.line)

.debug_srcinfo
 *(.debug_srcinfo)

.debug_sfnames
 *(.debug_sfnames)

.debug_aranges  0x0000000000000000      0x648
 *(.debug_aranges)
 .debug_aranges
                0x0000000000000000       0x48 VirtualSerial.o
 .debug_aranges
                0x0000000000000048       0x20 Descriptors.o
 .debug_aranges
                0x0000000000000068       0x38 ../lufa-LUFA-140928/LUFA/Drivers/USB/Class/Common/HIDParser.o
 .debug_aranges
                0x00000000000000a0       0x20 ../lufa-LUFA-140928/LUFA/Drivers/USB/Core/AVR8/Device_AVR8.o
 .debug_aranges
                0x00000000000000c0       0xc8 ../lufa-LUFA-140928/LUFA/Drivers/USB/Core/AVR8/EndpointStream_AVR8.o
 .debug_aranges
                0x0000000000000188       0x40 ../lufa-LUFA-140928/LUFA/Drivers/USB/Core/AVR8/Endpoint_AVR8.o
 .debug_aranges
                0x00000000000001c8       0x18 ../lufa-LUFA-140928/LUFA/Drivers/USB/Core/AVR8/Host_AVR8.o
 .debug_aranges
                0x00000000000001e0       0x18 ../lufa-LUFA-140928/LUFA/Drivers/USB/Core/AVR8/PipeStream_AVR8.o
 .debug_aranges
                0x00000000000001f8       0x18 ../lufa-LUFA-140928/LUFA/Drivers/USB/Core/AVR8/Pipe_AVR8.o
 .debug_aranges
                0x0000000000000210       0x30 ../lufa-LUFA-140928/LUFA/Drivers/USB/Core/AVR8/USBController_AVR8.o
 .debug_aranges
                0x0000000000000240       0x38 ../lufa-LUFA-140928/LUFA/Drivers/USB/Core/AVR8/USBInterrupt_AVR8.o
 .debug_aranges
                0x0000000000000278       0x40 ../lufa-LUFA-140928/LUFA/Drivers/USB/Core/ConfigDescriptors.o
 .debug_aranges
                0x00000000000002b8       0x20 ../lufa-LUFA-140928/LUFA/Drivers/USB/Core/DeviceStandardReq.o
 .debug_aranges
                0x00000000000002d8       0x20 ../lufa-LUFA-140928/LUFA/Drivers/USB/Core/Events.o
 .debug_aranges
                0x00000000000002f8       0x18 ../lufa-LUFA-140928/LUFA/Drivers/USB/Core/HostStandardReq.o
 .debug_aranges
                0x0000000000000310       0x20 ../lufa-LUFA-140928/LUFA/Drivers/USB/Core/USBTask.o
 .debug_aranges
                0x0000000000000330       0x30 ../lufa-LUFA-140928/LUFA/Drivers/USB/Class/Device/AudioClassDevice.o
 .debug_aranges
                0x0000000000000360       0x98 ../lufa-LUFA-140928/LUFA/Drivers/USB/Class/Device/CDCClassDevice.o
 .debug_aranges
                0x00000000000003f8       0x30 ../lufa-LUFA-140928/LUFA/Drivers/USB/Class/Device/HIDClassDevice.o
 .debug_aranges
                0x0000000000000428       0x30 ../lufa-LUFA-140928/LUFA/Drivers/USB/Class/Device/MassStorageClassDevice.o
 .debug_aranges
                0x0000000000000458       0x40 ../lufa-LUFA-140928/LUFA/Drivers/USB/Class/Device/MIDIClassDevice.o
 .debug_aranges
                0x0000000000000498       0x90 ../lufa-LUFA-140928/LUFA/Drivers/USB/Class/Device/PrinterClassDevice.o
 .debug_aranges
                0x0000000000000528       0x48 ../lufa-LUFA-140928/LUFA/Drivers/USB/Class/Device/RNDISClassDevice.o
 .debug_aranges
                0x0000000000000570       0x18 ../lufa-LUFA-140928/LUFA/Drivers/USB/Class/Host/AndroidAccessoryClassHost.o
 .debug_aranges
                0x0000000000000588       0x18 ../lufa-LUFA-140928/LUFA/Drivers/USB/Class/Host/AudioClassHost.o
 .debug_aranges
                0x00000000000005a0       0x18 ../lufa-LUFA-140928/LUFA/Drivers/USB/Class/Host/CDCClassHost.o
 .debug_aranges
                0x00000000000005b8       0x18 ../lufa-LUFA-140928/LUFA/Drivers/USB/Class/Host/HIDClassHost.o
 .debug_aranges
                0x00000000000005d0       0x18 ../lufa-LUFA-140928/LUFA/Drivers/USB/Class/Host/MassStorageClassHost.o
 .debug_aranges
                0x00000000000005e8       0x18 ../lufa-LUFA-140928/LUFA/Drivers/USB/Class/Host/MIDIClassHost.o
 .debug_aranges
                0x0000000000000600       0x18 ../lufa-LUFA-140928/LUFA/Drivers/USB/Class/Host/PrinterClassHost.o
 .debug_aranges
                0x0000000000000618       0x18 ../lufa-LUFA-140928/LUFA/Drivers/USB/Class/Host/RNDISClassHost.o
 .debug_aranges
                0x0000000000000630       0x18 ../lufa-LUFA-140928/LUFA/Drivers/USB/Class/Host/StillImageClassHost.o

.debug_pubnames
 *(.debug_pubnames)

.debug_info     0x0000000000000000     0xa338
 *(.debug_info)
 .debug_info    0x0000000000000000      0x5ad VirtualSerial.o
 .debug_info    0x00000000000005ad      0x786 Descriptors.o
 .debug_info    0x0000000000000d33      0x741 ../lufa-LUFA-140928/LUFA/Drivers/USB/Class/Common/HIDParser.o
 .debug_info    0x0000000000001474       0xd2 ../lufa-LUFA-140928/LUFA/Drivers/USB/Core/AVR8/Device_AVR8.o
 .debug_info    0x0000000000001546     0x17b1 ../lufa-LUFA-140928/LUFA/Drivers/USB/Core/AVR8/EndpointStream_AVR8.o
 .debug_info    0x0000000000002cf7      0x614 ../lufa-LUFA-140928/LUFA/Drivers/USB/Core/AVR8/Endpoint_AVR8.o
 .debug_info    0x000000000000330b       0x56 ../lufa-LUFA-140928/LUFA/Drivers/USB/Core/AVR8/Host_AVR8.o
 .debug_info    0x0000000000003361       0x56 ../lufa-LUFA-140928/LUFA/Drivers/USB/Core/AVR8/PipeStream_AVR8.o
 .debug_info    0x00000000000033b7       0x56 ../lufa-LUFA-140928/LUFA/Drivers/USB/Core/AVR8/Pipe_AVR8.o
 .debug_info    0x000000000000340d      0x46a ../lufa-LUFA-140928/LUFA/Drivers/USB/Core/AVR8/USBController_AVR8.o
 .debug_info    0x0000000000003877      0x708 ../lufa-LUFA-140928/LUFA/Drivers/USB/Core/AVR8/USBInterrupt_AVR8.o
 .debug_info    0x0000000000003f7f      0x3cd ../lufa-LUFA-140928/LUFA/Drivers/USB/Core/ConfigDescriptors.o
 .debug_info    0x000000000000434c      0xa57 ../lufa-LUFA-140928/LUFA/Drivers/USB/Core/DeviceStandardReq.o
 .debug_info    0x0000000000004da3       0x78 ../lufa-LUFA-140928/LUFA/Drivers/USB/Core/Events.o
 .debug_info    0x0000000000004e1b       0x56 ../lufa-LUFA-140928/LUFA/Drivers/USB/Core/HostStandardReq.o
 .debug_info    0x0000000000004e71      0x26b ../lufa-LUFA-140928/LUFA/Drivers/USB/Core/USBTask.o
 .debug_info    0x00000000000050dc      0x8fc ../lufa-LUFA-140928/LUFA/Drivers/USB/Class/Device/AudioClassDevice.o
 .debug_info    0x00000000000059d8      0xe7e ../lufa-LUFA-140928/LUFA/Drivers/USB/Class/Device/CDCClassDevice.o
 .debug_info    0x0000000000006856      0xa07 ../lufa-LUFA-140928/LUFA/Drivers/USB/Class/Device/HIDClassDevice.o
 .debug_info    0x000000000000725d      0x95b ../lufa-LUFA-140928/LUFA/Drivers/USB/Class/Device/MassStorageClassDevice.o
 .debug_info    0x0000000000007bb8      0x62f ../lufa-LUFA-140928/LUFA/Drivers/USB/Class/Device/MIDIClassDevice.o
 .debug_info    0x00000000000081e7      0xce5 ../lufa-LUFA-140928/LUFA/Drivers/USB/Class/Device/PrinterClassDevice.o
 .debug_info    0x0000000000008ecc     0x1166 ../lufa-LUFA-140928/LUFA/Drivers/USB/Class/Device/RNDISClassDevice.o
 .debug_info    0x000000000000a032       0x56 ../lufa-LUFA-140928/LUFA/Drivers/USB/Class/Host/AndroidAccessoryClassHost.o
 .debug_info    0x000000000000a088       0x56 ../lufa-LUFA-140928/LUFA/Drivers/USB/Class/Host/AudioClassHost.o
 .debug_info    0x000000000000a0de       0x56 ../lufa-LUFA-140928/LUFA/Drivers/USB/Class/Host/CDCClassHost.o
 .debug_info    0x000000000000a134       0x56 ../lufa-LUFA-140928/LUFA/Drivers/USB/Class/Host/HIDClassHost.o
 .debug_info    0x000000000000a18a       0x56 ../lufa-LUFA-140928/LUFA/Drivers/USB/Class/Host/MassStorageClassHost.o
 .debug_info    0x000000000000a1e0       0x56 ../lufa-LUFA-140928/LUFA/Drivers/USB/Class/Host/MIDIClassHost.o
 .debug_info    0x000000000000a236       0x56 ../lufa-LUFA-140928/LUFA/Drivers/USB/Class/Host/PrinterClassHost.o
 .debug_info    0x000000000000a28c       0x56 ../lufa-LUFA-140928/LUFA/Drivers/USB/Class/Host/RNDISClassHost.o
 .debug_info    0x000000000000a2e2       0x56 ../lufa-LUFA-140928/LUFA/Drivers/USB/Class/Host/StillImageClassHost.o
 *(.gnu.linkonce.wi.*)

.debug_abbrev   0x0000000000000000     0x2ac4
 *(.debug_abbrev)
 .debug_abbrev  0x0000000000000000      0x2b5 VirtualSerial.o
 .debug_abbrev  0x00000000000002b5      0x14e Descriptors.o
 .debug_abbrev  0x0000000000000403      0x22d ../lufa-LUFA-140928/LUFA/Drivers/USB/Class/Common/HIDParser.o
 .debug_abbrev  0x0000000000000630       0x80 ../lufa-LUFA-140928/LUFA/Drivers/USB/Core/AVR8/Device_AVR8.o
 .debug_abbrev  0x00000000000006b0      0x213 ../lufa-LUFA-140928/LUFA/Drivers/USB/Core/AVR8/EndpointStream_AVR8.o
 .debug_abbrev  0x00000000000008c3      0x222 ../lufa-LUFA-140928/LUFA/Drivers/USB/Core/AVR8/Endpoint_AVR8.o
 .debug_abbrev  0x0000000000000ae5       0x26 ../lufa-LUFA-140928/LUFA/Drivers/USB/Core/AVR8/Host_AVR8.o
 .debug_abbrev  0x0000000000000b0b       0x26 ../lufa-LUFA-140928/LUFA/Drivers/USB/Core/AVR8/PipeStream_AVR8.o
 .debug_abbrev  0x0000000000000b31       0x26 ../lufa-LUFA-140928/LUFA/Drivers/USB/Core/AVR8/Pipe_AVR8.o
 .debug_abbrev  0x0000000000000b57      0x18d ../lufa-LUFA-140928/LUFA/Drivers/USB/Core/AVR8/USBController_AVR8.o
 .debug_abbrev  0x0000000000000ce4      0x234 ../lufa-LUFA-140928/LUFA/Drivers/USB/Core/AVR8/USBInterrupt_AVR8.o
 .debug_abbrev  0x0000000000000f18      0x183 ../lufa-LUFA-140928/LUFA/Drivers/USB/Core/ConfigDescriptors.o
 .debug_abbrev  0x000000000000109b      0x2c9 ../lufa-LUFA-140928/LUFA/Drivers/USB/Core/DeviceStandardReq.o
 .debug_abbrev  0x0000000000001364       0x44 ../lufa-LUFA-140928/LUFA/Drivers/USB/Core/Events.o
 .debug_abbrev  0x00000000000013a8       0x26 ../lufa-LUFA-140928/LUFA/Drivers/USB/Core/HostStandardReq.o
 .debug_abbrev  0x00000000000013ce      0x168 ../lufa-LUFA-140928/LUFA/Drivers/USB/Core/USBTask.o
 .debug_abbrev  0x0000000000001536      0x20c ../lufa-LUFA-140928/LUFA/Drivers/USB/Class/Device/AudioClassDevice.o
 .debug_abbrev  0x0000000000001742      0x41d ../lufa-LUFA-140928/LUFA/Drivers/USB/Class/Device/CDCClassDevice.o
 .debug_abbrev  0x0000000000001b5f      0x26b ../lufa-LUFA-140928/LUFA/Drivers/USB/Class/Device/HIDClassDevice.o
 .debug_abbrev  0x0000000000001dca      0x2a8 ../lufa-LUFA-140928/LUFA/Drivers/USB/Class/Device/MassStorageClassDevice.o
 .debug_abbrev  0x0000000000002072      0x243 ../lufa-LUFA-140928/LUFA/Drivers/USB/Class/Device/MIDIClassDevice.o
 .debug_abbrev  0x00000000000022b5      0x343 ../lufa-LUFA-140928/LUFA/Drivers/USB/Class/Device/PrinterClassDevice.o
 .debug_abbrev  0x00000000000025f8      0x376 ../lufa-LUFA-140928/LUFA/Drivers/USB/Class/Device/RNDISClassDevice.o
 .debug_abbrev  0x000000000000296e       0x26 ../lufa-LUFA-140928/LUFA/Drivers/USB/Class/Host/AndroidAccessoryClassHost.o
 .debug_abbrev  0x0000000000002994       0x26 ../lufa-LUFA-140928/LUFA/Drivers/USB/Class/Host/AudioClassHost.o
 .debug_abbrev  0x00000000000029ba       0x26 ../lufa-LUFA-140928/LUFA/Drivers/USB/Class/Host/CDCClassHost.o
 .debug_abbrev  0x00000000000029e0       0x26 ../lufa-LUFA-140928/LUFA/Drivers/USB/Class/Host/HIDClassHost.o
 .debug_abbrev  0x0000000000002a06       0x26 ../lufa-LUFA-140928/LUFA/Drivers/USB/Class/Host/MassStorageClassHost.o
 .debug_abbrev  0x0000000000002a2c       0x26 ../lufa-LUFA-140928/LUFA/Drivers/USB/Class/Host/MIDIClassHost.o
 .debug_abbrev  0x0000000000002a52       0x26 ../lufa-LUFA-140928/LUFA/Drivers/USB/Class/Host/PrinterClassHost.o
 .debug_abbrev  0x0000000000002a78       0x26 ../lufa-LUFA-140928/LUFA/Drivers/USB/Class/Host/RNDISClassHost.o
 .debug_abbrev  0x0000000000002a9e       0x26 ../lufa-LUFA-140928/LUFA/Drivers/USB/Class/Host/StillImageClassHost.o

.debug_line     0x0000000000000000     0x416e
 *(.debug_line)
 .debug_line    0x0000000000000000      0x2d9 VirtualSerial.o
 .debug_line    0x00000000000002d9      0x191 Descriptors.o
 .debug_line    0x000000000000046a      0x231 ../lufa-LUFA-140928/LUFA/Drivers/USB/Class/Common/HIDParser.o
 .debug_line    0x000000000000069b      0x103 ../lufa-LUFA-140928/LUFA/Drivers/USB/Core/AVR8/Device_AVR8.o
 .debug_line    0x000000000000079e      0xc0d ../lufa-LUFA-140928/LUFA/Drivers/USB/Core/AVR8/EndpointStream_AVR8.o
 .debug_line    0x00000000000013ab      0x37a ../lufa-LUFA-140928/LUFA/Drivers/USB/Core/AVR8/Endpoint_AVR8.o
 .debug_line    0x0000000000001725       0x1d ../lufa-LUFA-140928/LUFA/Drivers/USB/Core/AVR8/Host_AVR8.o
 .debug_line    0x0000000000001742       0x1d ../lufa-LUFA-140928/LUFA/Drivers/USB/Core/AVR8/PipeStream_AVR8.o
 .debug_line    0x000000000000175f       0x1d ../lufa-LUFA-140928/LUFA/Drivers/USB/Core/AVR8/Pipe_AVR8.o
 .debug_line    0x000000000000177c      0x271 ../lufa-LUFA-140928/LUFA/Drivers/USB/Core/AVR8/USBController_AVR8.o
 .debug_line    0x00000000000019ed      0x3fe ../lufa-LUFA-140928/LUFA/Drivers/USB/Core/AVR8/USBInterrupt_AVR8.o
 .debug_line    0x0000000000001deb      0x15a ../lufa-LUFA-140928/LUFA/Drivers/USB/Core/ConfigDescriptors.o
 .debug_line    0x0000000000001f45      0x330 ../lufa-LUFA-140928/LUFA/Drivers/USB/Core/DeviceStandardReq.o
 .debug_line    0x0000000000002275       0x62 ../lufa-LUFA-140928/LUFA/Drivers/USB/Core/Events.o
 .debug_line    0x00000000000022d7       0x1d ../lufa-LUFA-140928/LUFA/Drivers/USB/Core/HostStandardReq.o
 .debug_line    0x00000000000022f4      0x15c ../lufa-LUFA-140928/LUFA/Drivers/USB/Core/USBTask.o
 .debug_line    0x0000000000002450      0x301 ../lufa-LUFA-140928/LUFA/Drivers/USB/Class/Device/AudioClassDevice.o
 .debug_line    0x0000000000002751      0x592 ../lufa-LUFA-140928/LUFA/Drivers/USB/Class/Device/CDCClassDevice.o
 .debug_line    0x0000000000002ce3      0x3c1 ../lufa-LUFA-140928/LUFA/Drivers/USB/Class/Device/HIDClassDevice.o
 .debug_line    0x00000000000030a4      0x37d ../lufa-LUFA-140928/LUFA/Drivers/USB/Class/Device/MassStorageClassDevice.o
 .debug_line    0x0000000000003421      0x306 ../lufa-LUFA-140928/LUFA/Drivers/USB/Class/Device/MIDIClassDevice.o
 .debug_line    0x0000000000003727      0x4db ../lufa-LUFA-140928/LUFA/Drivers/USB/Class/Device/PrinterClassDevice.o
 .debug_line    0x0000000000003c02      0x467 ../lufa-LUFA-140928/LUFA/Drivers/USB/Class/Device/RNDISClassDevice.o
 .debug_line    0x0000000000004069       0x1d ../lufa-LUFA-140928/LUFA/Drivers/USB/Class/Host/AndroidAccessoryClassHost.o
 .debug_line    0x0000000000004086       0x1d ../lufa-LUFA-140928/LUFA/Drivers/USB/Class/Host/AudioClassHost.o
 .debug_line    0x00000000000040a3       0x1d ../lufa-LUFA-140928/LUFA/Drivers/USB/Class/Host/CDCClassHost.o
 .debug_line    0x00000000000040c0       0x1d ../lufa-LUFA-140928/LUFA/Drivers/USB/Class/Host/HIDClassHost.o
 .debug_line    0x00000000000040dd       0x1d ../lufa-LUFA-140928/LUFA/Drivers/USB/Class/Host/MassStorageClassHost.o
 .debug_line    0x00000000000040fa       0x1d ../lufa-LUFA-140928/LUFA/Drivers/USB/Class/Host/MIDIClassHost.o
 .debug_line    0x0000000000004117       0x1d ../lufa-LUFA-140928/LUFA/Drivers/USB/Class/Host/PrinterClassHost.o
 .debug_line    0x0000000000004134       0x1d ../lufa-LUFA-140928/LUFA/Drivers/USB/Class/Host/RNDISClassHost.o
 .debug_line    0x0000000000004151       0x1d ../lufa-LUFA-140928/LUFA/Drivers/USB/Class/Host/StillImageClassHost.o

.debug_frame    0x0000000000000000      0xefc
 *(.debug_frame)
 .debug_frame   0x0000000000000000       0x74 VirtualSerial.o
 .debug_frame   0x0000000000000074       0x24 Descriptors.o
 .debug_frame   0x0000000000000098      0x114 ../lufa-LUFA-140928/LUFA/Drivers/USB/Class/Common/HIDParser.o
 .debug_frame   0x00000000000001ac       0x24 ../lufa-LUFA-140928/LUFA/Drivers/USB/Core/AVR8/Device_AVR8.o
 .debug_frame   0x00000000000001d0      0x3b4 ../lufa-LUFA-140928/LUFA/Drivers/USB/Core/AVR8/EndpointStream_AVR8.o
 .debug_frame   0x0000000000000584       0x78 ../lufa-LUFA-140928/LUFA/Drivers/USB/Core/AVR8/Endpoint_AVR8.o
 .debug_frame   0x00000000000005fc       0x44 ../lufa-LUFA-140928/LUFA/Drivers/USB/Core/AVR8/USBController_AVR8.o
 .debug_frame   0x0000000000000640       0xe8 ../lufa-LUFA-140928/LUFA/Drivers/USB/Core/AVR8/USBInterrupt_AVR8.o
 .debug_frame   0x0000000000000728      0x108 ../lufa-LUFA-140928/LUFA/Drivers/USB/Core/ConfigDescriptors.o
 .debug_frame   0x0000000000000830       0x3c ../lufa-LUFA-140928/LUFA/Drivers/USB/Core/DeviceStandardReq.o
 .debug_frame   0x000000000000086c       0x24 ../lufa-LUFA-140928/LUFA/Drivers/USB/Core/Events.o
 .debug_frame   0x0000000000000890       0x2c ../lufa-LUFA-140928/LUFA/Drivers/USB/Core/USBTask.o
 .debug_frame   0x00000000000008bc       0xa8 ../lufa-LUFA-140928/LUFA/Drivers/USB/Class/Device/AudioClassDevice.o
 .debug_frame   0x0000000000000964      0x168 ../lufa-LUFA-140928/LUFA/Drivers/USB/Class/Device/CDCClassDevice.o
 .debug_frame   0x0000000000000acc       0xe4 ../lufa-LUFA-140928/LUFA/Drivers/USB/Class/Device/HIDClassDevice.o
 .debug_frame   0x0000000000000bb0       0x80 ../lufa-LUFA-140928/LUFA/Drivers/USB/Class/Device/MassStorageClassDevice.o
 .debug_frame   0x0000000000000c30       0x70 ../lufa-LUFA-140928/LUFA/Drivers/USB/Class/Device/MIDIClassDevice.o
 .debug_frame   0x0000000000000ca0      0x144 ../lufa-LUFA-140928/LUFA/Drivers/USB/Class/Device/PrinterClassDevice.o
 .debug_frame   0x0000000000000de4      0x118 ../lufa-LUFA-140928/LUFA/Drivers/USB/Class/Device/RNDISClassDevice.o

.debug_str      0x0000000000000000     0x3ea3
 *(.debug_str)
 .debug_str     0x0000000000000000      0x4c1 VirtualSerial.o
                                        0x53c (size before relaxing)
 .debug_str     0x00000000000004c1      0x90a Descriptors.o
                                        0xb50 (size before relaxing)
 .debug_str     0x0000000000000dcb      0x4a3 ../lufa-LUFA-140928/LUFA/Drivers/USB/Class/Common/HIDParser.o
                                        0x6c4 (size before relaxing)
 .debug_str     0x000000000000126e       0x85 ../lufa-LUFA-140928/LUFA/Drivers/USB/Core/AVR8/Device_AVR8.o
                                        0x200 (size before relaxing)
 .debug_str     0x00000000000012f3      0x68a ../lufa-LUFA-140928/LUFA/Drivers/USB/Core/AVR8/EndpointStream_AVR8.o
                                        0x861 (size before relaxing)
 .debug_str     0x000000000000197d      0x2e4 ../lufa-LUFA-140928/LUFA/Drivers/USB/Core/AVR8/Endpoint_AVR8.o
                                        0x622 (size before relaxing)
 .debug_str     0x0000000000001c61       0x3b ../lufa-LUFA-140928/LUFA/Drivers/USB/Core/AVR8/Host_AVR8.o
                                        0x19f (size before relaxing)
 .debug_str     0x0000000000001c9c       0x41 ../lufa-LUFA-140928/LUFA/Drivers/USB/Core/AVR8/PipeStream_AVR8.o
                                        0x1a5 (size before relaxing)
 .debug_str     0x0000000000001cdd       0x3b ../lufa-LUFA-140928/LUFA/Drivers/USB/Core/AVR8/Pipe_AVR8.o
                                        0x19f (size before relaxing)
 .debug_str     0x0000000000001d18      0x246 ../lufa-LUFA-140928/LUFA/Drivers/USB/Core/AVR8/USBController_AVR8.o
                                        0x538 (size before relaxing)
 .debug_str     0x0000000000001f5e      0x13f ../lufa-LUFA-140928/LUFA/Drivers/USB/Core/AVR8/USBInterrupt_AVR8.o
                                        0x58d (size before relaxing)
 .debug_str     0x000000000000209d      0x235 ../lufa-LUFA-140928/LUFA/Drivers/USB/Core/ConfigDescriptors.o
                                        0x3e8 (size before relaxing)
 .debug_str     0x00000000000022d2      0x40f ../lufa-LUFA-140928/LUFA/Drivers/USB/Core/DeviceStandardReq.o
                                        0x9d4 (size before relaxing)
 .debug_str     0x00000000000026e1       0x42 ../lufa-LUFA-140928/LUFA/Drivers/USB/Core/Events.o
                                        0x1a6 (size before relaxing)
 .debug_str     0x0000000000002723       0x3c ../lufa-LUFA-140928/LUFA/Drivers/USB/Core/HostStandardReq.o
                                        0x1a0 (size before relaxing)
 .debug_str     0x000000000000275f       0x50 ../lufa-LUFA-140928/LUFA/Drivers/USB/Core/USBTask.o
                                        0x387 (size before relaxing)
 .debug_str     0x00000000000027af      0x291 ../lufa-LUFA-140928/LUFA/Drivers/USB/Class/Device/AudioClassDevice.o
                                        0x6bc (size before relaxing)
 .debug_str     0x0000000000002a40      0x287 ../lufa-LUFA-140928/LUFA/Drivers/USB/Class/Device/CDCClassDevice.o
                                        0xa11 (size before relaxing)
 .debug_str     0x0000000000002cc7      0x260 ../lufa-LUFA-140928/LUFA/Drivers/USB/Class/Device/HIDClassDevice.o
                                        0x70e (size before relaxing)
 .debug_str     0x0000000000002f27      0x272 ../lufa-LUFA-140928/LUFA/Drivers/USB/Class/Device/MassStorageClassDevice.o
                                        0x808 (size before relaxing)
 .debug_str     0x0000000000003199      0x126 ../lufa-LUFA-140928/LUFA/Drivers/USB/Class/Device/MIDIClassDevice.o
                                        0x67d (size before relaxing)
 .debug_str     0x00000000000032bf      0x27a ../lufa-LUFA-140928/LUFA/Drivers/USB/Class/Device/PrinterClassDevice.o
                                        0x946 (size before relaxing)
 .debug_str     0x0000000000003539      0x70e ../lufa-LUFA-140928/LUFA/Drivers/USB/Class/Device/RNDISClassDevice.o
                                        0xd7e (size before relaxing)
 .debug_str     0x0000000000003c47       0x4c ../lufa-LUFA-140928/LUFA/Drivers/USB/Class/Host/AndroidAccessoryClassHost.o
                                        0x1b0 (size before relaxing)
 .debug_str     0x0000000000003c93       0x41 ../lufa-LUFA-140928/LUFA/Drivers/USB/Class/Host/AudioClassHost.o
                                        0x1a5 (size before relaxing)
 .debug_str     0x0000000000003cd4       0x3f ../lufa-LUFA-140928/LUFA/Drivers/USB/Class/Host/CDCClassHost.o
                                        0x1a3 (size before relaxing)
 .debug_str     0x0000000000003d13       0x3f ../lufa-LUFA-140928/LUFA/Drivers/USB/Class/Host/HIDClassHost.o
                                        0x1a3 (size before relaxing)
 .debug_str     0x0000000000003d52       0x47 ../lufa-LUFA-140928/LUFA/Drivers/USB/Class/Host/MassStorageClassHost.o
                                        0x1ab (size before relaxing)
 .debug_str     0x0000000000003d99       0x40 ../lufa-LUFA-140928/LUFA/Drivers/USB/Class/Host/MIDIClassHost.o
                                        0x1a4 (size before relaxing)
 .debug_str     0x0000000000003dd9       0x43 ../lufa-LUFA-140928/LUFA/Drivers/USB/Class/Host/PrinterClassHost.o
                                        0x1a7 (size before relaxing)
 .debug_str     0x0000000000003e1c       0x41 ../lufa-LUFA-140928/LUFA/Drivers/USB/Class/Host/RNDISClassHost.o
                                        0x1a5 (size before relaxing)
 .debug_str     0x0000000000003e5d       0x46 ../lufa-LUFA-140928/LUFA/Drivers/USB/Class/Host/StillImageClassHost.o
                                        0x1aa (size before relaxing)

.debug_loc      0x0000000000000000     0x670d
 *(.debug_loc)
 .debug_loc     0x0000000000000000      0x186 Descriptors.o
 .debug_loc     0x0000000000000186      0xaa0 ../lufa-LUFA-140928/LUFA/Drivers/USB/Class/Common/HIDParser.o
 .debug_loc     0x0000000000000c26     0x1f66 ../lufa-LUFA-140928/LUFA/Drivers/USB/Core/AVR8/EndpointStream_AVR8.o
 .debug_loc     0x0000000000002b8c      0x3fe ../lufa-LUFA-140928/LUFA/Drivers/USB/Core/AVR8/Endpoint_AVR8.o
 .debug_loc     0x0000000000002f8a      0x30b ../lufa-LUFA-140928/LUFA/Drivers/USB/Core/AVR8/USBInterrupt_AVR8.o
 .debug_loc     0x0000000000003295      0x5bd ../lufa-LUFA-140928/LUFA/Drivers/USB/Core/ConfigDescriptors.o
 .debug_loc     0x0000000000003852      0x2be ../lufa-LUFA-140928/LUFA/Drivers/USB/Core/DeviceStandardReq.o
 .debug_loc     0x0000000000003b10       0x49 ../lufa-LUFA-140928/LUFA/Drivers/USB/Core/USBTask.o
 .debug_loc     0x0000000000003b59      0x37c ../lufa-LUFA-140928/LUFA/Drivers/USB/Class/Device/AudioClassDevice.o
 .debug_loc     0x0000000000003ed5      0x85b ../lufa-LUFA-140928/LUFA/Drivers/USB/Class/Device/CDCClassDevice.o
 .debug_loc     0x0000000000004730      0x43e ../lufa-LUFA-140928/LUFA/Drivers/USB/Class/Device/HIDClassDevice.o
 .debug_loc     0x0000000000004b6e      0x29f ../lufa-LUFA-140928/LUFA/Drivers/USB/Class/Device/MassStorageClassDevice.o
 .debug_loc     0x0000000000004e0d      0x2b8 ../lufa-LUFA-140928/LUFA/Drivers/USB/Class/Device/MIDIClassDevice.o
 .debug_loc     0x00000000000050c5      0x84c ../lufa-LUFA-140928/LUFA/Drivers/USB/Class/Device/PrinterClassDevice.o
 .debug_loc     0x0000000000005911      0xdfc ../lufa-LUFA-140928/LUFA/Drivers/USB/Class/Device/RNDISClassDevice.o

.debug_macinfo
 *(.debug_macinfo)

.debug_pubtypes
 *(.debug_pubtypes)

.debug_ranges   0x0000000000000000      0x768
 *(.debug_ranges)
 .debug_ranges  0x0000000000000000       0x38 VirtualSerial.o
 .debug_ranges  0x0000000000000038       0x10 Descriptors.o
 .debug_ranges  0x0000000000000048       0xd0 ../lufa-LUFA-140928/LUFA/Drivers/USB/Class/Common/HIDParser.o
 .debug_ranges  0x0000000000000118       0x10 ../lufa-LUFA-140928/LUFA/Drivers/USB/Core/AVR8/Device_AVR8.o
 .debug_ranges  0x0000000000000128      0x2d0 ../lufa-LUFA-140928/LUFA/Drivers/USB/Core/AVR8/EndpointStream_AVR8.o
 .debug_ranges  0x00000000000003f8       0x90 ../lufa-LUFA-140928/LUFA/Drivers/USB/Core/AVR8/Endpoint_AVR8.o
 .debug_ranges  0x0000000000000488       0x20 ../lufa-LUFA-140928/LUFA/Drivers/USB/Core/AVR8/USBController_AVR8.o
 .debug_ranges  0x00000000000004a8       0x28 ../lufa-LUFA-140928/LUFA/Drivers/USB/Core/AVR8/USBInterrupt_AVR8.o
 .debug_ranges  0x00000000000004d0       0x30 ../lufa-LUFA-140928/LUFA/Drivers/USB/Core/ConfigDescriptors.o
 .debug_ranges  0x0000000000000500       0x28 ../lufa-LUFA-140928/LUFA/Drivers/USB/Core/DeviceStandardReq.o
 .debug_ranges  0x0000000000000528       0x10 ../lufa-LUFA-140928/LUFA/Drivers/USB/Core/Events.o
 .debug_ranges  0x0000000000000538       0x10 ../lufa-LUFA-140928/LUFA/Drivers/USB/Core/USBTask.o
 .debug_ranges  0x0000000000000548       0x20 ../lufa-LUFA-140928/LUFA/Drivers/USB/Class/Device/AudioClassDevice.o
 .debug_ranges  0x0000000000000568       0x88 ../lufa-LUFA-140928/LUFA/Drivers/USB/Class/Device/CDCClassDevice.o
 .debug_ranges  0x00000000000005f0       0x20 ../lufa-LUFA-140928/LUFA/Drivers/USB/Class/Device/HIDClassDevice.o
 .debug_ranges  0x0000000000000610       0x20 ../lufa-LUFA-140928/LUFA/Drivers/USB/Class/Device/MassStorageClassDevice.o
 .debug_ranges  0x0000000000000630       0x30 ../lufa-LUFA-140928/LUFA/Drivers/USB/Class/Device/MIDIClassDevice.o
 .debug_ranges  0x0000000000000660       0x80 ../lufa-LUFA-140928/LUFA/Drivers/USB/Class/Device/PrinterClassDevice.o
 .debug_ranges  0x00000000000006e0       0x88 ../lufa-LUFA-140928/LUFA/Drivers/USB/Class/Device/RNDISClassDevice.o

.debug_macro
 *(.debug_macro)
OUTPUT(VirtualSerial.elf elf32-avr)
LOAD linker stubs

Cross Reference Table

Symbol                                            File
Audio_Device_ConfigureEndpoints                   ../lufa-LUFA-140928/LUFA/Drivers/USB/Class/Device/AudioClassDevice.o
Audio_Device_Event_Stub                           ../lufa-LUFA-140928/LUFA/Drivers/USB/Class/Device/AudioClassDevice.o
Audio_Device_ProcessControlRequest                ../lufa-LUFA-140928/LUFA/Drivers/USB/Class/Device/AudioClassDevice.o
CALLBACK_Audio_Device_GetSetEndpointProperty      ../lufa-LUFA-140928/LUFA/Drivers/USB/Class/Device/AudioClassDevice.o
CALLBACK_Audio_Device_GetSetInterfaceProperty     ../lufa-LUFA-140928/LUFA/Drivers/USB/Class/Device/AudioClassDevice.o
CALLBACK_HIDParser_FilterHIDReportItem            ../lufa-LUFA-140928/LUFA/Drivers/USB/Class/Common/HIDParser.o
CALLBACK_HID_Device_CreateHIDReport               ../lufa-LUFA-140928/LUFA/Drivers/USB/Class/Device/HIDClassDevice.o
CALLBACK_HID_Device_ProcessHIDReport              ../lufa-LUFA-140928/LUFA/Drivers/USB/Class/Device/HIDClassDevice.o
CALLBACK_MS_Device_SCSICommandReceived            ../lufa-LUFA-140928/LUFA/Drivers/USB/Class/Device/MassStorageClassDevice.o
CALLBACK_USB_GetDescriptor                        Descriptors.o
                                                  ../lufa-LUFA-140928/LUFA/Drivers/USB/Core/DeviceStandardReq.o
CDC_Device_BytesReceived                          ../lufa-LUFA-140928/LUFA/Drivers/USB/Class/Device/CDCClassDevice.o
CDC_Device_ConfigureEndpoints                     ../lufa-LUFA-140928/LUFA/Drivers/USB/Class/Device/CDCClassDevice.o
                                                  VirtualSerial.o
CDC_Device_CreateBlockingStream                   ../lufa-LUFA-140928/LUFA/Drivers/USB/Class/Device/CDCClassDevice.o
CDC_Device_CreateStream                           ../lufa-LUFA-140928/LUFA/Drivers/USB/Class/Device/CDCClassDevice.o
                                                  VirtualSerial.o
CDC_Device_Event_Stub                             ../lufa-LUFA-140928/LUFA/Drivers/USB/Class/Device/CDCClassDevice.o
CDC_Device_Flush                                  ../lufa-LUFA-140928/LUFA/Drivers/USB/Class/Device/CDCClassDevice.o
CDC_Device_ProcessControlRequest                  ../lufa-LUFA-140928/LUFA/Drivers/USB/Class/Device/CDCClassDevice.o
                                                  VirtualSerial.o
CDC_Device_ReceiveByte                            ../lufa-LUFA-140928/LUFA/Drivers/USB/Class/Device/CDCClassDevice.o
                                                  VirtualSerial.o
CDC_Device_SendByte                               ../lufa-LUFA-140928/LUFA/Drivers/USB/Class/Device/CDCClassDevice.o
CDC_Device_SendControlLineStateChange             ../lufa-LUFA-140928/LUFA/Drivers/USB/Class/Device/CDCClassDevice.o
CDC_Device_SendData                               ../lufa-LUFA-140928/LUFA/Drivers/USB/Class/Device/CDCClassDevice.o
CDC_Device_SendString                             ../lufa-LUFA-140928/LUFA/Drivers/USB/Class/Device/CDCClassDevice.o
CDC_Device_USBTask                                ../lufa-LUFA-140928/LUFA/Drivers/USB/Class/Device/CDCClassDevice.o
                                                  VirtualSerial.o
ConfigurationDescriptor                           Descriptors.o
DeviceDescriptor                                  Descriptors.o
EVENT_Audio_Device_StreamStartStop                ../lufa-LUFA-140928/LUFA/Drivers/USB/Class/Device/AudioClassDevice.o
EVENT_CDC_Device_BreakSent                        ../lufa-LUFA-140928/LUFA/Drivers/USB/Class/Device/CDCClassDevice.o
EVENT_CDC_Device_ControLineStateChanged           ../lufa-LUFA-140928/LUFA/Drivers/USB/Class/Device/CDCClassDevice.o
EVENT_CDC_Device_LineEncodingChanged              ../lufa-LUFA-140928/LUFA/Drivers/USB/Class/Device/CDCClassDevice.o
EVENT_PRNT_Device_SoftReset                       ../lufa-LUFA-140928/LUFA/Drivers/USB/Class/Device/PrinterClassDevice.o
EVENT_USB_Device_ConfigurationChanged             VirtualSerial.o
                                                  ../lufa-LUFA-140928/LUFA/Drivers/USB/Core/DeviceStandardReq.o
EVENT_USB_Device_Connect                          VirtualSerial.o
                                                  ../lufa-LUFA-140928/LUFA/Drivers/USB/Core/AVR8/USBInterrupt_AVR8.o
EVENT_USB_Device_ControlRequest                   VirtualSerial.o
                                                  ../lufa-LUFA-140928/LUFA/Drivers/USB/Core/DeviceStandardReq.o
EVENT_USB_Device_Disconnect                       VirtualSerial.o
                                                  ../lufa-LUFA-140928/LUFA/Drivers/USB/Core/AVR8/USBInterrupt_AVR8.o
EVENT_USB_Device_Reset                            ../lufa-LUFA-140928/LUFA/Drivers/USB/Core/Events.o
                                                  ../lufa-LUFA-140928/LUFA/Drivers/USB/Core/AVR8/USBInterrupt_AVR8.o
EVENT_USB_Device_StartOfFrame                     ../lufa-LUFA-140928/LUFA/Drivers/USB/Core/Events.o
                                                  ../lufa-LUFA-140928/LUFA/Drivers/USB/Core/AVR8/USBInterrupt_AVR8.o
EVENT_USB_Device_Suspend                          ../lufa-LUFA-140928/LUFA/Drivers/USB/Core/Events.o
EVENT_USB_Device_WakeUp                           ../lufa-LUFA-140928/LUFA/Drivers/USB/Core/Events.o
Endpoint_ClearEndpoints                           ../lufa-LUFA-140928/LUFA/Drivers/USB/Core/AVR8/Endpoint_AVR8.o
Endpoint_ClearStatusStage                         ../lufa-LUFA-140928/LUFA/Drivers/USB/Core/AVR8/Endpoint_AVR8.o
                                                  ../lufa-LUFA-140928/LUFA/Drivers/USB/Class/Device/PrinterClassDevice.o
                                                  ../lufa-LUFA-140928/LUFA/Drivers/USB/Class/Device/MassStorageClassDevice.o
                                                  ../lufa-LUFA-140928/LUFA/Drivers/USB/Class/Device/HIDClassDevice.o
                                                  ../lufa-LUFA-140928/LUFA/Drivers/USB/Class/Device/CDCClassDevice.o
                                                  ../lufa-LUFA-140928/LUFA/Drivers/USB/Class/Device/AudioClassDevice.o
                                                  ../lufa-LUFA-140928/LUFA/Drivers/USB/Core/DeviceStandardReq.o
Endpoint_ConfigureEndpointTable                   ../lufa-LUFA-140928/LUFA/Drivers/USB/Core/AVR8/Endpoint_AVR8.o
                                                  ../lufa-LUFA-140928/LUFA/Drivers/USB/Class/Device/RNDISClassDevice.o
                                                  ../lufa-LUFA-140928/LUFA/Drivers/USB/Class/Device/PrinterClassDevice.o
                                                  ../lufa-LUFA-140928/LUFA/Drivers/USB/Class/Device/MIDIClassDevice.o
                                                  ../lufa-LUFA-140928/LUFA/Drivers/USB/Class/Device/MassStorageClassDevice.o
                                                  ../lufa-LUFA-140928/LUFA/Drivers/USB/Class/Device/HIDClassDevice.o
                                                  ../lufa-LUFA-140928/LUFA/Drivers/USB/Class/Device/CDCClassDevice.o
                                                  ../lufa-LUFA-140928/LUFA/Drivers/USB/Class/Device/AudioClassDevice.o
Endpoint_ConfigureEndpoint_Prv                    ../lufa-LUFA-140928/LUFA/Drivers/USB/Core/AVR8/Endpoint_AVR8.o
                                                  ../lufa-LUFA-140928/LUFA/Drivers/USB/Core/AVR8/USBInterrupt_AVR8.o
                                                  ../lufa-LUFA-140928/LUFA/Drivers/USB/Core/AVR8/USBController_AVR8.o
Endpoint_Discard_Stream                           ../lufa-LUFA-140928/LUFA/Drivers/USB/Core/AVR8/EndpointStream_AVR8.o
Endpoint_Null_Stream                              ../lufa-LUFA-140928/LUFA/Drivers/USB/Core/AVR8/EndpointStream_AVR8.o
Endpoint_Read_Control_EStream_BE                  ../lufa-LUFA-140928/LUFA/Drivers/USB/Core/AVR8/EndpointStream_AVR8.o
Endpoint_Read_Control_EStream_LE                  ../lufa-LUFA-140928/LUFA/Drivers/USB/Core/AVR8/EndpointStream_AVR8.o
Endpoint_Read_Control_Stream_BE                   ../lufa-LUFA-140928/LUFA/Drivers/USB/Core/AVR8/EndpointStream_AVR8.o
Endpoint_Read_Control_Stream_LE                   ../lufa-LUFA-140928/LUFA/Drivers/USB/Core/AVR8/EndpointStream_AVR8.o
                                                  ../lufa-LUFA-140928/LUFA/Drivers/USB/Class/Device/RNDISClassDevice.o
                                                  ../lufa-LUFA-140928/LUFA/Drivers/USB/Class/Device/HIDClassDevice.o
                                                  ../lufa-LUFA-140928/LUFA/Drivers/USB/Class/Device/AudioClassDevice.o
Endpoint_Read_EStream_BE                          ../lufa-LUFA-140928/LUFA/Drivers/USB/Core/AVR8/EndpointStream_AVR8.o
Endpoint_Read_EStream_LE                          ../lufa-LUFA-140928/LUFA/Drivers/USB/Core/AVR8/EndpointStream_AVR8.o
Endpoint_Read_Stream_BE                           ../lufa-LUFA-140928/LUFA/Drivers/USB/Core/AVR8/EndpointStream_AVR8.o
Endpoint_Read_Stream_LE                           ../lufa-LUFA-140928/LUFA/Drivers/USB/Core/AVR8/EndpointStream_AVR8.o
                                                  ../lufa-LUFA-140928/LUFA/Drivers/USB/Class/Device/RNDISClassDevice.o
                                                  ../lufa-LUFA-140928/LUFA/Drivers/USB/Class/Device/MIDIClassDevice.o
                                                  ../lufa-LUFA-140928/LUFA/Drivers/USB/Class/Device/MassStorageClassDevice.o
Endpoint_WaitUntilReady                           ../lufa-LUFA-140928/LUFA/Drivers/USB/Core/AVR8/Endpoint_AVR8.o
                                                  ../lufa-LUFA-140928/LUFA/Drivers/USB/Class/Device/RNDISClassDevice.o
                                                  ../lufa-LUFA-140928/LUFA/Drivers/USB/Class/Device/PrinterClassDevice.o
                                                  ../lufa-LUFA-140928/LUFA/Drivers/USB/Class/Device/MIDIClassDevice.o
                                                  ../lufa-LUFA-140928/LUFA/Drivers/USB/Class/Device/CDCClassDevice.o
                                                  ../lufa-LUFA-140928/LUFA/Drivers/USB/Core/AVR8/EndpointStream_AVR8.o
Endpoint_Write_Control_EStream_BE                 ../lufa-LUFA-140928/LUFA/Drivers/USB/Core/AVR8/EndpointStream_AVR8.o
Endpoint_Write_Control_EStream_LE                 ../lufa-LUFA-140928/LUFA/Drivers/USB/Core/AVR8/EndpointStream_AVR8.o
Endpoint_Write_Control_PStream_BE                 ../lufa-LUFA-140928/LUFA/Drivers/USB/Core/AVR8/EndpointStream_AVR8.o
Endpoint_Write_Control_PStream_LE                 ../lufa-LUFA-140928/LUFA/Drivers/USB/Core/AVR8/EndpointStream_AVR8.o
                                                  ../lufa-LUFA-140928/LUFA/Drivers/USB/Core/DeviceStandardReq.o
Endpoint_Write_Control_Stream_BE                  ../lufa-LUFA-140928/LUFA/Drivers/USB/Core/AVR8/EndpointStream_AVR8.o
Endpoint_Write_Control_Stream_LE                  ../lufa-LUFA-140928/LUFA/Drivers/USB/Core/AVR8/EndpointStream_AVR8.o
                                                  ../lufa-LUFA-140928/LUFA/Drivers/USB/Class/Device/RNDISClassDevice.o
                                                  ../lufa-LUFA-140928/LUFA/Drivers/USB/Class/Device/PrinterClassDevice.o
                                                  ../lufa-LUFA-140928/LUFA/Drivers/USB/Class/Device/HIDClassDevice.o
                                                  ../lufa-LUFA-140928/LUFA/Drivers/USB/Class/Device/AudioClassDevice.o
                                                  ../lufa-LUFA-140928/LUFA/Drivers/USB/Core/DeviceStandardReq.o
Endpoint_Write_EStream_BE                         ../lufa-LUFA-140928/LUFA/Drivers/USB/Core/AVR8/EndpointStream_AVR8.o
Endpoint_Write_EStream_LE                         ../lufa-LUFA-140928/LUFA/Drivers/USB/Core/AVR8/EndpointStream_AVR8.o
Endpoint_Write_PStream_BE                         ../lufa-LUFA-140928/LUFA/Drivers/USB/Core/AVR8/EndpointStream_AVR8.o
Endpoint_Write_PStream_LE                         ../lufa-LUFA-140928/LUFA/Drivers/USB/Core/AVR8/EndpointStream_AVR8.o
Endpoint_Write_Stream_BE                          ../lufa-LUFA-140928/LUFA/Drivers/USB/Core/AVR8/EndpointStream_AVR8.o
Endpoint_Write_Stream_LE                          ../lufa-LUFA-140928/LUFA/Drivers/USB/Core/AVR8/EndpointStream_AVR8.o
                                                  ../lufa-LUFA-140928/LUFA/Drivers/USB/Class/Device/RNDISClassDevice.o
                                                  ../lufa-LUFA-140928/LUFA/Drivers/USB/Class/Device/PrinterClassDevice.o
                                                  ../lufa-LUFA-140928/LUFA/Drivers/USB/Class/Device/MIDIClassDevice.o
                                                  ../lufa-LUFA-140928/LUFA/Drivers/USB/Class/Device/MassStorageClassDevice.o
                                                  ../lufa-LUFA-140928/LUFA/Drivers/USB/Class/Device/HIDClassDevice.o
                                                  ../lufa-LUFA-140928/LUFA/Drivers/USB/Class/Device/CDCClassDevice.o
HID_Device_ConfigureEndpoints                     ../lufa-LUFA-140928/LUFA/Drivers/USB/Class/Device/HIDClassDevice.o
HID_Device_ProcessControlRequest                  ../lufa-LUFA-140928/LUFA/Drivers/USB/Class/Device/HIDClassDevice.o
HID_Device_USBTask                                ../lufa-LUFA-140928/LUFA/Drivers/USB/Class/Device/HIDClassDevice.o
LanguageString                                    Descriptors.o
MIDI_Device_ConfigureEndpoints                    ../lufa-LUFA-140928/LUFA/Drivers/USB/Class/Device/MIDIClassDevice.o
MIDI_Device_Flush                                 ../lufa-LUFA-140928/LUFA/Drivers/USB/Class/Device/MIDIClassDevice.o
MIDI_Device_ReceiveEventPacket                    ../lufa-LUFA-140928/LUFA/Drivers/USB/Class/Device/MIDIClassDevice.o
MIDI_Device_SendEventPacket                       ../lufa-LUFA-140928/LUFA/Drivers/USB/Class/Device/MIDIClassDevice.o
MIDI_Device_USBTask                               ../lufa-LUFA-140928/LUFA/Drivers/USB/Class/Device/MIDIClassDevice.o
MS_Device_ConfigureEndpoints                      ../lufa-LUFA-140928/LUFA/Drivers/USB/Class/Device/MassStorageClassDevice.o
MS_Device_ProcessControlRequest                   ../lufa-LUFA-140928/LUFA/Drivers/USB/Class/Device/MassStorageClassDevice.o
MS_Device_USBTask                                 ../lufa-LUFA-140928/LUFA/Drivers/USB/Class/Device/MassStorageClassDevice.o
ManufacturerString                                Descriptors.o
PRNT_Device_BytesReceived                         ../lufa-LUFA-140928/LUFA/Drivers/USB/Class/Device/PrinterClassDevice.o
PRNT_Device_ConfigureEndpoints                    ../lufa-LUFA-140928/LUFA/Drivers/USB/Class/Device/PrinterClassDevice.o
PRNT_Device_CreateBlockingStream                  ../lufa-LUFA-140928/LUFA/Drivers/USB/Class/Device/PrinterClassDevice.o
PRNT_Device_CreateStream                          ../lufa-LUFA-140928/LUFA/Drivers/USB/Class/Device/PrinterClassDevice.o
PRNT_Device_Event_Stub                            ../lufa-LUFA-140928/LUFA/Drivers/USB/Class/Device/PrinterClassDevice.o
PRNT_Device_Flush                                 ../lufa-LUFA-140928/LUFA/Drivers/USB/Class/Device/PrinterClassDevice.o
PRNT_Device_ProcessControlRequest                 ../lufa-LUFA-140928/LUFA/Drivers/USB/Class/Device/PrinterClassDevice.o
PRNT_Device_ReceiveByte                           ../lufa-LUFA-140928/LUFA/Drivers/USB/Class/Device/PrinterClassDevice.o
PRNT_Device_SendByte                              ../lufa-LUFA-140928/LUFA/Drivers/USB/Class/Device/PrinterClassDevice.o
PRNT_Device_SendData                              ../lufa-LUFA-140928/LUFA/Drivers/USB/Class/Device/PrinterClassDevice.o
PRNT_Device_SendString                            ../lufa-LUFA-140928/LUFA/Drivers/USB/Class/Device/PrinterClassDevice.o
PRNT_Device_USBTask                               ../lufa-LUFA-140928/LUFA/Drivers/USB/Class/Device/PrinterClassDevice.o
ProductString                                     Descriptors.o
RNDIS_Device_ConfigureEndpoints                   ../lufa-LUFA-140928/LUFA/Drivers/USB/Class/Device/RNDISClassDevice.o
RNDIS_Device_IsPacketReceived                     ../lufa-LUFA-140928/LUFA/Drivers/USB/Class/Device/RNDISClassDevice.o
RNDIS_Device_ProcessControlRequest                ../lufa-LUFA-140928/LUFA/Drivers/USB/Class/Device/RNDISClassDevice.o
RNDIS_Device_ReadPacket                           ../lufa-LUFA-140928/LUFA/Drivers/USB/Class/Device/RNDISClassDevice.o
RNDIS_Device_SendPacket                           ../lufa-LUFA-140928/LUFA/Drivers/USB/Class/Device/RNDISClassDevice.o
RNDIS_Device_USBTask                              ../lufa-LUFA-140928/LUFA/Drivers/USB/Class/Device/RNDISClassDevice.o
SetupHardware                                     VirtualSerial.o
USB_ControlRequest                                ../lufa-LUFA-140928/LUFA/Drivers/USB/Class/Device/RNDISClassDevice.o
                                                  ../lufa-LUFA-140928/LUFA/Drivers/USB/Class/Device/PrinterClassDevice.o
                                                  ../lufa-LUFA-140928/LUFA/Drivers/USB/Class/Device/MassStorageClassDevice.o
                                                  ../lufa-LUFA-140928/LUFA/Drivers/USB/Class/Device/HIDClassDevice.o
                                                  ../lufa-LUFA-140928/LUFA/Drivers/USB/Class/Device/CDCClassDevice.o
                                                  ../lufa-LUFA-140928/LUFA/Drivers/USB/Class/Device/AudioClassDevice.o
                                                  ../lufa-LUFA-140928/LUFA/Drivers/USB/Core/USBTask.o
                                                  ../lufa-LUFA-140928/LUFA/Drivers/USB/Core/DeviceStandardReq.o
                                                  ../lufa-LUFA-140928/LUFA/Drivers/USB/Core/AVR8/Endpoint_AVR8.o
                                                  ../lufa-LUFA-140928/LUFA/Drivers/USB/Core/AVR8/EndpointStream_AVR8.o
USB_DeviceState                                   ../lufa-LUFA-140928/LUFA/Drivers/USB/Class/Device/RNDISClassDevice.o
                                                  ../lufa-LUFA-140928/LUFA/Drivers/USB/Class/Device/PrinterClassDevice.o
                                                  ../lufa-LUFA-140928/LUFA/Drivers/USB/Class/Device/MIDIClassDevice.o
                                                  ../lufa-LUFA-140928/LUFA/Drivers/USB/Class/Device/MassStorageClassDevice.o
                                                  ../lufa-LUFA-140928/LUFA/Drivers/USB/Class/Device/HIDClassDevice.o
                                                  ../lufa-LUFA-140928/LUFA/Drivers/USB/Class/Device/CDCClassDevice.o
                                                  ../lufa-LUFA-140928/LUFA/Drivers/USB/Core/USBTask.o
                                                  ../lufa-LUFA-140928/LUFA/Drivers/USB/Core/DeviceStandardReq.o
                                                  ../lufa-LUFA-140928/LUFA/Drivers/USB/Core/AVR8/USBInterrupt_AVR8.o
                                                  ../lufa-LUFA-140928/LUFA/Drivers/USB/Core/AVR8/USBController_AVR8.o
                                                  ../lufa-LUFA-140928/LUFA/Drivers/USB/Core/AVR8/Endpoint_AVR8.o
                                                  ../lufa-LUFA-140928/LUFA/Drivers/USB/Core/AVR8/EndpointStream_AVR8.o
USB_Device_ConfigurationNumber                    ../lufa-LUFA-140928/LUFA/Drivers/USB/Core/DeviceStandardReq.o
                                                  ../lufa-LUFA-140928/LUFA/Drivers/USB/Core/AVR8/USBInterrupt_AVR8.o
                                                  ../lufa-LUFA-140928/LUFA/Drivers/USB/Core/AVR8/USBController_AVR8.o
USB_Device_CurrentlySelfPowered                   ../lufa-LUFA-140928/LUFA/Drivers/USB/Core/DeviceStandardReq.o
                                                  ../lufa-LUFA-140928/LUFA/Drivers/USB/Core/AVR8/USBController_AVR8.o
USB_Device_ProcessControlRequest                  ../lufa-LUFA-140928/LUFA/Drivers/USB/Core/DeviceStandardReq.o
                                                  ../lufa-LUFA-140928/LUFA/Drivers/USB/Core/USBTask.o
                                                  ../lufa-LUFA-140928/LUFA/Drivers/USB/Core/AVR8/USBInterrupt_AVR8.o
USB_Device_RemoteWakeupEnabled                    ../lufa-LUFA-140928/LUFA/Drivers/USB/Core/DeviceStandardReq.o
                                                  ../lufa-LUFA-140928/LUFA/Drivers/USB/Core/AVR8/USBController_AVR8.o
USB_Device_SendRemoteWakeup                       ../lufa-LUFA-140928/LUFA/Drivers/USB/Core/AVR8/Device_AVR8.o
USB_Disable                                       ../lufa-LUFA-140928/LUFA/Drivers/USB/Core/AVR8/USBController_AVR8.o
USB_Event_Stub                                    ../lufa-LUFA-140928/LUFA/Drivers/USB/Core/Events.o
USB_GetHIDReportItemInfo                          ../lufa-LUFA-140928/LUFA/Drivers/USB/Class/Common/HIDParser.o
USB_GetHIDReportSize                              ../lufa-LUFA-140928/LUFA/Drivers/USB/Class/Common/HIDParser.o
USB_GetNextDescriptorComp                         ../lufa-LUFA-140928/LUFA/Drivers/USB/Core/ConfigDescriptors.o
USB_GetNextDescriptorOfType                       ../lufa-LUFA-140928/LUFA/Drivers/USB/Core/ConfigDescriptors.o
USB_GetNextDescriptorOfTypeAfter                  ../lufa-LUFA-140928/LUFA/Drivers/USB/Core/ConfigDescriptors.o
USB_GetNextDescriptorOfTypeBefore                 ../lufa-LUFA-140928/LUFA/Drivers/USB/Core/ConfigDescriptors.o
USB_INT_ClearAllInterrupts                        ../lufa-LUFA-140928/LUFA/Drivers/USB/Core/AVR8/USBInterrupt_AVR8.o
                                                  ../lufa-LUFA-140928/LUFA/Drivers/USB/Core/AVR8/USBController_AVR8.o
USB_INT_DisableAllInterrupts                      ../lufa-LUFA-140928/LUFA/Drivers/USB/Core/AVR8/USBInterrupt_AVR8.o
                                                  ../lufa-LUFA-140928/LUFA/Drivers/USB/Core/AVR8/USBController_AVR8.o
USB_Init                                          ../lufa-LUFA-140928/LUFA/Drivers/USB/Core/AVR8/USBController_AVR8.o
                                                  VirtualSerial.o
USB_IsInitialized                                 ../lufa-LUFA-140928/LUFA/Drivers/USB/Core/USBTask.o
                                                  ../lufa-LUFA-140928/LUFA/Drivers/USB/Core/AVR8/USBController_AVR8.o
USB_ProcessHIDReport                              ../lufa-LUFA-140928/LUFA/Drivers/USB/Class/Common/HIDParser.o
USB_ResetInterface                                ../lufa-LUFA-140928/LUFA/Drivers/USB/Core/AVR8/USBController_AVR8.o
USB_SetHIDReportItemInfo                          ../lufa-LUFA-140928/LUFA/Drivers/USB/Class/Common/HIDParser.o
USB_USBTask                                       ../lufa-LUFA-140928/LUFA/Drivers/USB/Core/USBTask.o
                                                  ../lufa-LUFA-140928/LUFA/Drivers/USB/Class/Device/PrinterClassDevice.o
                                                  ../lufa-LUFA-140928/LUFA/Drivers/USB/Class/Device/CDCClassDevice.o
                                                  VirtualSerial.o
VirtualSerial_CDC_Interface                       VirtualSerial.o
__bad_interrupt                                   /usr/lib/gcc/avr/4.8.2/../../../../avr/lib/avr35/crtm8u2.o
__bss_end                                         /usr/lib/gcc/avr/4.8.2/avr35/libgcc.a(_clear_bss.o)
__bss_start                                       /usr/lib/gcc/avr/4.8.2/avr35/libgcc.a(_clear_bss.o)
__data_end                                        /usr/lib/gcc/avr/4.8.2/avr35/libgcc.a(_copy_data.o)
__data_load_start                                 /usr/lib/gcc/avr/4.8.2/avr35/libgcc.a(_copy_data.o)
__data_start                                      /usr/lib/gcc/avr/4.8.2/avr35/libgcc.a(_copy_data.o)
__do_clear_bss                                    /usr/lib/gcc/avr/4.8.2/avr35/libgcc.a(_clear_bss.o)
                                                  ../lufa-LUFA-140928/LUFA/Drivers/USB/Core/USBTask.o
                                                  ../lufa-LUFA-140928/LUFA/Drivers/USB/Core/DeviceStandardReq.o
                                                  VirtualSerial.o
__do_copy_data                                    /usr/lib/gcc/avr/4.8.2/avr35/libgcc.a(_copy_data.o)
                                                  ../lufa-LUFA-140928/LUFA/Drivers/USB/Class/Device/RNDISClassDevice.o
                                                  ../lufa-LUFA-140928/LUFA/Drivers/USB/Class/Device/CDCClassDevice.o
                                                  VirtualSerial.o
__eerd_byte_m8u2                                  /usr/lib/gcc/avr/4.8.2/../../../../avr/lib/avr35/libc.a(eerd_byte_atmega8u2.o)
                                                  ../lufa-LUFA-140928/LUFA/Drivers/USB/Core/AVR8/EndpointStream_AVR8.o
__eeupd_byte_m8u2                                 /usr/lib/gcc/avr/4.8.2/../../../../avr/lib/avr35/libc.a(eeupd_byte_atmega8u2.o)
                                                  ../lufa-LUFA-140928/LUFA/Drivers/USB/Core/AVR8/EndpointStream_AVR8.o
__eeupd_r18_m8u2                                  /usr/lib/gcc/avr/4.8.2/../../../../avr/lib/avr35/libc.a(eeupd_byte_atmega8u2.o)
__heap_end                                        /usr/lib/gcc/avr/4.8.2/../../../../avr/lib/avr35/crtm8u2.o
__init                                            /usr/lib/gcc/avr/4.8.2/../../../../avr/lib/avr35/crtm8u2.o
__mulhi3                                          /usr/lib/gcc/avr/4.8.2/avr35/libgcc.a(_mulhi3.o)
                                                  ../lufa-LUFA-140928/LUFA/Drivers/USB/Class/Common/HIDParser.o
__stack                                           /usr/lib/gcc/avr/4.8.2/../../../../avr/lib/avr35/crtm8u2.o
__vector_1                                        /usr/lib/gcc/avr/4.8.2/../../../../avr/lib/avr35/crtm8u2.o
__vector_10                                       /usr/lib/gcc/avr/4.8.2/../../../../avr/lib/avr35/crtm8u2.o
__vector_11                                       ../lufa-LUFA-140928/LUFA/Drivers/USB/Core/AVR8/USBInterrupt_AVR8.o
                                                  /usr/lib/gcc/avr/4.8.2/../../../../avr/lib/avr35/crtm8u2.o
__vector_12                                       ../lufa-LUFA-140928/LUFA/Drivers/USB/Core/AVR8/USBInterrupt_AVR8.o
                                                  /usr/lib/gcc/avr/4.8.2/../../../../avr/lib/avr35/crtm8u2.o
__vector_13                                       /usr/lib/gcc/avr/4.8.2/../../../../avr/lib/avr35/crtm8u2.o
__vector_14                                       /usr/lib/gcc/avr/4.8.2/../../../../avr/lib/avr35/crtm8u2.o
__vector_15                                       /usr/lib/gcc/avr/4.8.2/../../../../avr/lib/avr35/crtm8u2.o
__vector_16                                       /usr/lib/gcc/avr/4.8.2/../../../../avr/lib/avr35/crtm8u2.o
__vector_17                                       /usr/lib/gcc/avr/4.8.2/../../../../avr/lib/avr35/crtm8u2.o
__vector_18                                       /usr/lib/gcc/avr/4.8.2/../../../../avr/lib/avr35/crtm8u2.o
__vector_19                                       /usr/lib/gcc/avr/4.8.2/../../../../avr/lib/avr35/crtm8u2.o
__vector_2                                        /usr/lib/gcc/avr/4.8.2/../../../../avr/lib/avr35/crtm8u2.o
__vector_20                                       /usr/lib/gcc/avr/4.8.2/../../../../avr/lib/avr35/crtm8u2.o
__vector_21                                       /usr/lib/gcc/avr/4.8.2/../../../../avr/lib/avr35/crtm8u2.o
__vector_22                                       /usr/lib/gcc/avr/4.8.2/../../../../avr/lib/avr35/crtm8u2.o
__vector_23                                       /usr/lib/gcc/avr/4.8.2/../../../../avr/lib/avr35/crtm8u2.o
__vector_24                                       /usr/lib/gcc/avr/4.8.2/../../../../avr/lib/avr35/crtm8u2.o
__vector_25                                       /usr/lib/gcc/avr/4.8.2/../../../../avr/lib/avr35/crtm8u2.o
__vector_26                                       /usr/lib/gcc/avr/4.8.2/../../../../avr/lib/avr35/crtm8u2.o
__vector_27                                       /usr/lib/gcc/avr/4.8.2/../../../../avr/lib/avr35/crtm8u2.o
__vector_28                                       /usr/lib/gcc/avr/4.8.2/../../../../avr/lib/avr35/crtm8u2.o
__vector_3                                        /usr/lib/gcc/avr/4.8.2/../../../../avr/lib/avr35/crtm8u2.o
__vector_4                                        /usr/lib/gcc/avr/4.8.2/../../../../avr/lib/avr35/crtm8u2.o
__vector_5                                        /usr/lib/gcc/avr/4.8.2/../../../../avr/lib/avr35/crtm8u2.o
__vector_6                                        /usr/lib/gcc/avr/4.8.2/../../../../avr/lib/avr35/crtm8u2.o
__vector_7                                        /usr/lib/gcc/avr/4.8.2/../../../../avr/lib/avr35/crtm8u2.o
__vector_8                                        /usr/lib/gcc/avr/4.8.2/../../../../avr/lib/avr35/crtm8u2.o
__vector_9                                        /usr/lib/gcc/avr/4.8.2/../../../../avr/lib/avr35/crtm8u2.o
__vector_default                                  /usr/lib/gcc/avr/4.8.2/../../../../avr/lib/avr35/crtm8u2.o
__vectors                                         /usr/lib/gcc/avr/4.8.2/../../../../avr/lib/avr35/crtm8u2.o
_exit                                             /usr/lib/gcc/avr/4.8.2/avr35/libgcc.a(_exit.o)
exit                                              /usr/lib/gcc/avr/4.8.2/avr35/libgcc.a(_exit.o)
                                                  /usr/lib/gcc/avr/4.8.2/../../../../avr/lib/avr35/crtm8u2.o
main                                              VirtualSerial.o
                                                  /usr/lib/gcc/avr/4.8.2/../../../../avr/lib/avr35/crtm8u2.o
memcmp                                            /usr/lib/gcc/avr/4.8.2/../../../../avr/lib/avr35/libc.a(memcmp.o)
                                                  ../lufa-LUFA-140928/LUFA/Drivers/USB/Class/Device/HIDClassDevice.o
memcpy                                            /usr/lib/gcc/avr/4.8.2/../../../../avr/lib/avr35/libc.a(memcpy.o)
                                                  ../lufa-LUFA-140928/LUFA/Drivers/USB/Class/Device/RNDISClassDevice.o
                                                  ../lufa-LUFA-140928/LUFA/Drivers/USB/Class/Device/HIDClassDevice.o
memcpy_P                                          /usr/lib/gcc/avr/4.8.2/../../../../avr/lib/avr35/libc.a(memcpy_P.o)
                                                  ../lufa-LUFA-140928/LUFA/Drivers/USB/Class/Device/RNDISClassDevice.o
memset                                            /usr/lib/gcc/avr/4.8.2/../../../../avr/lib/avr35/libc.a(memset.o)
                                                  ../lufa-LUFA-140928/LUFA/Drivers/USB/Class/Device/HIDClassDevice.o
